Component: ARM Compiler 5.06 update 7 (build 960) Tool: armlink [4d3601]

==============================================================================

Section Cross References

    main.o(i.FindClosestIndex) refers to f2d.o(x$fpl$f2d) for __aeabi_f2d
    main.o(i.InitControlPin) refers to sysctl.o(i.SysCtlPeripheralEnable) for SysCtlPeripheralEnable
    main.o(i.InitControlPin) refers to sysctl.o(i.SysCtlPeripheralReady) for SysCtlPeripheralReady
    main.o(i.InitControlPin) refers to gpio.o(i.GPIOPinTypeGPIOOutput) for GPIOPinTypeGPIOOutput
    main.o(i.InitControlPin) refers to gpio.o(i.GPIOPinWrite) for GPIOPinWrite
    main.o(i.main) refers to ad9959.o(i.AD9959_Init) for AD9959_Init
    main.o(i.main) refers to tim.o(i.SysTick_Init) for SysTick_Init
    main.o(i.main) refers to tim.o(i.delay_ms) for delay_ms
    main.o(i.main) refers to adc.o(i.ADC_Init) for ADC_Init
    main.o(i.main) refers to main.o(i.InitControlPin) for InitControlPin
    main.o(i.main) refers to pga113.o(i.PGA113_GPIOInit) for PGA113_GPIOInit
    main.o(i.main) refers to ad9959.o(i.AD9959_Set_Fre) for AD9959_Set_Fre
    main.o(i.main) refers to ad9959.o(i.AD9959_Set_Amp) for AD9959_Set_Amp
    main.o(i.main) refers to ad9959.o(i.IO_Update) for IO_Update
    main.o(i.main) refers to gpio.o(i.GPIOPinWrite) for GPIOPinWrite
    main.o(i.main) refers to adc.o(i.Start_ADC_Sampling) for Start_ADC_Sampling
    main.o(i.main) refers to main.o(i.GetMaxValue) for GetMaxValue
    main.o(i.main) refers to sysctl.o(i.SysCtlClockGet) for SysCtlClockGet
    main.o(i.main) refers to sysctl.o(.emb_text) for SysCtlDelay
    main.o(i.main) refers to main.o(.data) for i
    main.o(i.main) refers to adc.o(.data) for adc_data_ready
    main.o(i.main) refers to adc.o(.bss) for v0_buffer
    main.o(i.main) refers to main.o(.bss) for V1_list
    adc.o(i.ADC0SS2_Handler) refers to adc_1.o(i.ADCIntClear) for ADCIntClear
    adc.o(i.ADC0SS2_Handler) refers to adc_1.o(i.ADCSequenceDataGet) for ADCSequenceDataGet
    adc.o(i.ADC0SS2_Handler) refers to timer.o(i.TimerDisable) for TimerDisable
    adc.o(i.ADC0SS2_Handler) refers to adc.o(.data) for adc_data_ready
    adc.o(i.ADC0SS2_Handler) refers to adc.o(.bss) for v0_buffer
    adc.o(i.ADC_Init) refers to sysctl.o(i.SysCtlPeripheralEnable) for SysCtlPeripheralEnable
    adc.o(i.ADC_Init) refers to sysctl.o(.emb_text) for SysCtlDelay
    adc.o(i.ADC_Init) refers to gpio.o(i.GPIOPinTypeADC) for GPIOPinTypeADC
    adc.o(i.ADC_Init) refers to timer.o(i.TimerConfigure) for TimerConfigure
    adc.o(i.ADC_Init) refers to sysctl.o(i.SysCtlClockGet) for SysCtlClockGet
    adc.o(i.ADC_Init) refers to timer.o(i.TimerLoadSet) for TimerLoadSet
    adc.o(i.ADC_Init) refers to timer.o(i.TimerControlTrigger) for TimerControlTrigger
    adc.o(i.ADC_Init) refers to adc_1.o(i.ADCSequenceDisable) for ADCSequenceDisable
    adc.o(i.ADC_Init) refers to adc_1.o(i.ADCSequenceConfigure) for ADCSequenceConfigure
    adc.o(i.ADC_Init) refers to adc_1.o(i.ADCSequenceStepConfigure) for ADCSequenceStepConfigure
    adc.o(i.ADC_Init) refers to adc_1.o(i.ADCSequenceEnable) for ADCSequenceEnable
    adc.o(i.ADC_Init) refers to adc_1.o(i.ADCIntClear) for ADCIntClear
    adc.o(i.ADC_Init) refers to adc_1.o(i.ADCIntEnable) for ADCIntEnable
    adc.o(i.ADC_Init) refers to interrupt.o(i.IntEnable) for IntEnable
    adc.o(i.ADC_Init) refers to interrupt.o(i.IntMasterEnable) for IntMasterEnable
    adc.o(i.Start_ADC_Sampling) refers to timer.o(i.TimerEnable) for TimerEnable
    adc.o(i.Start_ADC_Sampling) refers to adc.o(.data) for sample_count0
    tim.o(i.SysTick_Handler) refers to tim.o(.data) for g_msTicks
    tim.o(i.SysTick_Init) refers to sysctl.o(i.SysCtlClockSet) for SysCtlClockSet
    tim.o(i.SysTick_Init) refers to sysctl.o(i.SysCtlClockGet) for SysCtlClockGet
    tim.o(i.SysTick_Init) refers to systick.o(i.SysTickPeriodSet) for SysTickPeriodSet
    tim.o(i.SysTick_Init) refers to systick.o(i.SysTickIntEnable) for SysTickIntEnable
    tim.o(i.SysTick_Init) refers to systick.o(i.SysTickEnable) for SysTickEnable
    tim.o(i.delay_ms) refers to tim.o(.data) for g_msTicks
    tim.o(i.delay_us) refers to sysctl.o(i.SysCtlClockGet) for SysCtlClockGet
    tim.o(i.delay_us) refers to sysctl.o(.emb_text) for SysCtlDelay
    adc_1.o(i.ADCIntRegister) refers to adc_1.o(i._ADCIntNumberGet) for _ADCIntNumberGet
    adc_1.o(i.ADCIntRegister) refers to interrupt.o(i.IntRegister) for IntRegister
    adc_1.o(i.ADCIntRegister) refers to interrupt.o(i.IntEnable) for IntEnable
    adc_1.o(i.ADCIntUnregister) refers to adc_1.o(i._ADCIntNumberGet) for _ADCIntNumberGet
    adc_1.o(i.ADCIntUnregister) refers to interrupt.o(i.IntDisable) for IntDisable
    adc_1.o(i.ADCIntUnregister) refers to interrupt.o(i.IntUnregister) for IntUnregister
    adc_1.o(i.ADCSoftwareOversampleConfigure) refers to adc_1.o(.data) for g_pui8OversampleFactor
    adc_1.o(i.ADCSoftwareOversampleDataGet) refers to adc_1.o(.data) for g_pui8OversampleFactor
[...]
    Removing transformfunctions.o(i.arm_radix2_butterfly_inverse_q31), (1076 bytes).
    Removing transformfunctions.o(i.arm_radix2_butterfly_q15), (1628 bytes).
    Removing transformfunctions.o(i.arm_radix2_butterfly_q31), (1102 bytes).
    Removing transformfunctions.o(i.arm_radix4_butterfly_f32), (666 bytes).
    Removing transformfunctions.o(i.arm_radix4_butterfly_f64), (1202 bytes).
    Removing transformfunctions.o(i.arm_radix4_butterfly_inverse_f32), (1140 bytes).
    Removing transformfunctions.o(i.arm_radix4_butterfly_inverse_q15), (1768 bytes).
    Removing transformfunctions.o(i.arm_radix4_butterfly_inverse_q31), (1912 bytes).
    Removing transformfunctions.o(i.arm_radix4_butterfly_q15), (1768 bytes).
    Removing transformfunctions.o(i.arm_radix4_butterfly_q31), (1912 bytes).
    Removing transformfunctions.o(i.arm_radix8_butterfly_f32), (2824 bytes).
    Removing transformfunctions.o(i.arm_rfft_f32), (124 bytes).
    Removing transformfunctions.o(i.arm_rfft_fast_f32), (66 bytes).
    Removing transformfunctions.o(i.arm_rfft_fast_f64), (76 bytes).
    Removing transformfunctions.o(i.arm_rfft_fast_init_1024_f32), (44 bytes).
    Removing transformfunctions.o(i.arm_rfft_fast_init_1024_f64), (56 bytes).
    Removing transformfunctions.o(i.arm_rfft_fast_init_128_f32), (44 bytes).
    Removing transformfunctions.o(i.arm_rfft_fast_init_128_f64), (52 bytes).
    Removing transformfunctions.o(i.arm_rfft_fast_init_2048_f32), (44 bytes).
    Removing transformfunctions.o(i.arm_rfft_fast_init_2048_f64), (56 bytes).
    Removing transformfunctions.o(i.arm_rfft_fast_init_256_f32), (44 bytes).
    Removing transformfunctions.o(i.arm_rfft_fast_init_256_f64), (52 bytes).
    Removing transformfunctions.o(i.arm_rfft_fast_init_32_f32), (44 bytes).
    Removing transformfunctions.o(i.arm_rfft_fast_init_32_f64), (52 bytes).
    Removing transformfunctions.o(i.arm_rfft_fast_init_4096_f32), (44 bytes).
    Removing transformfunctions.o(i.arm_rfft_fast_init_4096_f64), (56 bytes).
    Removing transformfunctions.o(i.arm_rfft_fast_init_512_f32), (44 bytes).
    Removing transformfunctions.o(i.arm_rfft_fast_init_512_f64), (56 bytes).
    Removing transformfunctions.o(i.arm_rfft_fast_init_64_f32), (44 bytes).
    Removing transformfunctions.o(i.arm_rfft_fast_init_64_f64), (52 bytes).
    Removing transformfunctions.o(i.arm_rfft_fast_init_f32), (144 bytes).
    Removing transformfunctions.o(i.arm_rfft_fast_init_f64), (144 bytes).
    Removing transformfunctions.o(i.arm_rfft_init_1024_q15), (44 bytes).
    Removing transformfunctions.o(i.arm_rfft_init_1024_q31), (44 bytes).
    Removing transformfunctions.o(i.arm_rfft_init_128_q15), (44 bytes).
    Removing transformfunctions.o(i.arm_rfft_init_128_q31), (44 bytes).
    Removing transformfunctions.o(i.arm_rfft_init_2048_q15), (44 bytes).
    Removing transformfunctions.o(i.arm_rfft_init_2048_q31), (44 bytes).
    Removing transformfunctions.o(i.arm_rfft_init_256_q15), (44 bytes).
    Removing transformfunctions.o(i.arm_rfft_init_256_q31), (44 bytes).
    Removing transformfunctions.o(i.arm_rfft_init_32_q15), (44 bytes).
    Removing transformfunctions.o(i.arm_rfft_init_32_q31), (44 bytes).
    Removing transformfunctions.o(i.arm_rfft_init_4096_q15), (44 bytes).
    Removing transformfunctions.o(i.arm_rfft_init_4096_q31), (44 bytes).
    Removing transformfunctions.o(i.arm_rfft_init_512_q15), (44 bytes).
    Removing transformfunctions.o(i.arm_rfft_init_512_q31), (44 bytes).
    Removing transformfunctions.o(i.arm_rfft_init_64_q15), (44 bytes).
    Removing transformfunctions.o(i.arm_rfft_init_64_q31), (44 bytes).
    Removing transformfunctions.o(i.arm_rfft_init_8192_q15), (44 bytes).
    Removing transformfunctions.o(i.arm_rfft_init_8192_q31), (44 bytes).
    Removing transformfunctions.o(i.arm_rfft_init_f32), (152 bytes).
    Removing transformfunctions.o(i.arm_rfft_init_q15), (208 bytes).
    Removing transformfunctions.o(i.arm_rfft_init_q31), (208 bytes).
    Removing transformfunctions.o(i.arm_rfft_q15), (102 bytes).
    Removing transformfunctions.o(i.arm_rfft_q31), (102 bytes).
    Removing transformfunctions.o(i.arm_split_rfft_f32), (312 bytes).
    Removing transformfunctions.o(i.arm_split_rfft_q15), (446 bytes).
    Removing transformfunctions.o(i.arm_split_rfft_q31), (518 bytes).
    Removing transformfunctions.o(i.arm_split_rifft_f32), (200 bytes).
    Removing transformfunctions.o(i.arm_split_rifft_q15), (272 bytes).
    Removing transformfunctions.o(i.arm_split_rifft_q31), (318 bytes).
    Removing transformfunctions.o(i.merge_rfft_f32), (188 bytes).
    Removing transformfunctions.o(i.merge_rfft_f64), (536 bytes).
    Removing transformfunctions.o(i.stage_rfft_f32), (258 bytes).
    Removing transformfunctions.o(i.stage_rfft_f64), (612 bytes).
    Removing transformfunctionsf16.o(.rev16_text), (4 bytes).
    Removing transformfunctionsf16.o(.revsh_text), (4 bytes).
    Removing transformfunctionsf16.o(.rrx_text), (6 bytes).
    Removing system_tm4c123.o(.rev16_text), (4 bytes).
    Removing system_tm4c123.o(.revsh_text), (4 bytes).
    Removing system_tm4c123.o(.rrx_text), (6 bytes).
    Removing system_tm4c123.o(i.SystemCoreClockUpdate), (196 bytes).
    Removing system_tm4c123.o(i.getOscClk), (244 bytes).
    Removing system_tm4c123.o(.data), (4 bytes).
    Removing epi.o(i.EPIWorkaroundWordWrite), (12 bytes).
    Removing epi.o(i.EPIWorkaroundWordRead), (14 bytes).
    Removing epi.o(i.EPIWorkaroundHWordWrite), (12 bytes).
    Removing epi.o(i.EPIWorkaroundHWordRead), (14 bytes).
    Removing epi.o(i.EPIWorkaroundByteWrite), (12 bytes).
    Removing epi.o(i.EPIWorkaroundByteRead), (14 bytes).

1655 unused section(s) (total 1094385 bytes) removed from the image.

==============================================================================

Image Symbol Table

    Local Symbols

    Symbol Name                              Value     Ov Type        Size  Object(Section)

    RESET                                    0x00000000   Section      620  startup_tm4c123.o(RESET)
    ../clib/angel/boardlib.s                 0x00000000   Number         0  boardshut.o ABSOLUTE
    ../clib/angel/boardlib.s                 0x00000000   Number         0  boardinit1.o ABSOLUTE
    ../clib/angel/boardlib.s                 0x00000000   Number         0  boardinit2.o ABSOLUTE
    ../clib/angel/boardlib.s                 0x00000000   Number         0  boardinit3.o ABSOLUTE
    ../clib/angel/handlers.s                 0x00000000   Number         0  __scatter_zi.o ABSOLUTE
    ../clib/angel/handlers.s                 0x00000000   Number         0  __scatter_copy.o ABSOLUTE
    ../clib/angel/kernel.s                   0x00000000   Number         0  rtexit.o ABSOLUTE
    ../clib/angel/kernel.s                   0x00000000   Number         0  rtexit2.o ABSOLUTE
    ../clib/angel/kernel.s                   0x00000000   Number         0  __rtentry2.o ABSOLUTE
    ../clib/angel/kernel.s                   0x00000000   Number         0  __rtentry.o ABSOLUTE
    ../clib/angel/kernel.s                   0x00000000   Number         0  __rtentry4.o ABSOLUTE
    ../clib/angel/rt.s                       0x00000000   Number         0  rt_div0.o ABSOLUTE
    ../clib/angel/rt.s                       0x00000000   Number         0  aeabi_ldiv0.o ABSOLUTE
    ../clib/angel/rt.s                       0x00000000   Number         0  aeabi_ldiv0_sigfpe.o ABSOLUTE
    ../clib/angel/rt.s                       0x00000000   Number         0  rt_raise.o ABSOLUTE
    ../clib/angel/rt.s                       0x00000000   Number         0  rt_errno_addr_intlibspace.o ABSOLUTE
    ../clib/angel/rt.s                       0x00000000   Number         0  rt_errno_addr.o ABSOLUTE
    ../clib/angel/scatter.s                  0x00000000   Number         0  __scatter.o ABSOLUTE
    ../clib/angel/startup.s                  0x00000000   Number         0  __main.o ABSOLUTE
    ../clib/angel/sys.s                      0x00000000   Number         0  indicate_semi.o ABSOLUTE
    ../clib/angel/sys.s                      0x00000000   Number         0  libspace.o ABSOLUTE
    ../clib/angel/sys.s                      0x00000000   Number         0  sys_stackheap_outer.o ABSOLUTE
    ../clib/angel/sys.s                      0x00000000   Number         0  use_no_semi.o ABSOLUTE
    ../clib/angel/sysapp.c                   0x00000000   Number         0  sys_exit.o ABSOLUTE
    ../clib/angel/sysapp.c                   0x00000000   Number         0  sys_wrch.o ABSOLUTE
    ../clib/angel/sysapp.c                   0x00000000   Number         0  sys_command.o ABSOLUTE
    ../clib/armsys.c                         0x00000000   Number         0  argv_veneer.o ABSOLUTE
    ../clib/armsys.c                         0x00000000   Number         0  argv_veneer.o ABSOLUTE
    ../clib/armsys.c                         0x00000000   Number         0  _get_argv_nomalloc.o ABSOLUTE
    ../clib/armsys.c                         0x00000000   Number         0  no_argv.o ABSOLUTE
    ../clib/fenv.c                           0x00000000   Number         0  _rserrno.o ABSOLUTE
    ../clib/heapalloc.c                      0x00000000   Number         0  hrguard.o ABSOLUTE
    ../clib/heapaux.c                        0x00000000   Number         0  heapauxi.o ABSOLUTE
    ../clib/libinit.s                        0x00000000   Number         0  libshutdown2.o ABSOLUTE
    ../clib/libinit.s                        0x00000000   Number         0  libinit.o ABSOLUTE
    ../clib/libinit.s                        0x00000000   Number         0  libinit2.o ABSOLUTE
    ../clib/libinit.s                        0x00000000   Number         0  libshutdown.o ABSOLUTE
    ../clib/longlong.s                       0x00000000   Number         0  llshl.o ABSOLUTE
    ../clib/longlong.s                       0x00000000   Number         0  lludivv7m.o ABSOLUTE
    ../clib/longlong.s                       0x00000000   Number         0  llsdiv.o ABSOLUTE
    ../clib/longlong.s                       0x00000000   Number         0  llsshr.o ABSOLUTE
    ../clib/memcpset.s                       0x00000000   Number         0  rt_memcpy_w.o ABSOLUTE
    ../clib/memcpset.s                       0x00000000   Number         0  rt_memclr.o ABSOLUTE
    ../clib/memcpset.s                       0x00000000   Number         0  rt_memclr_w.o ABSOLUTE
    ../clib/signal.c                         0x00000000   Number         0  defsig_segv_inner.o ABSOLUTE
    ../clib/signal.c                         0x00000000   Number         0  defsig_cppl_inner.o ABSOLUTE
    ../clib/signal.c                         0x00000000   Number         0  defsig_pvfn_inner.o ABSOLUTE
    ../clib/signal.c                         0x00000000   Number         0  defsig_stak_inner.o ABSOLUTE
    ../clib/signal.c                         0x00000000   Number         0  defsig_rtmem_formal.o ABSOLUTE
    ../clib/signal.c                         0x00000000   Number         0  defsig_rtmem_inner.o ABSOLUTE
    ../clib/signal.c                         0x00000000   Number         0  defsig_rtred_inner.o ABSOLUTE
    ../clib/signal.c                         0x00000000   Number         0  defsig_abrt_inner.o ABSOLUTE
    ../clib/signal.c                         0x00000000   Number         0  __raise.o ABSOLUTE
    ../clib/signal.c                         0x00000000   Number         0  defsig_general.o ABSOLUTE
    ../clib/signal.c                         0x00000000   Number         0  defsig_fpe_inner.o ABSOLUTE
    ../clib/signal.c                         0x00000000   Number         0  defsig_exit.o ABSOLUTE
    ../clib/signal.c                         0x00000000   Number         0  defsig_fpe_formal.o ABSOLUTE
    ../clib/signal.c                         0x00000000   Number         0  defsig_fpe_outer.o ABSOLUTE
    ../clib/signal.c                         0x00000000   Number         0  defsig_rtmem_outer.o ABSOLUTE
    ../clib/signal.c                         0x00000000   Number         0  defsig_other.o ABSOLUTE
    ../clib/signal.s                         0x00000000   Number         0  defsig.o ABSOLUTE
    ../clib/stdlib.c                         0x00000000   Number         0  exit.o ABSOLUTE
    ../fplib/basic.s                         0x00000000   Number         0  basic.o ABSOLUTE
    ../fplib/d2f.s                           0x00000000   Number         0  d2f.o ABSOLUTE
    ../fplib/daddsub.s                       0x00000000   Number         0  daddsub_clz.o ABSOLUTE
    ../fplib/dcmpi.s                         0x00000000   Number         0  dcmpi.o ABSOLUTE
    ../fplib/ddiv.s                          0x00000000   Number         0  ddiv.o ABSOLUTE
    ../fplib/deqf.s                          0x00000000   Number         0  deqf.o ABSOLUTE
    ../fplib/dfix.s                          0x00000000   Number         0  dfix.o ABSOLUTE
    ../fplib/dfixll.s                        0x00000000   Number         0  dfixll.o ABSOLUTE
    ../fplib/dfixu.s                         0x00000000   Number         0  dfixu.o ABSOLUTE
    ../fplib/dflt.s                          0x00000000   Number         0  dflt_clz.o ABSOLUTE
    ../fplib/dleqf.s                         0x00000000   Number         0  dleqf.o ABSOLUTE
    ../fplib/dmul.s                          0x00000000   Number         0  dmul.o ABSOLUTE
    ../fplib/dnaninf.s                       0x00000000   Number         0  dnaninf.o ABSOLUTE
    ../fplib/dretinf.s                       0x00000000   Number         0  dretinf.o ABSOLUTE
    ../fplib/drleqf.s                        0x00000000   Number         0  drleqf.o ABSOLUTE
    ../fplib/dsqrt.s                         0x00000000   Number         0  dsqrt_umaal.o ABSOLUTE
    ../fplib/f2d.s                           0x00000000   Number         0  f2d.o ABSOLUTE
    ../fplib/ffixll.s                        0x00000000   Number         0  ffixll.o ABSOLUTE
    ../fplib/fnaninf.s                       0x00000000   Number         0  fnaninf.o ABSOLUTE
    ../fplib/fpinit.s                        0x00000000   Number         0  fpinit.o ABSOLUTE
    ../fplib/fretinf.s                       0x00000000   Number         0  fretinf.o ABSOLUTE
    ../fplib/istatus.s                       0x00000000   Number         0  istatus.o ABSOLUTE
    ../fplib/usenofp.s                       0x00000000   Number         0  usenofp.o ABSOLUTE
    ../mathlib/dunder.c                      0x00000000   Number         0  dunder.o ABSOLUTE
    ../mathlib/exp.c                         0x00000000   Number         0  exp_x.o ABSOLUTE
    ../mathlib/exp.c                         0x00000000   Number         0  exp.o ABSOLUTE
    ../mathlib/expf.c                        0x00000000   Number         0  expf.o ABSOLUTE
    ../mathlib/expf.c                        0x00000000   Number         0  expf_x.o ABSOLUTE
    ../mathlib/fabs.c                        0x00000000   Number         0  fabs.o ABSOLUTE
    ../mathlib/fabsf.c                       0x00000000   Number         0  fabsfc99.o ABSOLUTE
    ../mathlib/fpclassify.c                  0x00000000   Number         0  fpclassify.o ABSOLUTE
    ../mathlib/fpclassifyf.c                 0x00000000   Number         0  fpclassifyf.o ABSOLUTE
    ../mathlib/funder.c                      0x00000000   Number         0  funder.o ABSOLUTE
    ../mathlib/log.c                         0x00000000   Number         0  log.o ABSOLUTE
    ../mathlib/log.c                         0x00000000   Number         0  log_x.o ABSOLUTE
    ../mathlib/logf.c                        0x00000000   Number         0  logf_x.o ABSOLUTE
    ../mathlib/logf.c                        0x00000000   Number         0  logf.o ABSOLUTE
    ../mathlib/poly.c                        0x00000000   Number         0  poly.o ABSOLUTE
    ../mathlib/powf.c                        0x00000000   Number         0  powf_x.o ABSOLUTE
    ../mathlib/powf.c                        0x00000000   Number         0  powf.o ABSOLUTE
    ../mathlib/qnan.c                        0x00000000   Number         0  qnan.o ABSOLUTE
    ../mathlib/sqrt.c                        0x00000000   Number         0  sqrt_x.o ABSOLUTE
    ../mathlib/sqrt.c                        0x00000000   Number         0  sqrt.o ABSOLUTE
    ../mathlib/sqrtf.c                       0x00000000   Number         0  sqrtf.o ABSOLUTE
    ../mathlib/sqrtf.c                       0x00000000   Number         0  sqrtf_x.o ABSOLUTE
    ../mathlib/tanhf.c                       0x00000000   Number         0  tanhf_x.o ABSOLUTE
    ../mathlib/tanhf.c                       0x00000000   Number         0  tanhf.o ABSOLUTE
    ADC.c                                    0x00000000   Number         0  adc.o ABSOLUTE
    D:/Keil5/Pack/ARM/CMSIS-DSP/1.15.0/Source/BasicMathFunctions/BasicMathFunctions.c 0x00000000   Number         0  basicmathfunctions.o ABSOLUTE
    D:/Keil5/Pack/ARM/CMSIS-DSP/1.15.0/Source/BasicMathFunctions/BasicMathFunctionsF16.c 0x00000000   Number         0  basicmathfunctionsf16.o ABSOLUTE
    D:/Keil5/Pack/ARM/CMSIS-DSP/1.15.0/Source/BayesFunctions/BayesFunctions.c 0x00000000   Number         0  bayesfunctions.o ABSOLUTE
    D:/Keil5/Pack/ARM/CMSIS-DSP/1.15.0/Source/BayesFunctions/BayesFunctionsF16.c 0x00000000   Number         0  bayesfunctionsf16.o ABSOLUTE
    D:/Keil5/Pack/ARM/CMSIS-DSP/1.15.0/Source/CommonTables/CommonTables.c 0x00000000   Number         0  commontables.o ABSOLUTE
    D:/Keil5/Pack/ARM/CMSIS-DSP/1.15.0/Source/CommonTables/CommonTablesF16.c 0x00000000   Number         0  commontablesf16.o ABSOLUTE
    D:/Keil5/Pack/ARM/CMSIS-DSP/1.15.0/Source/ComplexMathFunctions/ComplexMathFunctions.c 0x00000000   Number         0  complexmathfunctions.o ABSOLUTE
    D:/Keil5/Pack/ARM/CMSIS-DSP/1.15.0/Source/ComplexMathFunctions/ComplexMathFunctionsF16.c 0x00000000   Number         0  complexmathfunctionsf16.o ABSOLUTE
    D:/Keil5/Pack/ARM/CMSIS-DSP/1.15.0/Source/ControllerFunctions/ControllerFunctions.c 0x00000000   Number         0  controllerfunctions.o ABSOLUTE
    D:/Keil5/Pack/ARM/CMSIS-DSP/1.15.0/Source/DistanceFunctions/DistanceFunctions.c 0x00000000   Number         0  distancefunctions.o ABSOLUTE
    D:/Keil5/Pack/ARM/CMSIS-DSP/1.15.0/Source/DistanceFunctions/DistanceFunctionsF16.c 0x00000000   Number         0  distancefunctionsf16.o ABSOLUTE
    D:/Keil5/Pack/ARM/CMSIS-DSP/1.15.0/Source/FastMathFunctions/FastMathFunctions.c 0x00000000   Number         0  fastmathfunctions.o ABSOLUTE
    D:/Keil5/Pack/ARM/CMSIS-DSP/1.15.0/Source/FastMathFunctions/FastMathFunctionsF16.c 0x00000000   Number         0  fastmathfunctionsf16.o ABSOLUTE
    D:/Keil5/Pack/ARM/CMSIS-DSP/1.15.0/Source/FilteringFunctions/FilteringFunctions.c 0x00000000   Number         0  filteringfunctions.o ABSOLUTE
    D:/Keil5/Pack/ARM/CMSIS-DSP/1.15.0/Source/FilteringFunctions/FilteringFunctionsF16.c 0x00000000   Number         0  filteringfunctionsf16.o ABSOLUTE
    D:/Keil5/Pack/ARM/CMSIS-DSP/1.15.0/Source/InterpolationFunctions/InterpolationFunctions.c 0x00000000   Number         0  interpolationfunctions.o ABSOLUTE
    D:/Keil5/Pack/ARM/CMSIS-DSP/1.15.0/Source/InterpolationFunctions/InterpolationFunctionsF16.c 0x00000000   Number         0  interpolationfunctionsf16.o ABSOLUTE
    D:/Keil5/Pack/ARM/CMSIS-DSP/1.15.0/Source/MatrixFunctions/MatrixFunctions.c 0x00000000   Number         0  matrixfunctions.o ABSOLUTE
    D:/Keil5/Pack/ARM/CMSIS-DSP/1.15.0/Source/MatrixFunctions/MatrixFunctionsF16.c 0x00000000   Number         0  matrixfunctionsf16.o ABSOLUTE
    D:/Keil5/Pack/ARM/CMSIS-DSP/1.15.0/Source/QuaternionMathFunctions/QuaternionMathFunctions.c 0x00000000   Number         0  quaternionmathfunctions.o ABSOLUTE
    D:/Keil5/Pack/ARM/CMSIS-DSP/1.15.0/Source/SVMFunctions/SVMFunctions.c 0x00000000   Number         0  svmfunctions.o ABSOLUTE
    D:/Keil5/Pack/ARM/CMSIS-DSP/1.15.0/Source/SVMFunctions/SVMFunctionsF16.c 0x00000000   Number         0  svmfunctionsf16.o ABSOLUTE
    D:/Keil5/Pack/ARM/CMSIS-DSP/1.15.0/Source/StatisticsFunctions/StatisticsFunctions.c 0x00000000   Number         0  statisticsfunctions.o ABSOLUTE
    D:/Keil5/Pack/ARM/CMSIS-DSP/1.15.0/Source/StatisticsFunctions/StatisticsFunctionsF16.c 0x00000000   Number         0  statisticsfunctionsf16.o ABSOLUTE
    D:/Keil5/Pack/ARM/CMSIS-DSP/1.15.0/Source/SupportFunctions/SupportFunctions.c 0x00000000   Number         0  supportfunctions.o ABSOLUTE
    D:/Keil5/Pack/ARM/CMSIS-DSP/1.15.0/Source/SupportFunctions/SupportFunctionsF16.c 0x00000000   Number         0  supportfunctionsf16.o ABSOLUTE
    D:/Keil5/Pack/ARM/CMSIS-DSP/1.15.0/Source/TransformFunctions/TransformFunctions.c 0x00000000   Number         0  transformfunctions.o ABSOLUTE
    D:/Keil5/Pack/ARM/CMSIS-DSP/1.15.0/Source/TransformFunctions/TransformFunctionsF16.c 0x00000000   Number         0  transformfunctionsf16.o ABSOLUTE
    D:\Keil5\Pack\ARM\CMSIS-DSP\1.15.0\Source\BasicMathFunctions\BasicMathFunctions.c 0x00000000   Number         0  basicmathfunctions.o ABSOLUTE
    D:\Keil5\Pack\ARM\CMSIS-DSP\1.15.0\Source\BasicMathFunctions\BasicMathFunctionsF16.c 0x00000000   Number         0  basicmathfunctionsf16.o ABSOLUTE
    D:\Keil5\Pack\ARM\CMSIS-DSP\1.15.0\Source\BayesFunctions\BayesFunctions.c 0x00000000   Number         0  bayesfunctions.o ABSOLUTE
    D:\Keil5\Pack\ARM\CMSIS-DSP\1.15.0\Source\BayesFunctions\BayesFunctionsF16.c 0x00000000   Number         0  bayesfunctionsf16.o ABSOLUTE
    D:\Keil5\Pack\ARM\CMSIS-DSP\1.15.0\Source\CommonTables\CommonTables.c 0x00000000   Number         0  commontables.o ABSOLUTE
    D:\Keil5\Pack\ARM\CMSIS-DSP\1.15.0\Source\CommonTables\CommonTablesF16.c 0x00000000   Number         0  commontablesf16.o ABSOLUTE
    D:\Keil5\Pack\ARM\CMSIS-DSP\1.15.0\Source\ComplexMathFunctions\ComplexMathFunctions.c 0x00000000   Number         0  complexmathfunctions.o ABSOLUTE
    D:\Keil5\Pack\ARM\CMSIS-DSP\1.15.0\Source\ComplexMathFunctions\ComplexMathFunctionsF16.c 0x00000000   Number         0  complexmathfunctionsf16.o ABSOLUTE
    D:\Keil5\Pack\ARM\CMSIS-DSP\1.15.0\Source\ControllerFunctions\ControllerFunctions.c 0x00000000   Number         0  controllerfunctions.o ABSOLUTE
    D:\Keil5\Pack\ARM\CMSIS-DSP\1.15.0\Source\DistanceFunctions\DistanceFunctions.c 0x00000000   Number         0  distancefunctions.o ABSOLUTE
    D:\Keil5\Pack\ARM\CMSIS-DSP\1.15.0\Source\DistanceFunctions\DistanceFunctionsF16.c 0x00000000   Number         0  distancefunctionsf16.o ABSOLUTE
    D:\Keil5\Pack\ARM\CMSIS-DSP\1.15.0\Source\FastMathFunctions\FastMathFunctions.c 0x00000000   Number         0  fastmathfunctions.o ABSOLUTE
    D:\Keil5\Pack\ARM\CMSIS-DSP\1.15.0\Source\FastMathFunctions\FastMathFunctionsF16.c 0x00000000   Number         0  fastmathfunctionsf16.o ABSOLUTE
    D:\Keil5\Pack\ARM\CMSIS-DSP\1.15.0\Source\FilteringFunctions\FilteringFunctions.c 0x00000000   Number         0  filteringfunctions.o ABSOLUTE
    D:\Keil5\Pack\ARM\CMSIS-DSP\1.15.0\Source\FilteringFunctions\FilteringFunctionsF16.c 0x00000000   Number         0  filteringfunctionsf16.o ABSOLUTE
    D:\Keil5\Pack\ARM\CMSIS-DSP\1.15.0\Source\InterpolationFunctions\InterpolationFunctions.c 0x00000000   Number         0  interpolationfunctions.o ABSOLUTE
    D:\Keil5\Pack\ARM\CMSIS-DSP\1.15.0\Source\InterpolationFunctions\InterpolationFunctionsF16.c 0x00000000   Number         0  interpolationfunctionsf16.o ABSOLUTE
    D:\Keil5\Pack\ARM\CMSIS-DSP\1.15.0\Source\MatrixFunctions\MatrixFunctions.c 0x00000000   Number         0  matrixfunctions.o ABSOLUTE
    D:\Keil5\Pack\ARM\CMSIS-DSP\1.15.0\Source\MatrixFunctions\MatrixFunctionsF16.c 0x00000000   Number         0  matrixfunctionsf16.o ABSOLUTE
    D:\Keil5\Pack\ARM\CMSIS-DSP\1.15.0\Source\QuaternionMathFunctions\QuaternionMathFunctions.c 0x00000000   Number         0  quaternionmathfunctions.o ABSOLUTE
    D:\Keil5\Pack\ARM\CMSIS-DSP\1.15.0\Source\SVMFunctions\SVMFunctions.c 0x00000000   Number         0  svmfunctions.o ABSOLUTE
    D:\Keil5\Pack\ARM\CMSIS-DSP\1.15.0\Source\SVMFunctions\SVMFunctionsF16.c 0x00000000   Number         0  svmfunctionsf16.o ABSOLUTE
    D:\Keil5\Pack\ARM\CMSIS-DSP\1.15.0\Source\StatisticsFunctions\StatisticsFunctions.c 0x00000000   Number         0  statisticsfunctions.o ABSOLUTE
    D:\Keil5\Pack\ARM\CMSIS-DSP\1.15.0\Source\StatisticsFunctions\StatisticsFunctionsF16.c 0x00000000   Number         0  statisticsfunctionsf16.o ABSOLUTE
    D:\Keil5\Pack\ARM\CMSIS-DSP\1.15.0\Source\SupportFunctions\SupportFunctions.c 0x00000000   Number         0  supportfunctions.o ABSOLUTE
    D:\Keil5\Pack\ARM\CMSIS-DSP\1.15.0\Source\SupportFunctions\SupportFunctionsF16.c 0x00000000   Number         0  supportfunctionsf16.o ABSOLUTE
    D:\Keil5\Pack\ARM\CMSIS-DSP\1.15.0\Source\TransformFunctions\TransformFunctions.c 0x00000000   Number         0  transformfunctions.o ABSOLUTE
    D:\Keil5\Pack\ARM\CMSIS-DSP\1.15.0\Source\TransformFunctions\TransformFunctionsF16.c 0x00000000   Number         0  transformfunctionsf16.o ABSOLUTE
    Hardware\AD9959.c                        0x00000000   Number         0  ad9959.o ABSOLUTE
    Hardware\pga113.c                        0x00000000   Number         0  pga113.o ABSOLUTE
    RTE/Device/TM4C123GH6PM/startup_TM4C123.s 0x00000000   Number         0  startup_tm4c123.o ABSOLUTE
    RTE/Device/TM4C123GH6PM/system_TM4C123.c 0x00000000   Number         0  system_tm4c123.o ABSOLUTE
    RTE\Device\TM4C123GH6PM\system_TM4C123.c 0x00000000   Number         0  system_tm4c123.o ABSOLUTE
    dc.s                                     0x00000000   Number         0  dc.o ABSOLUTE
    driverlib\\cpu.c                         0x00000000   Number         0  cpu.o ABSOLUTE
    driverlib\\sysctl.c                      0x00000000   Number         0  sysctl.o ABSOLUTE
    driverlib\adc.c                          0x00000000   Number         0  adc_1.o ABSOLUTE
    driverlib\aes.c                          0x00000000   Number         0  aes.o ABSOLUTE
    driverlib\can.c                          0x00000000   Number         0  can.o ABSOLUTE
    driverlib\comp.c                         0x00000000   Number         0  comp.o ABSOLUTE
    driverlib\cpu.c                          0x00000000   Number         0  cpu.o ABSOLUTE
    driverlib\crc.c                          0x00000000   Number         0  crc.o ABSOLUTE
    driverlib\des.c                          0x00000000   Number         0  des.o ABSOLUTE
    driverlib\eeprom.c                       0x00000000   Number         0  eeprom.o ABSOLUTE
    driverlib\emac.c                         0x00000000   Number         0  emac.o ABSOLUTE
    driverlib\epi.c                          0x00000000   Number         0  epi.o ABSOLUTE
    driverlib\flash.c                        0x00000000   Number         0  flash.o ABSOLUTE
    driverlib\fpu.c                          0x00000000   Number         0  fpu.o ABSOLUTE
    driverlib\gpio.c                         0x00000000   Number         0  gpio.o ABSOLUTE
    driverlib\hibernate.c                    0x00000000   Number         0  hibernate.o ABSOLUTE
    driverlib\i2c.c                          0x00000000   Number         0  i2c.o ABSOLUTE
    driverlib\interrupt.c                    0x00000000   Number         0  interrupt.o ABSOLUTE
    driverlib\lcd.c                          0x00000000   Number         0  lcd.o ABSOLUTE
    driverlib\mpu.c                          0x00000000   Number         0  mpu.o ABSOLUTE
    driverlib\onewire.c                      0x00000000   Number         0  onewire.o ABSOLUTE
    driverlib\pwm.c                          0x00000000   Number         0  pwm.o ABSOLUTE
    driverlib\qei.c                          0x00000000   Number         0  qei.o ABSOLUTE
    driverlib\shamd5.c                       0x00000000   Number         0  shamd5.o ABSOLUTE
    driverlib\ssi.c                          0x00000000   Number         0  ssi.o ABSOLUTE
    driverlib\sw_crc.c                       0x00000000   Number         0  sw_crc.o ABSOLUTE
    driverlib\sysctl.c                       0x00000000   Number         0  sysctl.o ABSOLUTE
    driverlib\sysexc.c                       0x00000000   Number         0  sysexc.o ABSOLUTE
    driverlib\systick.c                      0x00000000   Number         0  systick.o ABSOLUTE
    driverlib\timer.c                        0x00000000   Number         0  timer.o ABSOLUTE
    driverlib\uart.c                         0x00000000   Number         0  uart.o ABSOLUTE
    driverlib\udma.c                         0x00000000   Number         0  udma.o ABSOLUTE
    driverlib\usb.c                          0x00000000   Number         0  usb.o ABSOLUTE
    driverlib\watchdog.c                     0x00000000   Number         0  watchdog.o ABSOLUTE
    main.c                                   0x00000000   Number         0  main.o ABSOLUTE
    tim.c                                    0x00000000   Number         0  tim.o ABSOLUTE
    !!!main                                  0x0000026c   Section        8  __main.o(!!!main)
    !!!scatter                               0x00000274   Section       52  __scatter.o(!!!scatter)
    !!handler_copy                           0x000002a8   Section       26  __scatter_copy.o(!!handler_copy)
    !!handler_zi                             0x000002c4   Section       28  __scatter_zi.o(!!handler_zi)
    .ARM.Collect$$libinit$$00000000          0x000002e0   Section        2  libinit.o(.ARM.Collect$$libinit$$00000000)
    .ARM.Collect$$libinit$$00000001          0x000002e2   Section        4  libinit2.o(.ARM.Collect$$libinit$$00000001)
    .ARM.Collect$$libinit$$00000004          0x000002e6   Section        0  libinit2.o(.ARM.Collect$$libinit$$00000004)
    .ARM.Collect$$libinit$$0000000A          0x000002e6   Section        0  libinit2.o(.ARM.Collect$$libinit$$0000000A)
    .ARM.Collect$$libinit$$0000000C          0x000002e6   Section        0  libinit2.o(.ARM.Collect$$libinit$$0000000C)
    .ARM.Collect$$libinit$$0000000E          0x000002e6   Section        0  libinit2.o(.ARM.Collect$$libinit$$0000000E)
    .ARM.Collect$$libinit$$00000011          0x000002e6   Section        0  libinit2.o(.ARM.Collect$$libinit$$00000011)
    .ARM.Collect$$libinit$$00000013          0x000002e6   Section        0  libinit2.o(.ARM.Collect$$libinit$$00000013)
    .ARM.Collect$$libinit$$00000015          0x000002e6   Section        0  libinit2.o(.ARM.Collect$$libinit$$00000015)
    .ARM.Collect$$libinit$$00000017          0x000002e6   Section        0  libinit2.o(.ARM.Collect$$libinit$$00000017)
    .ARM.Collect$$libinit$$00000019          0x000002e6   Section        0  libinit2.o(.ARM.Collect$$libinit$$00000019)
    .ARM.Collect$$libinit$$0000001B          0x000002e6   Section        0  libinit2.o(.ARM.Collect$$libinit$$0000001B)
    .ARM.Collect$$libinit$$0000001D          0x000002e6   Section        0  libinit2.o(.ARM.Collect$$libinit$$0000001D)
    .ARM.Collect$$libinit$$0000001F          0x000002e6   Section        0  libinit2.o(.ARM.Collect$$libinit$$0000001F)
    .ARM.Collect$$libinit$$00000021          0x000002e6   Section        0  libinit2.o(.ARM.Collect$$libinit$$00000021)
    .ARM.Collect$$libinit$$00000023          0x000002e6   Section        0  libinit2.o(.ARM.Collect$$libinit$$00000023)
    .ARM.Collect$$libinit$$00000025          0x000002e6   Section        0  libinit2.o(.ARM.Collect$$libinit$$00000025)
    .ARM.Collect$$libinit$$0000002C          0x000002e6   Section        0  libinit2.o(.ARM.Collect$$libinit$$0000002C)
    .ARM.Collect$$libinit$$0000002E          0x000002e6   Section        0  libinit2.o(.ARM.Collect$$libinit$$0000002E)
    .ARM.Collect$$libinit$$00000030          0x000002e6   Section        0  libinit2.o(.ARM.Collect$$libinit$$00000030)
    .ARM.Collect$$libinit$$00000032          0x000002e6   Section        0  libinit2.o(.ARM.Collect$$libinit$$00000032)
    .ARM.Collect$$libinit$$00000033          0x000002e6   Section        2  libinit2.o(.ARM.Collect$$libinit$$00000033)
    .ARM.Collect$$libshutdown$$00000000      0x000002e8   Section        2  libshutdown.o(.ARM.Collect$$libshutdown$$00000000)
    .ARM.Collect$$libshutdown$$00000002      0x000002ea   Section        0  libshutdown2.o(.ARM.Collect$$libshutdown$$00000002)
    .ARM.Collect$$libshutdown$$00000004      0x000002ea   Section        0  libshutdown2.o(.ARM.Collect$$libshutdown$$00000004)
    .ARM.Collect$$libshutdown$$00000006      0x000002ea   Section        0  libshutdown2.o(.ARM.Collect$$libshutdown$$00000006)
    .ARM.Collect$$libshutdown$$00000009      0x000002ea   Section        0  libshutdown2.o(.ARM.Collect$$libshutdown$$00000009)
    .ARM.Collect$$libshutdown$$0000000C      0x000002ea   Section        0  libshutdown2.o(.ARM.Collect$$libshutdown$$0000000C)
    .ARM.Collect$$libshutdown$$0000000E      0x000002ea   Section        0  libshutdown2.o(.ARM.Collect$$libshutdown$$0000000E)
    .ARM.Collect$$libshutdown$$00000011      0x000002ea   Section        0  libshutdown2.o(.ARM.Collect$$libshutdown$$00000011)
    .ARM.Collect$$libshutdown$$00000012      0x000002ea   Section        2  libshutdown2.o(.ARM.Collect$$libshutdown$$00000012)
    .ARM.Collect$$rtentry$$00000000          0x000002ec   Section        0  __rtentry.o(.ARM.Collect$$rtentry$$00000000)
    .ARM.Collect$$rtentry$$00000002          0x000002ec   Section        0  __rtentry2.o(.ARM.Collect$$rtentry$$00000002)
    .ARM.Collect$$rtentry$$00000004          0x000002ec   Section        6  __rtentry4.o(.ARM.Collect$$rtentry$$00000004)
    .ARM.Collect$$rtentry$$00000009          0x000002f2   Section        0  __rtentry2.o(.ARM.Collect$$rtentry$$00000009)
    .ARM.Collect$$rtentry$$0000000A          0x000002f2   Section        4  __rtentry2.o(.ARM.Collect$$rtentry$$0000000A)
    .ARM.Collect$$rtentry$$0000000C          0x000002f6   Section        0  __rtentry2.o(.ARM.Collect$$rtentry$$0000000C)
    .ARM.Collect$$rtentry$$0000000D          0x000002f6   Section        8  __rtentry2.o(.ARM.Collect$$rtentry$$0000000D)
    .ARM.Collect$$rtexit$$00000000           0x000002fe   Section        2  rtexit.o(.ARM.Collect$$rtexit$$00000000)
    .ARM.Collect$$rtexit$$00000002           0x00000300   Section        0  rtexit2.o(.ARM.Collect$$rtexit$$00000002)
    .ARM.Collect$$rtexit$$00000003           0x00000300   Section        4  rtexit2.o(.ARM.Collect$$rtexit$$00000003)
    .ARM.Collect$$rtexit$$00000004           0x00000304   Section        6  rtexit2.o(.ARM.Collect$$rtexit$$00000004)
    .emb_text                                0x0000030c   Section       38  cpu.o(.emb_text)
    $v0                                      0x0000030c   Number         0  cpu.o(.emb_text)
    .emb_text                                0x00000334   Section        6  sysctl.o(.emb_text)
    $v0                                      0x00000334   Number         0  sysctl.o(.emb_text)
    .text                                    0x0000033c   Section      276  startup_tm4c123.o(.text)
    $v0                                      0x0000033c   Number         0  startup_tm4c123.o(.text)
    .text                                    0x00000450   Section        0  heapauxi.o(.text)
    .text                                    0x00000458   Section        8  libspace.o(.text)
    .text                                    0x00000460   Section       74  sys_stackheap_outer.o(.text)
    .text                                    0x000004aa   Section        0  exit.o(.text)
    .text                                    0x000004bc   Section        0  sys_exit.o(.text)
    .text                                    0x000004c8   Section        2  use_no_semi.o(.text)
    .text                                    0x000004ca   Section        0  indicate_semi.o(.text)
    i.AD9959_Init                            0x000004cc   Section        0  ad9959.o(i.AD9959_Init)
    i.AD9959_Set_Amp                         0x000005d0   Section        0  ad9959.o(i.AD9959_Set_Amp)
    i.AD9959_Set_Fre                         0x000005ec   Section        0  ad9959.o(i.AD9959_Set_Fre)
    i.AD9959_WriteData                       0x00000608   Section        0  ad9959.o(i.AD9959_WriteData)
    i.ADC0SS2_Handler                        0x000006f8   Section        0  adc.o(i.ADC0SS2_Handler)
    i.ADCIntClear                            0x00000798   Section        0  adc_1.o(i.ADCIntClear)
    i.ADCIntEnable                           0x000007a0   Section        0  adc_1.o(i.ADCIntEnable)
    i.ADCSequenceConfigure                   0x000007b2   Section        0  adc_1.o(i.ADCSequenceConfigure)
    i.ADCSequenceDataGet                     0x00000800   Section        0  adc_1.o(i.ADCSequenceDataGet)
    i.ADCSequenceDisable                     0x00000822   Section        0  adc_1.o(i.ADCSequenceDisable)
    i.ADCSequenceEnable                      0x0000082e   Section        0  adc_1.o(i.ADCSequenceEnable)
    i.ADCSequenceStepConfigure               0x0000083a   Section        0  adc_1.o(i.ADCSequenceStepConfigure)
    i.ADC_Init                               0x000008c4   Section        0  adc.o(i.ADC_Init)
    i.GPIODirModeSet                         0x00000978   Section        0  gpio.o(i.GPIODirModeSet)
    i.GPIOPadConfigSet                       0x000009ac   Section        0  gpio.o(i.GPIOPadConfigSet)
    i.GPIOPinTypeADC                         0x00000b38   Section        0  gpio.o(i.GPIOPinTypeADC)
    i.GPIOPinTypeGPIOOutput                  0x00000b56   Section        0  gpio.o(i.GPIOPinTypeGPIOOutput)
    i.GPIOPinWrite                           0x00000b74   Section        0  gpio.o(i.GPIOPinWrite)
    i.GetMaxValue                            0x00000b7e   Section        0  main.o(i.GetMaxValue)
    i.HardFault_Handler                      0x00000bb4   Section        0  main.o(i.HardFault_Handler)
    i.IO_Update                              0x00000bb8   Section        0  ad9959.o(i.IO_Update)
    i.InitControlPin                         0x00000bec   Section        0  main.o(i.InitControlPin)
    i.IntEnable                              0x00000c1c   Section        0  interrupt.o(i.IntEnable)
    i.IntMasterEnable                        0x00000c90   Section        0  interrupt.o(i.IntMasterEnable)
    i.IntReset                               0x00000ca0   Section        0  ad9959.o(i.IntReset)
    i.Intserve                               0x00000cd4   Section        0  ad9959.o(i.Intserve)
    i.PGA113_GPIOInit                        0x00000d68   Section        0  pga113.o(i.PGA113_GPIOInit)
    i.Start_ADC_Sampling                     0x00000d98   Section        0  adc.o(i.Start_ADC_Sampling)
    i.SysCtlClockGet                         0x00000dbc   Section        0  sysctl.o(i.SysCtlClockGet)
    i.SysCtlClockSet                         0x00000f28   Section        0  sysctl.o(i.SysCtlClockSet)
    i.SysCtlPeripheralEnable                 0x00001054   Section        0  sysctl.o(i.SysCtlPeripheralEnable)
    i.SysCtlPeripheralReady                  0x00001088   Section        0  sysctl.o(i.SysCtlPeripheralReady)
    i.SysTickEnable                          0x000010c0   Section        0  systick.o(i.SysTickEnable)
    i.SysTickIntEnable                       0x000010d2   Section        0  systick.o(i.SysTickIntEnable)
    i.SysTickPeriodSet                       0x000010e4   Section        0  systick.o(i.SysTickPeriodSet)
    i.SysTick_Handler                        0x000010f0   Section        0  tim.o(i.SysTick_Handler)
    i.SysTick_Init                           0x00001100   Section        0  tim.o(i.SysTick_Init)
    i.SystemInit                             0x00001128   Section        0  system_tm4c123.o(i.SystemInit)
    i.TimerConfigure                         0x000011c0   Section        0  timer.o(i.TimerConfigure)
    i.TimerControlTrigger                    0x00001220   Section        0  timer.o(i.TimerControlTrigger)
    i.TimerDisable                           0x00001268   Section        0  timer.o(i.TimerDisable)
    i.TimerEnable                            0x00001276   Section        0  timer.o(i.TimerEnable)
    i.TimerLoadSet                           0x00001284   Section        0  timer.o(i.TimerLoadSet)
    i.Write_ACR                              0x00001294   Section        0  ad9959.o(i.Write_ACR)
    i.Write_CFTW0                            0x000012bc   Section        0  ad9959.o(i.Write_CFTW0)
    i.delay1                                 0x00001320   Section        0  ad9959.o(i.delay1)
    i.delay_ms                               0x00001334   Section        0  tim.o(i.delay_ms)
    i.main                                   0x0000134c   Section        0  main.o(i.main)
    x$fpl$dfixu                              0x00001498   Section       90  dfixu.o(x$fpl$dfixu)
    $v0                                      0x00001498   Number         0  dfixu.o(x$fpl$dfixu)
    x$fpl$dfltu                              0x000014f2   Section       38  dflt_clz.o(x$fpl$dfltu)
    $v0                                      0x000014f2   Number         0  dflt_clz.o(x$fpl$dfltu)
    x$fpl$dmul                               0x00001518   Section      340  dmul.o(x$fpl$dmul)
    $v0                                      0x00001518   Number         0  dmul.o(x$fpl$dmul)
    x$fpl$dnaninf                            0x0000166c   Section      156  dnaninf.o(x$fpl$dnaninf)
    $v0                                      0x0000166c   Number         0  dnaninf.o(x$fpl$dnaninf)
    x$fpl$dretinf                            0x00001708   Section       12  dretinf.o(x$fpl$dretinf)
    $v0                                      0x00001708   Number         0  dretinf.o(x$fpl$dretinf)
    x$fpl$fpinit                             0x00001714   Section       10  fpinit.o(x$fpl$fpinit)
    $v0                                      0x00001714   Number         0  fpinit.o(x$fpl$fpinit)
    x$fpl$usenofp                            0x0000171e   Section        0  usenofp.o(x$fpl$usenofp)
    .constdata                               0x00001720   Section      268  interrupt.o(.constdata)
    g_pui32Priority                          0x00001720   Data          32  interrupt.o(.constdata)
    g_pui32Regs                              0x00001740   Data         156  interrupt.o(.constdata)
    g_pui32EnRegs                            0x000017dc   Data          20  interrupt.o(.constdata)
    g_pui32Dii16Regs                         0x000017f0   Data          20  interrupt.o(.constdata)
    g_pui32PendRegs                          0x00001804   Data          20  interrupt.o(.constdata)
    g_pui32UnpendRegs                        0x00001818   Data          20  interrupt.o(.constdata)
    .constdata                               0x0000182c   Section      596  sysctl.o(.constdata)
    g_pui32Xtals                             0x0000182c   Data         108  sysctl.o(.constdata)
    g_pppui32XTALtoVCO                       0x00001898   Data         432  sysctl.o(.constdata)
    g_sXTALtoMEMTIM                          0x00001a48   Data          48  sysctl.o(.constdata)
    g_pui32VCOFrequencies                    0x00001a78   Data           8  sysctl.o(.constdata)
    .data                                    0x20000000   Section      132  main.o(.data)
    .data                                    0x20000084   Section        4  adc.o(.data)
    .data                                    0x20000088   Section        4  tim.o(.data)
    .data                                    0x20000090   Section       19  ad9959.o(.data)
    .bss                                     0x200000a4   Section      240  main.o(.bss)
    .bss                                     0x20000194   Section      160  adc.o(.bss)
    .bss                                     0x20000234   Section       96  libspace.o(.bss)
    HEAP                                     0x20000298   Section        0  startup_tm4c123.o(HEAP)
    STACK                                    0x20000298   Section      512  startup_tm4c123.o(STACK)
    Heap_Mem                                 0x20000298   Data           0  startup_tm4c123.o(HEAP)
    Stack_Mem                                0x20000298   Data         512  startup_tm4c123.o(STACK)
    __initial_sp                             0x20000498   Data           0  startup_tm4c123.o(STACK)

    Global Symbols

    Symbol Name                              Value     Ov Type        Size  Object(Section)

    BuildAttributes$$THM_ISAv4$E$P$D$K$B$S$7EM$VFPi3$EXTD16$VFPS$VFMA$PE$A:L22UL41UL21$X:L11$S22US41US21$IEEE1$IW$USESV6$~STKCKD$USESV7$~SHL$OTIME$ROPI$IEEEX$EBA8$UX$STANDARDLIB$REQ8$PRES8$EABIv2 0x00000000   Number         0  anon$$obj.o ABSOLUTE
    __ARM_use_no_argv                        0x00000000   Number         0  main.o ABSOLUTE
    __Vectors                                0x00000000   Data           4  startup_tm4c123.o(RESET)
    __ARM_exceptions_init                     - Undefined Weak Reference
    __alloca_initialize                       - Undefined Weak Reference
    __arm_fini_                               - Undefined Weak Reference
    __arm_preinit_                            - Undefined Weak Reference
    __cpp_initialize__aeabi_                  - Undefined Weak Reference
    __cxa_finalize                            - Undefined Weak Reference
    __rt_locale                               - Undefined Weak Reference
    __sigvec_lookup                           - Undefined Weak Reference
    _atexit_init                              - Undefined Weak Reference
    _call_atexit_fns                          - Undefined Weak Reference
    _clock_init                               - Undefined Weak Reference
    _fp_trap_init                             - Undefined Weak Reference
    _fp_trap_shutdown                         - Undefined Weak Reference
    _get_lc_collate                           - Undefined Weak Reference
    _get_lc_ctype                             - Undefined Weak Reference
    _get_lc_monetary                          - Undefined Weak Reference
    _get_lc_numeric                           - Undefined Weak Reference
    _get_lc_time                              - Undefined Weak Reference
    _getenv_init                              - Undefined Weak Reference
    _handle_redirection                       - Undefined Weak Reference
    _init_alloc                               - Undefined Weak Reference
    _init_user_alloc                          - Undefined Weak Reference
    _initio                                   - Undefined Weak Reference
    _rand_init                                - Undefined Weak Reference
    _signal_finish                            - Undefined Weak Reference
    _signal_init                              - Undefined Weak Reference
    _terminate_alloc                          - Undefined Weak Reference
    _terminate_user_alloc                     - Undefined Weak Reference
    _terminateio                              - Undefined Weak Reference
    __Vectors_End                            0x0000026c   Data           0  startup_tm4c123.o(RESET)
    __Vectors_Size                           0x0000026c   Number         0  startup_tm4c123.o ABSOLUTE
    __main                                   0x0000026d   Thumb Code     8  __main.o(!!!main)
    __scatterload                            0x00000275   Thumb Code     0  __scatter.o(!!!scatter)
    __scatterload_rt2                        0x00000275   Thumb Code    44  __scatter.o(!!!scatter)
    __scatterload_rt2_thumb_only             0x00000275   Thumb Code     0  __scatter.o(!!!scatter)
    __scatterload_null                       0x00000283   Thumb Code     0  __scatter.o(!!!scatter)
    __scatterload_copy                       0x000002a9   Thumb Code    26  __scatter_copy.o(!!handler_copy)
    __scatterload_zeroinit                   0x000002c5   Thumb Code    28  __scatter_zi.o(!!handler_zi)
    __rt_lib_init                            0x000002e1   Thumb Code     0  libinit.o(.ARM.Collect$$libinit$$00000000)
    __rt_lib_init_fp_1                       0x000002e3   Thumb Code     0  libinit2.o(.ARM.Collect$$libinit$$00000001)
    __rt_lib_init_alloca_1                   0x000002e7   Thumb Code     0  libinit2.o(.ARM.Collect$$libinit$$0000002E)
    __rt_lib_init_argv_1                     0x000002e7   Thumb Code     0  libinit2.o(.ARM.Collect$$libinit$$0000002C)
    __rt_lib_init_atexit_1                   0x000002e7   Thumb Code     0  libinit2.o(.ARM.Collect$$libinit$$0000001B)
    __rt_lib_init_clock_1                    0x000002e7   Thumb Code     0  libinit2.o(.ARM.Collect$$libinit$$00000021)
    __rt_lib_init_cpp_1                      0x000002e7   Thumb Code     0  libinit2.o(.ARM.Collect$$libinit$$00000032)
    __rt_lib_init_exceptions_1               0x000002e7   Thumb Code     0  libinit2.o(.ARM.Collect$$libinit$$00000030)
    __rt_lib_init_fp_trap_1                  0x000002e7   Thumb Code     0  libinit2.o(.ARM.Collect$$libinit$$0000001F)
    __rt_lib_init_getenv_1                   0x000002e7   Thumb Code     0  libinit2.o(.ARM.Collect$$libinit$$00000023)
    __rt_lib_init_heap_1                     0x000002e7   Thumb Code     0  libinit2.o(.ARM.Collect$$libinit$$0000000A)
    __rt_lib_init_lc_collate_1               0x000002e7   Thumb Code     0  libinit2.o(.ARM.Collect$$libinit$$00000011)
    __rt_lib_init_lc_ctype_1                 0x000002e7   Thumb Code     0  libinit2.o(.ARM.Collect$$libinit$$00000013)
    __rt_lib_init_lc_monetary_1              0x000002e7   Thumb Code     0  libinit2.o(.ARM.Collect$$libinit$$00000015)
    __rt_lib_init_lc_numeric_1               0x000002e7   Thumb Code     0  libinit2.o(.ARM.Collect$$libinit$$00000017)
    __rt_lib_init_lc_time_1                  0x000002e7   Thumb Code     0  libinit2.o(.ARM.Collect$$libinit$$00000019)
    __rt_lib_init_preinit_1                  0x000002e7   Thumb Code     0  libinit2.o(.ARM.Collect$$libinit$$00000004)
    __rt_lib_init_rand_1                     0x000002e7   Thumb Code     0  libinit2.o(.ARM.Collect$$libinit$$0000000E)
    __rt_lib_init_return                     0x000002e7   Thumb Code     0  libinit2.o(.ARM.Collect$$libinit$$00000033)
    __rt_lib_init_signal_1                   0x000002e7   Thumb Code     0  libinit2.o(.ARM.Collect$$libinit$$0000001D)
    __rt_lib_init_stdio_1                    0x000002e7   Thumb Code     0  libinit2.o(.ARM.Collect$$libinit$$00000025)
    __rt_lib_init_user_alloc_1               0x000002e7   Thumb Code     0  libinit2.o(.ARM.Collect$$libinit$$0000000C)
    __rt_lib_shutdown                        0x000002e9   Thumb Code     0  libshutdown.o(.ARM.Collect$$libshutdown$$00000000)
    __rt_lib_shutdown_cpp_1                  0x000002eb   Thumb Code     0  libshutdown2.o(.ARM.Collect$$libshutdown$$00000004)
    __rt_lib_shutdown_fini_1                 0x000002eb   Thumb Code     0  libshutdown2.o(.ARM.Collect$$libshutdown$$00000002)
    __rt_lib_shutdown_fp_trap_1              0x000002eb   Thumb Code     0  libshutdown2.o(.ARM.Collect$$libshutdown$$00000009)
    __rt_lib_shutdown_heap_1                 0x000002eb   Thumb Code     0  libshutdown2.o(.ARM.Collect$$libshutdown$$00000011)
    __rt_lib_shutdown_return                 0x000002eb   Thumb Code     0  libshutdown2.o(.ARM.Collect$$libshutdown$$00000012)
    __rt_lib_shutdown_signal_1               0x000002eb   Thumb Code     0  libshutdown2.o(.ARM.Collect$$libshutdown$$0000000C)
    __rt_lib_shutdown_stdio_1                0x000002eb   Thumb Code     0  libshutdown2.o(.ARM.Collect$$libshutdown$$00000006)
    __rt_lib_shutdown_user_alloc_1           0x000002eb   Thumb Code     0  libshutdown2.o(.ARM.Collect$$libshutdown$$0000000E)
    __rt_entry                               0x000002ed   Thumb Code     0  __rtentry.o(.ARM.Collect$$rtentry$$00000000)
    __rt_entry_presh_1                       0x000002ed   Thumb Code     0  __rtentry2.o(.ARM.Collect$$rtentry$$00000002)
    __rt_entry_sh                            0x000002ed   Thumb Code     0  __rtentry4.o(.ARM.Collect$$rtentry$$00000004)
    __rt_entry_li                            0x000002f3   Thumb Code     0  __rtentry2.o(.ARM.Collect$$rtentry$$0000000A)
    __rt_entry_postsh_1                      0x000002f3   Thumb Code     0  __rtentry2.o(.ARM.Collect$$rtentry$$00000009)
    __rt_entry_main                          0x000002f7   Thumb Code     0  __rtentry2.o(.ARM.Collect$$rtentry$$0000000D)
    __rt_entry_postli_1                      0x000002f7   Thumb Code     0  __rtentry2.o(.ARM.Collect$$rtentry$$0000000C)
    __rt_exit                                0x000002ff   Thumb Code     0  rtexit.o(.ARM.Collect$$rtexit$$00000000)
    __rt_exit_ls                             0x00000301   Thumb Code     0  rtexit2.o(.ARM.Collect$$rtexit$$00000003)
    __rt_exit_prels_1                        0x00000301   Thumb Code     0  rtexit2.o(.ARM.Collect$$rtexit$$00000002)
    __rt_exit_exit                           0x00000305   Thumb Code     0  rtexit2.o(.ARM.Collect$$rtexit$$00000004)
    CPUcpsid                                 0x0000030d   Thumb Code     8  cpu.o(.emb_text)
    CPUprimask                               0x00000315   Thumb Code     6  cpu.o(.emb_text)
    CPUcpsie                                 0x0000031b   Thumb Code     8  cpu.o(.emb_text)
    CPUwfi                                   0x00000323   Thumb Code     4  cpu.o(.emb_text)
    CPUbasepriSet                            0x00000327   Thumb Code     6  cpu.o(.emb_text)
    CPUbasepriGet                            0x0000032d   Thumb Code     6  cpu.o(.emb_text)
    SysCtlDelay                              0x00000335   Thumb Code     6  sysctl.o(.emb_text)
    Reset_Handler                            0x0000033d   Thumb Code     8  startup_tm4c123.o(.text)
    NMI_Handler                              0x00000345   Thumb Code     2  startup_tm4c123.o(.text)
    MemManage_Handler                        0x00000349   Thumb Code     2  startup_tm4c123.o(.text)
    BusFault_Handler                         0x0000034b   Thumb Code     2  startup_tm4c123.o(.text)
    UsageFault_Handler                       0x0000034d   Thumb Code     2  startup_tm4c123.o(.text)
    SVC_Handler                              0x0000034f   Thumb Code     2  startup_tm4c123.o(.text)
    DebugMon_Handler                         0x00000351   Thumb Code     2  startup_tm4c123.o(.text)
    PendSV_Handler                           0x00000353   Thumb Code     2  startup_tm4c123.o(.text)
    GPIOA_Handler                            0x00000357   Thumb Code     2  startup_tm4c123.o(.text)
    GPIOB_Handler                            0x00000359   Thumb Code     2  startup_tm4c123.o(.text)
    GPIOC_Handler                            0x0000035b   Thumb Code     2  startup_tm4c123.o(.text)
    GPIOD_Handler                            0x0000035d   Thumb Code     2  startup_tm4c123.o(.text)
    GPIOE_Handler                            0x0000035f   Thumb Code     2  startup_tm4c123.o(.text)
    UART0_Handler                            0x00000361   Thumb Code     2  startup_tm4c123.o(.text)
    UART1_Handler                            0x00000363   Thumb Code     2  startup_tm4c123.o(.text)
    SSI0_Handler                             0x00000365   Thumb Code     2  startup_tm4c123.o(.text)
    I2C0_Handler                             0x00000367   Thumb Code     2  startup_tm4c123.o(.text)
    PMW0_FAULT_Handler                       0x00000369   Thumb Code     2  startup_tm4c123.o(.text)
    PWM0_0_Handler                           0x0000036b   Thumb Code     2  startup_tm4c123.o(.text)
    PWM0_1_Handler                           0x0000036d   Thumb Code     2  startup_tm4c123.o(.text)
    PWM0_2_Handler                           0x0000036f   Thumb Code     2  startup_tm4c123.o(.text)
    QEI0_Handler                             0x00000371   Thumb Code     2  startup_tm4c123.o(.text)
    ADC0SS0_Handler                          0x00000373   Thumb Code     2  startup_tm4c123.o(.text)
    ADC0SS1_Handler                          0x00000375   Thumb Code     2  startup_tm4c123.o(.text)
    ADC0SS3_Handler                          0x00000379   Thumb Code     2  startup_tm4c123.o(.text)
    WDT0_Handler                             0x0000037b   Thumb Code     2  startup_tm4c123.o(.text)
    TIMER0A_Handler                          0x0000037d   Thumb Code     2  startup_tm4c123.o(.text)
    TIMER0B_Handler                          0x0000037f   Thumb Code     2  startup_tm4c123.o(.text)
    TIMER1A_Handler                          0x00000381   Thumb Code     2  startup_tm4c123.o(.text)
    TIMER1B_Handler                          0x00000383   Thumb Code     2  startup_tm4c123.o(.text)
    TIMER2A_Handler                          0x00000385   Thumb Code     2  startup_tm4c123.o(.text)
    TIMER2B_Handler                          0x00000387   Thumb Code     2  startup_tm4c123.o(.text)
    COMP0_Handler                            0x00000389   Thumb Code     2  startup_tm4c123.o(.text)
    COMP1_Handler                            0x0000038b   Thumb Code     2  startup_tm4c123.o(.text)
    COMP2_Handler                            0x0000038d   Thumb Code     2  startup_tm4c123.o(.text)
    SYSCTL_Handler                           0x0000038f   Thumb Code     2  startup_tm4c123.o(.text)
    FLASH_Handler                            0x00000391   Thumb Code     2  startup_tm4c123.o(.text)
    GPIOF_Handler                            0x00000393   Thumb Code     2  startup_tm4c123.o(.text)
    GPIOG_Handler                            0x00000395   Thumb Code     2  startup_tm4c123.o(.text)
    GPIOH_Handler                            0x00000397   Thumb Code     2  startup_tm4c123.o(.text)
    UART2_Handler                            0x00000399   Thumb Code     2  startup_tm4c123.o(.text)
    SSI1_Handler                             0x0000039b   Thumb Code     2  startup_tm4c123.o(.text)
    TIMER3A_Handler                          0x0000039d   Thumb Code     2  startup_tm4c123.o(.text)
    TIMER3B_Handler                          0x0000039f   Thumb Code     2  startup_tm4c123.o(.text)
    I2C1_Handler                             0x000003a1   Thumb Code     2  startup_tm4c123.o(.text)
    QEI1_Handler                             0x000003a3   Thumb Code     2  startup_tm4c123.o(.text)
    CAN0_Handler                             0x000003a5   Thumb Code     2  startup_tm4c123.o(.text)
    CAN1_Handler                             0x000003a7   Thumb Code     2  startup_tm4c123.o(.text)
    CAN2_Handler                             0x000003a9   Thumb Code     2  startup_tm4c123.o(.text)
    HIB_Handler                              0x000003ab   Thumb Code     2  startup_tm4c123.o(.text)
    USB0_Handler                             0x000003ad   Thumb Code     2  startup_tm4c123.o(.text)
    PWM0_3_Handler                           0x000003af   Thumb Code     2  startup_tm4c123.o(.text)
    UDMA_Handler                             0x000003b1   Thumb Code     2  startup_tm4c123.o(.text)
    UDMAERR_Handler                          0x000003b3   Thumb Code     2  startup_tm4c123.o(.text)
    ADC1SS0_Handler                          0x000003b5   Thumb Code     2  startup_tm4c123.o(.text)
    ADC1SS1_Handler                          0x000003b7   Thumb Code     2  startup_tm4c123.o(.text)
    ADC1SS2_Handler                          0x000003b9   Thumb Code     2  startup_tm4c123.o(.text)
    ADC1SS3_Handler                          0x000003bb   Thumb Code     2  startup_tm4c123.o(.text)
    GPIOJ_Handler                            0x000003bd   Thumb Code     2  startup_tm4c123.o(.text)
    GPIOK_Handler                            0x000003bf   Thumb Code     2  startup_tm4c123.o(.text)
    GPIOL_Handler                            0x000003c1   Thumb Code     2  startup_tm4c123.o(.text)
    SSI2_Handler                             0x000003c3   Thumb Code     2  startup_tm4c123.o(.text)
    SSI3_Handler                             0x000003c5   Thumb Code     2  startup_tm4c123.o(.text)
    UART3_Handler                            0x000003c7   Thumb Code     2  startup_tm4c123.o(.text)
    UART4_Handler                            0x000003c9   Thumb Code     2  startup_tm4c123.o(.text)
    UART5_Handler                            0x000003cb   Thumb Code     2  startup_tm4c123.o(.text)
    UART6_Handler                            0x000003cd   Thumb Code     2  startup_tm4c123.o(.text)
    UART7_Handler                            0x000003cf   Thumb Code     2  startup_tm4c123.o(.text)
    I2C2_Handler                             0x000003d1   Thumb Code     2  startup_tm4c123.o(.text)
    I2C3_Handler                             0x000003d3   Thumb Code     2  startup_tm4c123.o(.text)
    TIMER4A_Handler                          0x000003d5   Thumb Code     2  startup_tm4c123.o(.text)
    TIMER4B_Handler                          0x000003d7   Thumb Code     2  startup_tm4c123.o(.text)
    TIMER5A_Handler                          0x000003d9   Thumb Code     2  startup_tm4c123.o(.text)
    TIMER5B_Handler                          0x000003db   Thumb Code     2  startup_tm4c123.o(.text)
    WTIMER0A_Handler                         0x000003dd   Thumb Code     2  startup_tm4c123.o(.text)
    WTIMER0B_Handler                         0x000003df   Thumb Code     2  startup_tm4c123.o(.text)
    WTIMER1A_Handler                         0x000003e1   Thumb Code     2  startup_tm4c123.o(.text)
    WTIMER1B_Handler                         0x000003e3   Thumb Code     2  startup_tm4c123.o(.text)
    WTIMER2A_Handler                         0x000003e5   Thumb Code     2  startup_tm4c123.o(.text)
    WTIMER2B_Handler                         0x000003e7   Thumb Code     2  startup_tm4c123.o(.text)
    WTIMER3A_Handler                         0x000003e9   Thumb Code     2  startup_tm4c123.o(.text)
    WTIMER3B_Handler                         0x000003eb   Thumb Code     2  startup_tm4c123.o(.text)
    WTIMER4A_Handler                         0x000003ed   Thumb Code     2  startup_tm4c123.o(.text)
    WTIMER4B_Handler                         0x000003ef   Thumb Code     2  startup_tm4c123.o(.text)
    WTIMER5A_Handler                         0x000003f1   Thumb Code     2  startup_tm4c123.o(.text)
    WTIMER5B_Handler                         0x000003f3   Thumb Code     2  startup_tm4c123.o(.text)
    FPU_Handler                              0x000003f5   Thumb Code     2  startup_tm4c123.o(.text)
    I2C4_Handler                             0x000003f7   Thumb Code     2  startup_tm4c123.o(.text)
    I2C5_Handler                             0x000003f9   Thumb Code     2  startup_tm4c123.o(.text)
    GPIOM_Handler                            0x000003fb   Thumb Code     2  startup_tm4c123.o(.text)
    GPION_Handler                            0x000003fd   Thumb Code     2  startup_tm4c123.o(.text)
    QEI2_Handler                             0x000003ff   Thumb Code     2  startup_tm4c123.o(.text)
    GPIOP0_Handler                           0x00000401   Thumb Code     2  startup_tm4c123.o(.text)
    GPIOP1_Handler                           0x00000403   Thumb Code     2  startup_tm4c123.o(.text)
    GPIOP2_Handler                           0x00000405   Thumb Code     2  startup_tm4c123.o(.text)
    GPIOP3_Handler                           0x00000407   Thumb Code     2  startup_tm4c123.o(.text)
    GPIOP4_Handler                           0x00000409   Thumb Code     2  startup_tm4c123.o(.text)
    GPIOP5_Handler                           0x0000040b   Thumb Code     2  startup_tm4c123.o(.text)
    GPIOP6_Handler                           0x0000040d   Thumb Code     2  startup_tm4c123.o(.text)
    GPIOP7_Handler                           0x0000040f   Thumb Code     2  startup_tm4c123.o(.text)
    GPIOQ0_Handler                           0x00000411   Thumb Code     2  startup_tm4c123.o(.text)
    GPIOQ1_Handler                           0x00000413   Thumb Code     2  startup_tm4c123.o(.text)
    GPIOQ2_Handler                           0x00000415   Thumb Code     2  startup_tm4c123.o(.text)
    GPIOQ3_Handler                           0x00000417   Thumb Code     2  startup_tm4c123.o(.text)
    GPIOQ4_Handler                           0x00000419   Thumb Code     2  startup_tm4c123.o(.text)
    GPIOQ5_Handler                           0x0000041b   Thumb Code     2  startup_tm4c123.o(.text)
    GPIOQ6_Handler                           0x0000041d   Thumb Code     2  startup_tm4c123.o(.text)
    GPIOQ7_Handler                           0x0000041f   Thumb Code     2  startup_tm4c123.o(.text)
    GPIOR_Handler                            0x00000421   Thumb Code     2  startup_tm4c123.o(.text)
    GPIOS_Handler                            0x00000423   Thumb Code     2  startup_tm4c123.o(.text)
    PMW1_0_Handler                           0x00000425   Thumb Code     2  startup_tm4c123.o(.text)
    PWM1_1_Handler                           0x00000427   Thumb Code     2  startup_tm4c123.o(.text)
    PWM1_2_Handler                           0x00000429   Thumb Code     2  startup_tm4c123.o(.text)
    PWM1_3_Handler                           0x0000042b   Thumb Code     2  startup_tm4c123.o(.text)
    PWM1_FAULT_Handler                       0x0000042d   Thumb Code     2  startup_tm4c123.o(.text)
    __user_initial_stackheap                 0x00000431   Thumb Code     0  startup_tm4c123.o(.text)
    __use_two_region_memory                  0x00000451   Thumb Code     2  heapauxi.o(.text)
    __rt_heap_escrow$2region                 0x00000453   Thumb Code     2  heapauxi.o(.text)
    __rt_heap_expand$2region                 0x00000455   Thumb Code     2  heapauxi.o(.text)
    __user_libspace                          0x00000459   Thumb Code     8  libspace.o(.text)
    __user_perproc_libspace                  0x00000459   Thumb Code     0  libspace.o(.text)
    __user_perthread_libspace                0x00000459   Thumb Code     0  libspace.o(.text)
    __user_setup_stackheap                   0x00000461   Thumb Code    74  sys_stackheap_outer.o(.text)
    exit                                     0x000004ab   Thumb Code    18  exit.o(.text)
    _sys_exit                                0x000004bd   Thumb Code     8  sys_exit.o(.text)
    __I$use$semihosting                      0x000004c9   Thumb Code     0  use_no_semi.o(.text)
    __use_no_semihosting_swi                 0x000004c9   Thumb Code     2  use_no_semi.o(.text)
    __semihosting_library_function           0x000004cb   Thumb Code     0  indicate_semi.o(.text)
    AD9959_Init                              0x000004cd   Thumb Code   232  ad9959.o(i.AD9959_Init)
    AD9959_Set_Amp                           0x000005d1   Thumb Code    28  ad9959.o(i.AD9959_Set_Amp)
    AD9959_Set_Fre                           0x000005ed   Thumb Code    28  ad9959.o(i.AD9959_Set_Fre)
    AD9959_WriteData                         0x00000609   Thumb Code   236  ad9959.o(i.AD9959_WriteData)
    ADC0SS2_Handler                          0x000006f9   Thumb Code   130  adc.o(i.ADC0SS2_Handler)
    ADCIntClear                              0x00000799   Thumb Code     8  adc_1.o(i.ADCIntClear)
    ADCIntEnable                             0x000007a1   Thumb Code    18  adc_1.o(i.ADCIntEnable)
    ADCSequenceConfigure                     0x000007b3   Thumb Code    78  adc_1.o(i.ADCSequenceConfigure)
    ADCSequenceDataGet                       0x00000801   Thumb Code    34  adc_1.o(i.ADCSequenceDataGet)
    ADCSequenceDisable                       0x00000823   Thumb Code    12  adc_1.o(i.ADCSequenceDisable)
    ADCSequenceEnable                        0x0000082f   Thumb Code    12  adc_1.o(i.ADCSequenceEnable)
    ADCSequenceStepConfigure                 0x0000083b   Thumb Code   136  adc_1.o(i.ADCSequenceStepConfigure)
    ADC_Init                                 0x000008c5   Thumb Code   154  adc.o(i.ADC_Init)
    GPIODirModeSet                           0x00000979   Thumb Code    50  gpio.o(i.GPIODirModeSet)
    GPIOPadConfigSet                         0x000009ad   Thumb Code   384  gpio.o(i.GPIOPadConfigSet)
    GPIOPinTypeADC                           0x00000b39   Thumb Code    30  gpio.o(i.GPIOPinTypeADC)
    GPIOPinTypeGPIOOutput                    0x00000b57   Thumb Code    30  gpio.o(i.GPIOPinTypeGPIOOutput)
    GPIOPinWrite                             0x00000b75   Thumb Code    10  gpio.o(i.GPIOPinWrite)
    GetMaxValue                              0x00000b7f   Thumb Code    54  main.o(i.GetMaxValue)
    HardFault_Handler                        0x00000bb5   Thumb Code     4  main.o(i.HardFault_Handler)
    IO_Update                                0x00000bb9   Thumb Code    52  ad9959.o(i.IO_Update)
    InitControlPin                           0x00000bed   Thumb Code    44  main.o(i.InitControlPin)
    IntEnable                                0x00000c1d   Thumb Code   108  interrupt.o(i.IntEnable)
    IntMasterEnable                          0x00000c91   Thumb Code    16  interrupt.o(i.IntMasterEnable)
    IntReset                                 0x00000ca1   Thumb Code    46  ad9959.o(i.IntReset)
    Intserve                                 0x00000cd5   Thumb Code   130  ad9959.o(i.Intserve)
    PGA113_GPIOInit                          0x00000d69   Thumb Code    40  pga113.o(i.PGA113_GPIOInit)
    Start_ADC_Sampling                       0x00000d99   Thumb Code    24  adc.o(i.Start_ADC_Sampling)
    SysCtlClockGet                           0x00000dbd   Thumb Code   324  sysctl.o(i.SysCtlClockGet)
    SysCtlClockSet                           0x00000f29   Thumb Code   280  sysctl.o(i.SysCtlClockSet)
    SysCtlPeripheralEnable                   0x00001055   Thumb Code    46  sysctl.o(i.SysCtlPeripheralEnable)
    SysCtlPeripheralReady                    0x00001089   Thumb Code    52  sysctl.o(i.SysCtlPeripheralReady)
    SysTickEnable                            0x000010c1   Thumb Code    18  systick.o(i.SysTickEnable)
    SysTickIntEnable                         0x000010d3   Thumb Code    18  systick.o(i.SysTickIntEnable)
    SysTickPeriodSet                         0x000010e5   Thumb Code    10  systick.o(i.SysTickPeriodSet)
    SysTick_Handler                          0x000010f1   Thumb Code    12  tim.o(i.SysTick_Handler)
    SysTick_Init                             0x00001101   Thumb Code    36  tim.o(i.SysTick_Init)
    SystemInit                               0x00001129   Thumb Code   112  system_tm4c123.o(i.SystemInit)
    TimerConfigure                           0x000011c1   Thumb Code    84  timer.o(i.TimerConfigure)
    TimerControlTrigger                      0x00001221   Thumb Code    60  timer.o(i.TimerControlTrigger)
    TimerDisable                             0x00001269   Thumb Code    14  timer.o(i.TimerDisable)
    TimerEnable                              0x00001277   Thumb Code    14  timer.o(i.TimerEnable)
    TimerLoadSet                             0x00001285   Thumb Code    16  timer.o(i.TimerLoadSet)
    Write_ACR                                0x00001295   Thumb Code    38  ad9959.o(i.Write_ACR)
    Write_CFTW0                              0x000012bd   Thumb Code    94  ad9959.o(i.Write_CFTW0)
    delay1                                   0x00001321   Thumb Code    18  ad9959.o(i.delay1)
    delay_ms                                 0x00001335   Thumb Code    18  tim.o(i.delay_ms)
    main                                     0x0000134d   Thumb Code   294  main.o(i.main)
    __aeabi_d2uiz                            0x00001499   Thumb Code     0  dfixu.o(x$fpl$dfixu)
    _dfixu                                   0x00001499   Thumb Code    90  dfixu.o(x$fpl$dfixu)
    __aeabi_ui2d                             0x000014f3   Thumb Code     0  dflt_clz.o(x$fpl$dfltu)
    _dfltu                                   0x000014f3   Thumb Code    38  dflt_clz.o(x$fpl$dfltu)
    __aeabi_dmul                             0x00001519   Thumb Code     0  dmul.o(x$fpl$dmul)
    _dmul                                    0x00001519   Thumb Code   332  dmul.o(x$fpl$dmul)
    __fpl_dnaninf                            0x0000166d   Thumb Code   156  dnaninf.o(x$fpl$dnaninf)
    __fpl_dretinf                            0x00001709   Thumb Code    12  dretinf.o(x$fpl$dretinf)
    _fp_init                                 0x00001715   Thumb Code    10  fpinit.o(x$fpl$fpinit)
    __fplib_config_fpu_vfp                   0x0000171d   Thumb Code     0  fpinit.o(x$fpl$fpinit)
    __fplib_config_pureend_doubles           0x0000171d   Thumb Code     0  fpinit.o(x$fpl$fpinit)
    __I$use$fp                               0x0000171e   Number         0  usenofp.o(x$fpl$usenofp)
    Region$$Table$$Base                      0x00001a80   Number         0  anon$$obj.o(Region$$Table)
    Region$$Table$$Limit                     0x00001aa0   Number         0  anon$$obj.o(Region$$Table)
    C_list                                   0x20000000   Data          48  main.o(.data)
    V_value                                  0x20000030   Data          56  main.o(.data)
    R_list                                   0x20000068   Data           0  main.o(.data)
    V                                        0x2000006c   Data           4  main.o(.data)
    V1                                       0x20000070   Data           4  main.o(.data)
    V2                                       0x20000074   Data           4  main.o(.data)
    C                                        0x20000078   Data           4  main.o(.data)
    V_index                                  0x2000007c   Data           4  main.o(.data)
    i                                        0x20000080   Data           4  main.o(.data)
    adc_data_ready                           0x20000084   Data           1  adc.o(.data)
    sample_count0                            0x20000086   Data           2  adc.o(.data)
    g_msTicks                                0x20000088   Data           4  tim.o(.data)
    FR1_DATA                                 0x20000090   Data           3  ad9959.o(.data)
    FR2_DATA                                 0x20000093   Data           2  ad9959.o(.data)
    ACC_FRE_FACTOR                           0x20000098   Data           8  ad9959.o(.data)
    CFR_DATA                                 0x200000a0   Data           3  ad9959.o(.data)
    V_list                                   0x200000a4   Data          80  main.o(.bss)
    V1_list                                  0x200000f4   Data          80  main.o(.bss)
    V2_list                                  0x20000144   Data          80  main.o(.bss)
    v0_buffer                                0x20000194   Data          80  adc.o(.bss)
    v1_buffer                                0x200001e4   Data          80  adc.o(.bss)
    __libspace_start                         0x20000234   Data          96  libspace.o(.bss)
    __temporary_stack_top$libspace           0x20000294   Data           0  libspace.o(.bss)



==============================================================================

Memory Map of the image

  Image Entry point : 0x0000026d

  Load Region LR_IROM1 (Base: 0x00000000, Size: 0x00001b44, Max: 0x00040000, ABSOLUTE)

    Execution Region ER_IROM1 (Exec base: 0x00000000, Load base: 0x00000000, Size: 0x00001aa0, Max: 0x00040000, ABSOLUTE)

    Exec Addr    Load Addr    Size         Type   Attr      Idx    E Section Name        Object

    0x00000000   0x00000000   0x0000026c   Data   RO        12565    RESET               startup_tm4c123.o
    0x0000026c   0x0000026c   0x00000008   Code   RO        12648  * !!!main             c_w.l(__main.o)
    0x00000274   0x00000274   0x00000034   Code   RO        13038    !!!scatter          c_w.l(__scatter.o)
    0x000002a8   0x000002a8   0x0000001a   Code   RO        13040    !!handler_copy      c_w.l(__scatter_copy.o)
    0x000002c2   0x000002c2   0x00000002   PAD
    0x000002c4   0x000002c4   0x0000001c   Code   RO        13042    !!handler_zi        c_w.l(__scatter_zi.o)
    0x000002e0   0x000002e0   0x00000002   Code   RO        12909    .ARM.Collect$$libinit$$00000000  c_w.l(libinit.o)
    0x000002e2   0x000002e2   0x00000004   Code   RO        12918    .ARM.Collect$$libinit$$00000001  c_w.l(libinit2.o)
    0x000002e6   0x000002e6   0x00000000   Code   RO        12921    .ARM.Collect$$libinit$$00000004  c_w.l(libinit2.o)
    0x000002e6   0x000002e6   0x00000000   Code   RO        12924    .ARM.Collect$$libinit$$0000000A  c_w.l(libinit2.o)
    0x000002e6   0x000002e6   0x00000000   Code   RO        12926    .ARM.Collect$$libinit$$0000000C  c_w.l(libinit2.o)
    0x000002e6   0x000002e6   0x00000000   Code   RO        12928    .ARM.Collect$$libinit$$0000000E  c_w.l(libinit2.o)
    0x000002e6   0x000002e6   0x00000000   Code   RO        12931    .ARM.Collect$$libinit$$00000011  c_w.l(libinit2.o)
    0x000002e6   0x000002e6   0x00000000   Code   RO        12933    .ARM.Collect$$libinit$$00000013  c_w.l(libinit2.o)
    0x000002e6   0x000002e6   0x00000000   Code   RO        12935    .ARM.Collect$$libinit$$00000015  c_w.l(libinit2.o)
    0x000002e6   0x000002e6   0x00000000   Code   RO        12937    .ARM.Collect$$libinit$$00000017  c_w.l(libinit2.o)
    0x000002e6   0x000002e6   0x00000000   Code   RO        12939    .ARM.Collect$$libinit$$00000019  c_w.l(libinit2.o)
    0x000002e6   0x000002e6   0x00000000   Code   RO        12941    .ARM.Collect$$libinit$$0000001B  c_w.l(libinit2.o)
    0x000002e6   0x000002e6   0x00000000   Code   RO        12943    .ARM.Collect$$libinit$$0000001D  c_w.l(libinit2.o)
    0x000002e6   0x000002e6   0x00000000   Code   RO        12945    .ARM.Collect$$libinit$$0000001F  c_w.l(libinit2.o)
    0x000002e6   0x000002e6   0x00000000   Code   RO        12947    .ARM.Collect$$libinit$$00000021  c_w.l(libinit2.o)
    0x000002e6   0x000002e6   0x00000000   Code   RO        12949    .ARM.Collect$$libinit$$00000023  c_w.l(libinit2.o)
    0x000002e6   0x000002e6   0x00000000   Code   RO        12951    .ARM.Collect$$libinit$$00000025  c_w.l(libinit2.o)
    0x000002e6   0x000002e6   0x00000000   Code   RO        12955    .ARM.Collect$$libinit$$0000002C  c_w.l(libinit2.o)
    0x000002e6   0x000002e6   0x00000000   Code   RO        12957    .ARM.Collect$$libinit$$0000002E  c_w.l(libinit2.o)
    0x000002e6   0x000002e6   0x00000000   Code   RO        12959    .ARM.Collect$$libinit$$00000030  c_w.l(libinit2.o)
    0x000002e6   0x000002e6   0x00000000   Code   RO        12961    .ARM.Collect$$libinit$$00000032  c_w.l(libinit2.o)
    0x000002e6   0x000002e6   0x00000002   Code   RO        12962    .ARM.Collect$$libinit$$00000033  c_w.l(libinit2.o)
    0x000002e8   0x000002e8   0x00000002   Code   RO        12993    .ARM.Collect$$libshutdown$$00000000  c_w.l(libshutdown.o)
    0x000002ea   0x000002ea   0x00000000   Code   RO        13019    .ARM.Collect$$libshutdown$$00000002  c_w.l(libshutdown2.o)
    0x000002ea   0x000002ea   0x00000000   Code   RO        13021    .ARM.Collect$$libshutdown$$00000004  c_w.l(libshutdown2.o)
    0x000002ea   0x000002ea   0x00000000   Code   RO        13023    .ARM.Collect$$libshutdown$$00000006  c_w.l(libshutdown2.o)
    0x000002ea   0x000002ea   0x00000000   Code   RO        13026    .ARM.Collect$$libshutdown$$00000009  c_w.l(libshutdown2.o)
    0x000002ea   0x000002ea   0x00000000   Code   RO        13029    .ARM.Collect$$libshutdown$$0000000C  c_w.l(libshutdown2.o)
    0x000002ea   0x000002ea   0x00000000   Code   RO        13031    .ARM.Collect$$libshutdown$$0000000E  c_w.l(libshutdown2.o)
    0x000002ea   0x000002ea   0x00000000   Code   RO        13034    .ARM.Collect$$libshutdown$$00000011  c_w.l(libshutdown2.o)
    0x000002ea   0x000002ea   0x00000002   Code   RO        13035    .ARM.Collect$$libshutdown$$00000012  c_w.l(libshutdown2.o)
    0x000002ec   0x000002ec   0x00000000   Code   RO        12814    .ARM.Collect$$rtentry$$00000000  c_w.l(__rtentry.o)
    0x000002ec   0x000002ec   0x00000000   Code   RO        12872    .ARM.Collect$$rtentry$$00000002  c_w.l(__rtentry2.o)
    0x000002ec   0x000002ec   0x00000006   Code   RO        12884    .ARM.Collect$$rtentry$$00000004  c_w.l(__rtentry4.o)
    0x000002f2   0x000002f2   0x00000000   Code   RO        12874    .ARM.Collect$$rtentry$$00000009  c_w.l(__rtentry2.o)
    0x000002f2   0x000002f2   0x00000004   Code   RO        12875    .ARM.Collect$$rtentry$$0000000A  c_w.l(__rtentry2.o)
    0x000002f6   0x000002f6   0x00000000   Code   RO        12877    .ARM.Collect$$rtentry$$0000000C  c_w.l(__rtentry2.o)
    0x000002f6   0x000002f6   0x00000008   Code   RO        12878    .ARM.Collect$$rtentry$$0000000D  c_w.l(__rtentry2.o)
    0x000002fe   0x000002fe   0x00000002   Code   RO        12910    .ARM.Collect$$rtexit$$00000000  c_w.l(rtexit.o)
    0x00000300   0x00000300   0x00000000   Code   RO        12966    .ARM.Collect$$rtexit$$00000002  c_w.l(rtexit2.o)
    0x00000300   0x00000300   0x00000004   Code   RO        12967    .ARM.Collect$$rtexit$$00000003  c_w.l(rtexit2.o)
    0x00000304   0x00000304   0x00000006   Code   RO        12968    .ARM.Collect$$rtexit$$00000004  c_w.l(rtexit2.o)
    0x0000030a   0x0000030a   0x00000002   PAD
    0x0000030c   0x0000030c   0x00000026   Code   RO          835    .emb_text           cpu.o
    0x00000332   0x00000332   0x00000002   PAD
    0x00000334   0x00000334   0x00000006   Code   RO         4256    .emb_text           sysctl.o
    0x0000033a   0x0000033a   0x00000002   PAD
    0x0000033c   0x0000033c   0x00000114   Code   RO        12566    .text               startup_tm4c123.o
    0x00000450   0x00000450   0x00000006   Code   RO        12646    .text               c_w.l(heapauxi.o)
    0x00000456   0x00000456   0x00000002   PAD
    0x00000458   0x00000458   0x00000008   Code   RO        12893    .text               c_w.l(libspace.o)
    0x00000460   0x00000460   0x0000004a   Code   RO        12896    .text               c_w.l(sys_stackheap_outer.o)
    0x000004aa   0x000004aa   0x00000012   Code   RO        12898    .text               c_w.l(exit.o)
    0x000004bc   0x000004bc   0x0000000c   Code   RO        12963    .text               c_w.l(sys_exit.o)
    0x000004c8   0x000004c8   0x00000002   Code   RO        12982    .text               c_w.l(use_no_semi.o)
    0x000004ca   0x000004ca   0x00000000   Code   RO        12984    .text               c_w.l(indicate_semi.o)
    0x000004ca   0x000004ca   0x00000002   PAD
    0x000004cc   0x000004cc   0x00000104   Code   RO         6190    i.AD9959_Init       ad9959.o
    0x000005d0   0x000005d0   0x0000001c   Code   RO         6198    i.AD9959_Set_Amp    ad9959.o
    0x000005ec   0x000005ec   0x0000001c   Code   RO         6199    i.AD9959_Set_Fre    ad9959.o
    0x00000608   0x00000608   0x000000f0   Code   RO         6201    i.AD9959_WriteData  ad9959.o
    0x000006f8   0x000006f8   0x000000a0   Code   RO          114    i.ADC0SS2_Handler   adc.o
    0x00000798   0x00000798   0x00000008   Code   RO          195    i.ADCIntClear       adc_1.o
    0x000007a0   0x000007a0   0x00000012   Code   RO          199    i.ADCIntEnable      adc_1.o
    0x000007b2   0x000007b2   0x0000004e   Code   RO          210    i.ADCSequenceConfigure  adc_1.o
    0x00000800   0x00000800   0x00000022   Code   RO          213    i.ADCSequenceDataGet  adc_1.o
    0x00000822   0x00000822   0x0000000c   Code   RO          214    i.ADCSequenceDisable  adc_1.o
    0x0000082e   0x0000082e   0x0000000c   Code   RO          215    i.ADCSequenceEnable  adc_1.o
    0x0000083a   0x0000083a   0x00000088   Code   RO          218    i.ADCSequenceStepConfigure  adc_1.o
    0x000008c2   0x000008c2   0x00000002   PAD
    0x000008c4   0x000008c4   0x000000b4   Code   RO          115    i.ADC_Init          adc.o
    0x00000978   0x00000978   0x00000032   Code   RO         2090    i.GPIODirModeSet    gpio.o
    0x000009aa   0x000009aa   0x00000002   PAD
    0x000009ac   0x000009ac   0x0000018c   Code   RO         2102    i.GPIOPadConfigSet  gpio.o
    0x00000b38   0x00000b38   0x0000001e   Code   RO         2105    i.GPIOPinTypeADC    gpio.o
    0x00000b56   0x00000b56   0x0000001e   Code   RO         2114    i.GPIOPinTypeGPIOOutput  gpio.o
    0x00000b74   0x00000b74   0x0000000a   Code   RO         2132    i.GPIOPinWrite      gpio.o
    0x00000b7e   0x00000b7e   0x00000036   Code   RO            2    i.GetMaxValue       main.o
    0x00000bb4   0x00000bb4   0x00000004   Code   RO            3    i.HardFault_Handler  main.o
    0x00000bb8   0x00000bb8   0x00000034   Code   RO         6202    i.IO_Update         ad9959.o
    0x00000bec   0x00000bec   0x00000030   Code   RO            4    i.InitControlPin    main.o
    0x00000c1c   0x00000c1c   0x00000074   Code   RO         3078    i.IntEnable         interrupt.o
    0x00000c90   0x00000c90   0x00000010   Code   RO         3081    i.IntMasterEnable   interrupt.o
    0x00000ca0   0x00000ca0   0x00000034   Code   RO         6203    i.IntReset          ad9959.o
    0x00000cd4   0x00000cd4   0x00000094   Code   RO         6204    i.Intserve          ad9959.o
    0x00000d68   0x00000d68   0x00000030   Code   RO         6355    i.PGA113_GPIOInit   pga113.o
    0x00000d98   0x00000d98   0x00000024   Code   RO          116    i.Start_ADC_Sampling  adc.o
    0x00000dbc   0x00000dbc   0x0000016c   Code   RO         4259    i.SysCtlClockGet    sysctl.o
    0x00000f28   0x00000f28   0x0000012c   Code   RO         4261    i.SysCtlClockSet    sysctl.o
    0x00001054   0x00001054   0x00000034   Code   RO         4290    i.SysCtlPeripheralEnable  sysctl.o
    0x00001088   0x00001088   0x00000038   Code   RO         4294    i.SysCtlPeripheralReady  sysctl.o
    0x000010c0   0x000010c0   0x00000012   Code   RO         4659    i.SysTickEnable     systick.o
    0x000010d2   0x000010d2   0x00000012   Code   RO         4661    i.SysTickIntEnable  systick.o
    0x000010e4   0x000010e4   0x0000000a   Code   RO         4665    i.SysTickPeriodSet  systick.o
    0x000010ee   0x000010ee   0x00000002   PAD
    0x000010f0   0x000010f0   0x00000010   Code   RO          148    i.SysTick_Handler   tim.o
    0x00001100   0x00001100   0x00000028   Code   RO          149    i.SysTick_Init      tim.o
    0x00001128   0x00001128   0x00000098   Code   RO        12574    i.SystemInit        system_tm4c123.o
    0x000011c0   0x000011c0   0x00000060   Code   RO         4725    i.TimerConfigure    timer.o
    0x00001220   0x00001220   0x00000048   Code   RO         4729    i.TimerControlTrigger  timer.o
    0x00001268   0x00001268   0x0000000e   Code   RO         4733    i.TimerDisable      timer.o
    0x00001276   0x00001276   0x0000000e   Code   RO         4734    i.TimerEnable       timer.o
    0x00001284   0x00001284   0x00000010   Code   RO         4743    i.TimerLoadSet      timer.o
    0x00001294   0x00001294   0x00000026   Code   RO         6205    i.Write_ACR         ad9959.o
    0x000012ba   0x000012ba   0x00000002   PAD
    0x000012bc   0x000012bc   0x00000064   Code   RO         6206    i.Write_CFTW0       ad9959.o
    0x00001320   0x00001320   0x00000012   Code   RO         6214    i.delay1            ad9959.o
    0x00001332   0x00001332   0x00000002   PAD
    0x00001334   0x00001334   0x00000018   Code   RO          150    i.delay_ms          tim.o
    0x0000134c   0x0000134c   0x0000014c   Code   RO            5    i.main              main.o
    0x00001498   0x00001498   0x0000005a   Code   RO        12674    x$fpl$dfixu         fz_wm.l(dfixu.o)
    0x000014f2   0x000014f2   0x00000026   Code   RO        12678    x$fpl$dfltu         fz_wm.l(dflt_clz.o)
    0x00001518   0x00001518   0x00000154   Code   RO        12686    x$fpl$dmul          fz_wm.l(dmul.o)
    0x0000166c   0x0000166c   0x0000009c   Code   RO        12823    x$fpl$dnaninf       fz_wm.l(dnaninf.o)
    0x00001708   0x00001708   0x0000000c   Code   RO        12825    x$fpl$dretinf       fz_wm.l(dretinf.o)
    0x00001714   0x00001714   0x0000000a   Code   RO        12978    x$fpl$fpinit        fz_wm.l(fpinit.o)
    0x0000171e   0x0000171e   0x00000000   Code   RO        12835    x$fpl$usenofp       fz_wm.l(usenofp.o)
    0x0000171e   0x0000171e   0x00000002   PAD
    0x00001720   0x00001720   0x0000010c   Data   RO         3094    .constdata          interrupt.o
    0x0000182c   0x0000182c   0x00000254   Data   RO         4314    .constdata          sysctl.o
    0x00001a80   0x00001a80   0x00000020   Data   RO        13036    Region$$Table       anon$$obj.o


    Execution Region RW_IRAM1 (Exec base: 0x20000000, Load base: 0x00001aa0, Size: 0x00000498, Max: 0x00008000, ABSOLUTE)

    Exec Addr    Load Addr    Size         Type   Attr      Idx    E Section Name        Object

    0x20000000   0x00001aa0   0x00000084   Data   RW            7    .data               main.o
    0x20000084   0x00001b24   0x00000004   Data   RW          118    .data               adc.o
    0x20000088   0x00001b28   0x00000004   Data   RW          152    .data               tim.o
    0x2000008c   0x00001b2c   0x00000004   PAD
    0x20000090   0x00001b30   0x00000013   Data   RW         6215    .data               ad9959.o
    0x200000a3   0x00001b43   0x00000001   PAD
    0x200000a4        -       0x000000f0   Zero   RW            6    .bss                main.o
    0x20000194        -       0x000000a0   Zero   RW          117    .bss                adc.o
    0x20000234        -       0x00000060   Zero   RW        12894    .bss                c_w.l(libspace.o)
    0x20000294   0x00001b43   0x00000004   PAD
    0x20000298        -       0x00000000   Zero   RW        12564    HEAP                startup_tm4c123.o
    0x20000298        -       0x00000200   Zero   RW        12563    STACK               startup_tm4c123.o


==============================================================================

Image component sizes


      Code (inc. data)   RO Data    RW Data    ZI Data      Debug   Object Name

       964         62          0         19          0       6684   ad9959.o
       376         68          0          4        160       2233   adc.o
       298          0          0          0          0       5373   adc_1.o
        38          0          0          0          0        600   cpu.o
       516         12          0          0          0       3232   gpio.o
       132          8        268          0          0       2138   interrupt.o
       438         42          0        132        240       8089   main.o
        48          8          0          0          0        490   pga113.o
       276         24        620          0        512       5448   startup_tm4c123.o
       778         70        596          0          0       4943   sysctl.o
       152         40          0          0          0        597   system_tm4c123.o
        46          0          0          0          0       1410   systick.o
        80         14          0          4          0       2016   tim.o
       212         24          0          0          0       2883   timer.o

    ----------------------------------------------------------------------
      4368        372       1516        164        912      46136   Object Totals
         0          0         32          0          0          0   (incl. Generated)
        14          0          0          5          0          0   (incl. Padding)

    ----------------------------------------------------------------------

      Code (inc. data)   RO Data    RW Data    ZI Data      Debug   Library Member Name

         8          0          0          0          0         68   __main.o
         0          0          0          0          0          0   __rtentry.o
        12          0          0          0          0          0   __rtentry2.o
         6          0          0          0          0          0   __rtentry4.o
        52          8          0          0          0          0   __scatter.o
        26          0          0          0          0          0   __scatter_copy.o
        28          0          0          0          0          0   __scatter_zi.o
        18          0          0          0          0         80   exit.o
         6          0          0          0          0        152   heapauxi.o
         0          0          0          0          0          0   indicate_semi.o
         2          0          0          0          0          0   libinit.o
         6          0          0          0          0          0   libinit2.o
         2          0          0          0          0          0   libshutdown.o
         2          0          0          0          0          0   libshutdown2.o
         8          4          0          0         96         68   libspace.o
         2          0          0          0          0          0   rtexit.o
        10          0          0          0          0          0   rtexit2.o
        12          4          0          0          0         68   sys_exit.o
        74          0          0          0          0         80   sys_stackheap_outer.o
         2          0          0          0          0         68   use_no_semi.o
        90          4          0          0          0        140   dfixu.o
        38          0          0          0          0        116   dflt_clz.o
       340         12          0          0          0        152   dmul.o
       156          4          0          0          0        140   dnaninf.o
        12          0          0          0          0        116   dretinf.o
        10          0          0          0          0        116   fpinit.o
         0          0          0          0          0          0   usenofp.o

    ----------------------------------------------------------------------
       932         36          0          0        100       1364   Library Totals
        10          0          0          0          4          0   (incl. Padding)

    ----------------------------------------------------------------------

      Code (inc. data)   RO Data    RW Data    ZI Data      Debug   Library Name

       276         16          0          0         96        584   c_w.l
       646         20          0          0          0        780   fz_wm.l

    ----------------------------------------------------------------------
       932         36          0          0        100       1364   Library Totals

    ----------------------------------------------------------------------

==============================================================================


      Code (inc. data)   RO Data    RW Data    ZI Data      Debug   

      5300        408       1516        164       1012      42444   Grand Totals
      5300        408       1516        164       1012      42444   ELF Image Totals
      5300        408       1516        164          0          0   ROM Totals

==============================================================================

    Total RO  Size (Code + RO Data)                 6816 (   6.66kB)
    Total RW  Size (RW Data + ZI Data)              1176 (   1.15kB)
    Total ROM Size (Code + RO Data + RW Data)       6980 (   6.82kB)

==============================================================================

