<!doctype html public "-//w3c//dtd html 4.0 transitional//en">
<html><head>
<title>Static Call Graph - [.\Objects\AD9854.axf]</title></head>
<body><HR>
<H1>Static Call Graph for image .\Objects\AD9854.axf</H1><HR>
<BR><P>#&#060CALLGRAPH&#062# ARM Linker, 5060750: Last Updated: Sat Jul 24 16:21:53 2021
<BR><P>
<H3>Maximum Stack Usage =        200 bytes + Unknown(Cycles, Untraceable Function Pointers)</H3><H3>
Call chain for Maximum Stack Depth:</H3>
main &rArr; SystemClock_Config &rArr; HAL_RCC_ClockConfig &rArr; HAL_InitTick &rArr; HAL_NVIC_SetPriority &rArr; __NVIC_SetPriority
<P>
<H3>
Mutually Recursive functions
</H3> <LI><a href="#[82]">ADC3_IRQHandler</a>&nbsp;&nbsp;&nbsp;&rArr;&nbsp;&nbsp;&nbsp;<a href="#[82]">ADC3_IRQHandler</a><BR>
</UL>
<P>
<H3>
Function Pointers
</H3><UL>
 <LI><a href="#[82]">ADC3_IRQHandler</a> from startup_stm32h750xx.o(.text) referenced from startup_stm32h750xx.o(RESET)
 <LI><a href="#[1c]">ADC_IRQHandler</a> from startup_stm32h750xx.o(.text) referenced from startup_stm32h750xx.o(RESET)
 <LI><a href="#[84]">BDMA_Channel0_IRQHandler</a> from startup_stm32h750xx.o(.text) referenced from startup_stm32h750xx.o(RESET)
 <LI><a href="#[85]">BDMA_Channel1_IRQHandler</a> from startup_stm32h750xx.o(.text) referenced from startup_stm32h750xx.o(RESET)
 <LI><a href="#[86]">BDMA_Channel2_IRQHandler</a> from startup_stm32h750xx.o(.text) referenced from startup_stm32h750xx.o(RESET)
 <LI><a href="#[87]">BDMA_Channel3_IRQHandler</a> from startup_stm32h750xx.o(.text) referenced from startup_stm32h750xx.o(RESET)
 <LI><a href="#[88]">BDMA_Channel4_IRQHandler</a> from startup_stm32h750xx.o(.text) referenced from startup_stm32h750xx.o(RESET)
 <LI><a href="#[89]">BDMA_Channel5_IRQHandler</a> from startup_stm32h750xx.o(.text) referenced from startup_stm32h750xx.o(RESET)
 <LI><a href="#[8a]">BDMA_Channel6_IRQHandler</a> from startup_stm32h750xx.o(.text) referenced from startup_stm32h750xx.o(RESET)
 <LI><a href="#[8b]">BDMA_Channel7_IRQHandler</a> from startup_stm32h750xx.o(.text) referenced from startup_stm32h750xx.o(RESET)
 <LI><a href="#[4]">BusFault_Handler</a> from stm32h7xx_it.o(i.BusFault_Handler) referenced from startup_stm32h750xx.o(RESET)
 <LI><a href="#[63]">CEC_IRQHandler</a> from startup_stm32h750xx.o(.text) referenced from startup_stm32h750xx.o(RESET)
 <LI><a href="#[8c]">COMP1_IRQHandler</a> from startup_stm32h750xx.o(.text) referenced from startup_stm32h750xx.o(RESET)
 <LI><a href="#[92]">CRS_IRQHandler</a> from startup_stm32h750xx.o(.text) referenced from startup_stm32h750xx.o(RESET)
 <LI><a href="#[54]">CRYP_IRQHandler</a> from startup_stm32h750xx.o(.text) referenced from startup_stm32h750xx.o(RESET)
 <LI><a href="#[53]">DCMI_IRQHandler</a> from startup_stm32h750xx.o(.text) referenced from startup_stm32h750xx.o(RESET)
 <LI><a href="#[73]">DFSDM1_FLT0_IRQHandler</a> from startup_stm32h750xx.o(.text) referenced from startup_stm32h750xx.o(RESET)
 <LI><a href="#[74]">DFSDM1_FLT1_IRQHandler</a> from startup_stm32h750xx.o(.text) referenced from startup_stm32h750xx.o(RESET)
 <LI><a href="#[75]">DFSDM1_FLT2_IRQHandler</a> from startup_stm32h750xx.o(.text) referenced from startup_stm32h750xx.o(RESET)
 <LI><a href="#[76]">DFSDM1_FLT3_IRQHandler</a> from startup_stm32h750xx.o(.text) referenced from startup_stm32h750xx.o(RESET)
 <LI><a href="#[15]">DMA1_Stream0_IRQHandler</a> from startup_stm32h750xx.o(.text) referenced from startup_stm32h750xx.o(RESET)
 <LI><a href="#[16]">DMA1_Stream1_IRQHandler</a> from startup_stm32h750xx.o(.text) referenced from startup_stm32h750xx.o(RESET)
 <LI><a href="#[17]">DMA1_Stream2_IRQHandler</a> from startup_stm32h750xx.o(.text) referenced from startup_stm32h750xx.o(RESET)
 <LI><a href="#[18]">DMA1_Stream3_IRQHandler</a> from startup_stm32h750xx.o(.text) referenced from startup_stm32h750xx.o(RESET)
 <LI><a href="#[19]">DMA1_Stream4_IRQHandler</a> from startup_stm32h750xx.o(.text) referenced from startup_stm32h750xx.o(RESET)
 <LI><a href="#[1a]">DMA1_Stream5_IRQHandler</a> from startup_stm32h750xx.o(.text) referenced from startup_stm32h750xx.o(RESET)
 <LI><a href="#[1b]">DMA1_Stream6_IRQHandler</a> from startup_stm32h750xx.o(.text) referenced from startup_stm32h750xx.o(RESET)
 <LI><a href="#[38]">DMA1_Stream7_IRQHandler</a> from startup_stm32h750xx.o(.text) referenced from startup_stm32h750xx.o(RESET)
 <LI><a href="#[5f]">DMA2D_IRQHandler</a> from startup_stm32h750xx.o(.text) referenced from startup_stm32h750xx.o(RESET)
 <LI><a href="#[41]">DMA2_Stream0_IRQHandler</a> from startup_stm32h750xx.o(.text) referenced from startup_stm32h750xx.o(RESET)
 <LI><a href="#[42]">DMA2_Stream1_IRQHandler</a> from startup_stm32h750xx.o(.text) referenced from startup_stm32h750xx.o(RESET)
 <LI><a href="#[43]">DMA2_Stream2_IRQHandler</a> from startup_stm32h750xx.o(.text) referenced from startup_stm32h750xx.o(RESET)
 <LI><a href="#[44]">DMA2_Stream3_IRQHandler</a> from startup_stm32h750xx.o(.text) referenced from startup_stm32h750xx.o(RESET)
 <LI><a href="#[45]">DMA2_Stream4_IRQHandler</a> from startup_stm32h750xx.o(.text) referenced from startup_stm32h750xx.o(RESET)
 <LI><a href="#[49]">DMA2_Stream5_IRQHandler</a> from startup_stm32h750xx.o(.text) referenced from startup_stm32h750xx.o(RESET)
 <LI><a href="#[4a]">DMA2_Stream6_IRQHandler</a> from startup_stm32h750xx.o(.text) referenced from startup_stm32h750xx.o(RESET)
 <LI><a href="#[4b]">DMA2_Stream7_IRQHandler</a> from startup_stm32h750xx.o(.text) referenced from startup_stm32h750xx.o(RESET)
 <LI><a href="#[6b]">DMAMUX1_OVR_IRQHandler</a> from startup_stm32h750xx.o(.text) referenced from startup_stm32h750xx.o(RESET)
 <LI><a href="#[83]">DMAMUX2_OVR_IRQHandler</a> from startup_stm32h750xx.o(.text) referenced from startup_stm32h750xx.o(RESET)
 <LI><a href="#[7]">DebugMon_Handler</a> from stm32h7xx_it.o(i.DebugMon_Handler) referenced from startup_stm32h750xx.o(RESET)
 <LI><a href="#[46]">ETH_IRQHandler</a> from startup_stm32h750xx.o(.text) referenced from startup_stm32h750xx.o(RESET)
 <LI><a href="#[47]">ETH_WKUP_IRQHandler</a> from startup_stm32h750xx.o(.text) referenced from startup_stm32h750xx.o(RESET)
 <LI><a href="#[10]">EXTI0_IRQHandler</a> from startup_stm32h750xx.o(.text) referenced from startup_stm32h750xx.o(RESET)
 <LI><a href="#[32]">EXTI15_10_IRQHandler</a> from startup_stm32h750xx.o(.text) referenced from startup_stm32h750xx.o(RESET)
 <LI><a href="#[11]">EXTI1_IRQHandler</a> from startup_stm32h750xx.o(.text) referenced from startup_stm32h750xx.o(RESET)
 <LI><a href="#[12]">EXTI2_IRQHandler</a> from startup_stm32h750xx.o(.text) referenced from startup_stm32h750xx.o(RESET)
 <LI><a href="#[13]">EXTI3_IRQHandler</a> from startup_stm32h750xx.o(.text) referenced from startup_stm32h750xx.o(RESET)
 <LI><a href="#[14]">EXTI4_IRQHandler</a> from startup_stm32h750xx.o(.text) referenced from startup_stm32h750xx.o(RESET)
 <LI><a href="#[21]">EXTI9_5_IRQHandler</a> from startup_stm32h750xx.o(.text) referenced from startup_stm32h750xx.o(RESET)
 <LI><a href="#[1d]">FDCAN1_IT0_IRQHandler</a> from startup_stm32h750xx.o(.text) referenced from startup_stm32h750xx.o(RESET)
 <LI><a href="#[1f]">FDCAN1_IT1_IRQHandler</a> from startup_stm32h750xx.o(.text) referenced from startup_stm32h750xx.o(RESET)
 <LI><a href="#[1e]">FDCAN2_IT0_IRQHandler</a> from startup_stm32h750xx.o(.text) referenced from startup_stm32h750xx.o(RESET)
 <LI><a href="#[20]">FDCAN2_IT1_IRQHandler</a> from startup_stm32h750xx.o(.text) referenced from startup_stm32h750xx.o(RESET)
 <LI><a href="#[48]">FDCAN_CAL_IRQHandler</a> from startup_stm32h750xx.o(.text) referenced from startup_stm32h750xx.o(RESET)
 <LI><a href="#[e]">FLASH_IRQHandler</a> from startup_stm32h750xx.o(.text) referenced from startup_stm32h750xx.o(RESET)
 <LI><a href="#[39]">FMC_IRQHandler</a> from startup_stm32h750xx.o(.text) referenced from startup_stm32h750xx.o(RESET)
 <LI><a href="#[56]">FPU_IRQHandler</a> from startup_stm32h750xx.o(.text) referenced from startup_stm32h750xx.o(RESET)
 <LI><a href="#[55]">HASH_RNG_IRQHandler</a> from startup_stm32h750xx.o(.text) referenced from startup_stm32h750xx.o(RESET)
 <LI><a href="#[72]">HRTIM1_FLT_IRQHandler</a> from startup_stm32h750xx.o(.text) referenced from startup_stm32h750xx.o(RESET)
 <LI><a href="#[6c]">HRTIM1_Master_IRQHandler</a> from startup_stm32h750xx.o(.text) referenced from startup_stm32h750xx.o(RESET)
 <LI><a href="#[6d]">HRTIM1_TIMA_IRQHandler</a> from startup_stm32h750xx.o(.text) referenced from startup_stm32h750xx.o(RESET)
 <LI><a href="#[6e]">HRTIM1_TIMB_IRQHandler</a> from startup_stm32h750xx.o(.text) referenced from startup_stm32h750xx.o(RESET)
 <LI><a href="#[6f]">HRTIM1_TIMC_IRQHandler</a> from startup_stm32h750xx.o(.text) referenced from startup_stm32h750xx.o(RESET)
 <LI><a href="#[70]">HRTIM1_TIMD_IRQHandler</a> from startup_stm32h750xx.o(.text) referenced from startup_stm32h750xx.o(RESET)
 <LI><a href="#[71]">HRTIM1_TIME_IRQHandler</a> from startup_stm32h750xx.o(.text) referenced from startup_stm32h750xx.o(RESET)
 <LI><a href="#[81]">HSEM1_IRQHandler</a> from startup_stm32h750xx.o(.text) referenced from startup_stm32h750xx.o(RESET)
 <LI><a href="#[2]">HardFault_Handler</a> from stm32h7xx_it.o(i.HardFault_Handler) referenced from startup_stm32h750xx.o(RESET)
 <LI><a href="#[2a]">I2C1_ER_IRQHandler</a> from startup_stm32h750xx.o(.text) referenced from startup_stm32h750xx.o(RESET)
 <LI><a href="#[29]">I2C1_EV_IRQHandler</a> from startup_stm32h750xx.o(.text) referenced from startup_stm32h750xx.o(RESET)
 <LI><a href="#[2c]">I2C2_ER_IRQHandler</a> from startup_stm32h750xx.o(.text) referenced from startup_stm32h750xx.o(RESET)
 <LI><a href="#[2b]">I2C2_EV_IRQHandler</a> from startup_stm32h750xx.o(.text) referenced from startup_stm32h750xx.o(RESET)
 <LI><a href="#[4e]">I2C3_ER_IRQHandler</a> from startup_stm32h750xx.o(.text) referenced from startup_stm32h750xx.o(RESET)
 <LI><a href="#[4d]">I2C3_EV_IRQHandler</a> from startup_stm32h750xx.o(.text) referenced from startup_stm32h750xx.o(RESET)
 <LI><a href="#[65]">I2C4_ER_IRQHandler</a> from startup_stm32h750xx.o(.text) referenced from startup_stm32h750xx.o(RESET)
 <LI><a href="#[64]">I2C4_EV_IRQHandler</a> from startup_stm32h750xx.o(.text) referenced from startup_stm32h750xx.o(RESET)
 <LI><a href="#[7e]">JPEG_IRQHandler</a> from startup_stm32h750xx.o(.text) referenced from startup_stm32h750xx.o(RESET)
 <LI><a href="#[62]">LPTIM1_IRQHandler</a> from startup_stm32h750xx.o(.text) referenced from startup_stm32h750xx.o(RESET)
 <LI><a href="#[8d]">LPTIM2_IRQHandler</a> from startup_stm32h750xx.o(.text) referenced from startup_stm32h750xx.o(RESET)
 <LI><a href="#[8e]">LPTIM3_IRQHandler</a> from startup_stm32h750xx.o(.text) referenced from startup_stm32h750xx.o(RESET)
 <LI><a href="#[8f]">LPTIM4_IRQHandler</a> from startup_stm32h750xx.o(.text) referenced from startup_stm32h750xx.o(RESET)
 <LI><a href="#[90]">LPTIM5_IRQHandler</a> from startup_stm32h750xx.o(.text) referenced from startup_stm32h750xx.o(RESET)
 <LI><a href="#[91]">LPUART1_IRQHandler</a> from startup_stm32h750xx.o(.text) referenced from startup_stm32h750xx.o(RESET)
 <LI><a href="#[5e]">LTDC_ER_IRQHandler</a> from startup_stm32h750xx.o(.text) referenced from startup_stm32h750xx.o(RESET)
 <LI><a href="#[5d]">LTDC_IRQHandler</a> from startup_stm32h750xx.o(.text) referenced from startup_stm32h750xx.o(RESET)
 <LI><a href="#[7d]">MDIOS_IRQHandler</a> from startup_stm32h750xx.o(.text) referenced from startup_stm32h750xx.o(RESET)
 <LI><a href="#[7c]">MDIOS_WKUP_IRQHandler</a> from startup_stm32h750xx.o(.text) referenced from startup_stm32h750xx.o(RESET)
 <LI><a href="#[7f]">MDMA_IRQHandler</a> from startup_stm32h750xx.o(.text) referenced from startup_stm32h750xx.o(RESET)
 <LI><a href="#[3]">MemManage_Handler</a> from stm32h7xx_it.o(i.MemManage_Handler) referenced from startup_stm32h750xx.o(RESET)
 <LI><a href="#[1]">NMI_Handler</a> from stm32h7xx_it.o(i.NMI_Handler) referenced from startup_stm32h750xx.o(RESET)
 <LI><a href="#[68]">OTG_FS_EP1_IN_IRQHandler</a> from startup_stm32h750xx.o(.text) referenced from startup_stm32h750xx.o(RESET)
 <LI><a href="#[67]">OTG_FS_EP1_OUT_IRQHandler</a> from startup_stm32h750xx.o(.text) referenced from startup_stm32h750xx.o(RESET)
 <LI><a href="#[6a]">OTG_FS_IRQHandler</a> from startup_stm32h750xx.o(.text) referenced from startup_stm32h750xx.o(RESET)
 <LI><a href="#[69]">OTG_FS_WKUP_IRQHandler</a> from startup_stm32h750xx.o(.text) referenced from startup_stm32h750xx.o(RESET)
 <LI><a href="#[50]">OTG_HS_EP1_IN_IRQHandler</a> from startup_stm32h750xx.o(.text) referenced from startup_stm32h750xx.o(RESET)
 <LI><a href="#[4f]">OTG_HS_EP1_OUT_IRQHandler</a> from startup_stm32h750xx.o(.text) referenced from startup_stm32h750xx.o(RESET)
 <LI><a href="#[52]">OTG_HS_IRQHandler</a> from startup_stm32h750xx.o(.text) referenced from startup_stm32h750xx.o(RESET)
 <LI><a href="#[51]">OTG_HS_WKUP_IRQHandler</a> from startup_stm32h750xx.o(.text) referenced from startup_stm32h750xx.o(RESET)
 <LI><a href="#[b]">PVD_AVD_IRQHandler</a> from startup_stm32h750xx.o(.text) referenced from startup_stm32h750xx.o(RESET)
 <LI><a href="#[8]">PendSV_Handler</a> from stm32h7xx_it.o(i.PendSV_Handler) referenced from startup_stm32h750xx.o(RESET)
 <LI><a href="#[61]">QUADSPI_IRQHandler</a> from startup_stm32h750xx.o(.text) referenced from startup_stm32h750xx.o(RESET)
 <LI><a href="#[f]">RCC_IRQHandler</a> from startup_stm32h750xx.o(.text) referenced from startup_stm32h750xx.o(RESET)
 <LI><a href="#[33]">RTC_Alarm_IRQHandler</a> from startup_stm32h750xx.o(.text) referenced from startup_stm32h750xx.o(RESET)
 <LI><a href="#[d]">RTC_WKUP_IRQHandler</a> from startup_stm32h750xx.o(.text) referenced from startup_stm32h750xx.o(RESET)
 <LI><a href="#[0]">Reset_Handler</a> from startup_stm32h750xx.o(.text) referenced from startup_stm32h750xx.o(RESET)
 <LI><a href="#[5c]">SAI1_IRQHandler</a> from startup_stm32h750xx.o(.text) referenced from startup_stm32h750xx.o(RESET)
 <LI><a href="#[60]">SAI2_IRQHandler</a> from startup_stm32h750xx.o(.text) referenced from startup_stm32h750xx.o(RESET)
 <LI><a href="#[77]">SAI3_IRQHandler</a> from startup_stm32h750xx.o(.text) referenced from startup_stm32h750xx.o(RESET)
 <LI><a href="#[93]">SAI4_IRQHandler</a> from startup_stm32h750xx.o(.text) referenced from startup_stm32h750xx.o(RESET)
 <LI><a href="#[3a]">SDMMC1_IRQHandler</a> from startup_stm32h750xx.o(.text) referenced from startup_stm32h750xx.o(RESET)
 <LI><a href="#[80]">SDMMC2_IRQHandler</a> from startup_stm32h750xx.o(.text) referenced from startup_stm32h750xx.o(RESET)
 <LI><a href="#[66]">SPDIF_RX_IRQHandler</a> from startup_stm32h750xx.o(.text) referenced from startup_stm32h750xx.o(RESET)
 <LI><a href="#[2d]">SPI1_IRQHandler</a> from startup_stm32h750xx.o(.text) referenced from startup_stm32h750xx.o(RESET)
 <LI><a href="#[2e]">SPI2_IRQHandler</a> from startup_stm32h750xx.o(.text) referenced from startup_stm32h750xx.o(RESET)
 <LI><a href="#[3c]">SPI3_IRQHandler</a> from startup_stm32h750xx.o(.text) referenced from startup_stm32h750xx.o(RESET)
 <LI><a href="#[59]">SPI4_IRQHandler</a> from startup_stm32h750xx.o(.text) referenced from startup_stm32h750xx.o(RESET)
 <LI><a href="#[5a]">SPI5_IRQHandler</a> from startup_stm32h750xx.o(.text) referenced from startup_stm32h750xx.o(RESET)
 <LI><a href="#[5b]">SPI6_IRQHandler</a> from startup_stm32h750xx.o(.text) referenced from startup_stm32h750xx.o(RESET)
 <LI><a href="#[6]">SVC_Handler</a> from stm32h7xx_it.o(i.SVC_Handler) referenced from startup_stm32h750xx.o(RESET)
 <LI><a href="#[78]">SWPMI1_IRQHandler</a> from startup_stm32h750xx.o(.text) referenced from startup_stm32h750xx.o(RESET)
 <LI><a href="#[9]">SysTick_Handler</a> from stm32h7xx_it.o(i.SysTick_Handler) referenced from startup_stm32h750xx.o(RESET)
 <LI><a href="#[96]">SystemInit</a> from system_stm32h7xx.o(i.SystemInit) referenced from startup_stm32h750xx.o(.text)
 <LI><a href="#[c]">TAMP_STAMP_IRQHandler</a> from startup_stm32h750xx.o(.text) referenced from startup_stm32h750xx.o(RESET)
 <LI><a href="#[79]">TIM15_IRQHandler</a> from startup_stm32h750xx.o(.text) referenced from startup_stm32h750xx.o(RESET)
 <LI><a href="#[7a]">TIM16_IRQHandler</a> from startup_stm32h750xx.o(.text) referenced from startup_stm32h750xx.o(RESET)
 <LI><a href="#[7b]">TIM17_IRQHandler</a> from startup_stm32h750xx.o(.text) referenced from startup_stm32h750xx.o(RESET)
 <LI><a href="#[22]">TIM1_BRK_IRQHandler</a> from startup_stm32h750xx.o(.text) referenced from startup_stm32h750xx.o(RESET)
 <LI><a href="#[25]">TIM1_CC_IRQHandler</a> from startup_stm32h750xx.o(.text) referenced from startup_stm32h750xx.o(RESET)
 <LI><a href="#[24]">TIM1_TRG_COM_IRQHandler</a> from startup_stm32h750xx.o(.text) referenced from startup_stm32h750xx.o(RESET)
 <LI><a href="#[23]">TIM1_UP_IRQHandler</a> from startup_stm32h750xx.o(.text) referenced from startup_stm32h750xx.o(RESET)
 <LI><a href="#[26]">TIM2_IRQHandler</a> from startup_stm32h750xx.o(.text) referenced from startup_stm32h750xx.o(RESET)
 <LI><a href="#[27]">TIM3_IRQHandler</a> from timer.o(i.TIM3_IRQHandler) referenced from startup_stm32h750xx.o(RESET)
 <LI><a href="#[28]">TIM4_IRQHandler</a> from startup_stm32h750xx.o(.text) referenced from startup_stm32h750xx.o(RESET)
 <LI><a href="#[3b]">TIM5_IRQHandler</a> from startup_stm32h750xx.o(.text) referenced from startup_stm32h750xx.o(RESET)
 <LI><a href="#[3f]">TIM6_DAC_IRQHandler</a> from startup_stm32h750xx.o(.text) referenced from startup_stm32h750xx.o(RESET)
 <LI><a href="#[40]">TIM7_IRQHandler</a> from startup_stm32h750xx.o(.text) referenced from startup_stm32h750xx.o(RESET)
 <LI><a href="#[34]">TIM8_BRK_TIM12_IRQHandler</a> from startup_stm32h750xx.o(.text) referenced from startup_stm32h750xx.o(RESET)
 <LI><a href="#[37]">TIM8_CC_IRQHandler</a> from startup_stm32h750xx.o(.text) referenced from startup_stm32h750xx.o(RESET)
 <LI><a href="#[36]">TIM8_TRG_COM_TIM14_IRQHandler</a> from startup_stm32h750xx.o(.text) referenced from startup_stm32h750xx.o(RESET)
 <LI><a href="#[35]">TIM8_UP_TIM13_IRQHandler</a> from startup_stm32h750xx.o(.text) referenced from startup_stm32h750xx.o(RESET)
 <LI><a href="#[3d]">UART4_IRQHandler</a> from startup_stm32h750xx.o(.text) referenced from startup_stm32h750xx.o(RESET)
 <LI><a href="#[3e]">UART5_IRQHandler</a> from startup_stm32h750xx.o(.text) referenced from startup_stm32h750xx.o(RESET)
 <LI><a href="#[57]">UART7_IRQHandler</a> from startup_stm32h750xx.o(.text) referenced from startup_stm32h750xx.o(RESET)
 <LI><a href="#[58]">UART8_IRQHandler</a> from startup_stm32h750xx.o(.text) referenced from startup_stm32h750xx.o(RESET)
 <LI><a href="#[2f]">USART1_IRQHandler</a> from startup_stm32h750xx.o(.text) referenced from startup_stm32h750xx.o(RESET)
 <LI><a href="#[30]">USART2_IRQHandler</a> from startup_stm32h750xx.o(.text) referenced from startup_stm32h750xx.o(RESET)
 <LI><a href="#[31]">USART3_IRQHandler</a> from startup_stm32h750xx.o(.text) referenced from startup_stm32h750xx.o(RESET)
 <LI><a href="#[4c]">USART6_IRQHandler</a> from startup_stm32h750xx.o(.text) referenced from startup_stm32h750xx.o(RESET)
 <LI><a href="#[5]">UsageFault_Handler</a> from stm32h7xx_it.o(i.UsageFault_Handler) referenced from startup_stm32h750xx.o(RESET)
 <LI><a href="#[94]">WAKEUP_PIN_IRQHandler</a> from startup_stm32h750xx.o(.text) referenced from startup_stm32h750xx.o(RESET)
 <LI><a href="#[a]">WWDG_IRQHandler</a> from startup_stm32h750xx.o(.text) referenced from startup_stm32h750xx.o(RESET)
 <LI><a href="#[97]">__main</a> from entry.o(.ARM.Collect$$$$00000000) referenced from startup_stm32h750xx.o(.text)
 <LI><a href="#[98]">_sputc</a> from printf4.o(i._sputc) referenced from printf4.o(i.__0sprintf$4)
 <LI><a href="#[95]">main</a> from main.o(i.main) referenced from entry9a.o(.ARM.Collect$$$$0000000B)
</UL>
<P>
<H3>
Global Symbols
</H3>
<P><STRONG><a name="[97]"></a>__main</STRONG> (Thumb, 0 bytes, Stack size unknown bytes, entry.o(.ARM.Collect$$$$00000000))
<BR>[Address Reference Count : 1]<UL><LI> startup_stm32h750xx.o(.text)
</UL>
<P><STRONG><a name="[f2]"></a>_main_stk</STRONG> (Thumb, 0 bytes, Stack size unknown bytes, entry2.o(.ARM.Collect$$$$00000001))

<P><STRONG><a name="[99]"></a>_main_scatterload</STRONG> (Thumb, 0 bytes, Stack size unknown bytes, entry5.o(.ARM.Collect$$$$00000004))
<BR><BR>[Calls]<UL><LI><a href="#[9a]">&gt;&gt;</a>&nbsp;&nbsp;&nbsp;__scatterload
</UL>

<P><STRONG><a name="[a1]"></a>__main_after_scatterload</STRONG> (Thumb, 0 bytes, Stack size unknown bytes, entry5.o(.ARM.Collect$$$$00000004))
<BR><BR>[Called By]<UL><LI><a href="#[9a]">&gt;&gt;</a>&nbsp;&nbsp;&nbsp;__scatterload
</UL>

<P><STRONG><a name="[f3]"></a>_main_clock</STRONG> (Thumb, 0 bytes, Stack size unknown bytes, entry7b.o(.ARM.Collect$$$$00000008))

<P><STRONG><a name="[f4]"></a>_main_cpp_init</STRONG> (Thumb, 0 bytes, Stack size unknown bytes, entry8b.o(.ARM.Collect$$$$0000000A))

<P><STRONG><a name="[f5]"></a>_main_init</STRONG> (Thumb, 0 bytes, Stack size unknown bytes, entry9a.o(.ARM.Collect$$$$0000000B))

<P><STRONG><a name="[f6]"></a>__rt_final_cpp</STRONG> (Thumb, 0 bytes, Stack size unknown bytes, entry10a.o(.ARM.Collect$$$$0000000D))

<P><STRONG><a name="[f7]"></a>__rt_final_exit</STRONG> (Thumb, 0 bytes, Stack size unknown bytes, entry11a.o(.ARM.Collect$$$$0000000F))

<P><STRONG><a name="[0]"></a>Reset_Handler</STRONG> (Thumb, 8 bytes, Stack size 0 bytes, startup_stm32h750xx.o(.text))
<BR>[Address Reference Count : 1]<UL><LI> startup_stm32h750xx.o(RESET)
</UL>
<P><STRONG><a name="[82]"></a>ADC3_IRQHandler</STRONG> (Thumb, 0 bytes, Stack size 0 bytes, startup_stm32h750xx.o(.text))
<BR><BR>[Calls]<UL><LI><a href="#[82]">&gt;&gt;</a>&nbsp;&nbsp;&nbsp;ADC3_IRQHandler
</UL>
<BR>[Called By]<UL><LI><a href="#[82]">&gt;&gt;</a>&nbsp;&nbsp;&nbsp;ADC3_IRQHandler
</UL>
<BR>[Address Reference Count : 1]<UL><LI> startup_stm32h750xx.o(RESET)
</UL>
<P><STRONG><a name="[1c]"></a>ADC_IRQHandler</STRONG> (Thumb, 0 bytes, Stack size 0 bytes, startup_stm32h750xx.o(.text))
<BR>[Address Reference Count : 1]<UL><LI> startup_stm32h750xx.o(RESET)
</UL>
<P><STRONG><a name="[84]"></a>BDMA_Channel0_IRQHandler</STRONG> (Thumb, 0 bytes, Stack size 0 bytes, startup_stm32h750xx.o(.text))
<BR>[Address Reference Count : 1]<UL><LI> startup_stm32h750xx.o(RESET)
</UL>
<P><STRONG><a name="[85]"></a>BDMA_Channel1_IRQHandler</STRONG> (Thumb, 0 bytes, Stack size 0 bytes, startup_stm32h750xx.o(.text))
<BR>[Address Reference Count : 1]<UL><LI> startup_stm32h750xx.o(RESET)
</UL>
<P><STRONG><a name="[86]"></a>BDMA_Channel2_IRQHandler</STRONG> (Thumb, 0 bytes, Stack size 0 bytes, startup_stm32h750xx.o(.text))
<BR>[Address Reference Count : 1]<UL><LI> startup_stm32h750xx.o(RESET)
</UL>
<P><STRONG><a name="[87]"></a>BDMA_Channel3_IRQHandler</STRONG> (Thumb, 0 bytes, Stack size 0 bytes, startup_stm32h750xx.o(.text))
<BR>[Address Reference Count : 1]<UL><LI> startup_stm32h750xx.o(RESET)
</UL>
<P><STRONG><a name="[88]"></a>BDMA_Channel4_IRQHandler</STRONG> (Thumb, 0 bytes, Stack size 0 bytes, startup_stm32h750xx.o(.text))
<BR>[Address Reference Count : 1]<UL><LI> startup_stm32h750xx.o(RESET)
</UL>
<P><STRONG><a name="[89]"></a>BDMA_Channel5_IRQHandler</STRONG> (Thumb, 0 bytes, Stack size 0 bytes, startup_stm32h750xx.o(.text))
<BR>[Address Reference Count : 1]<UL><LI> startup_stm32h750xx.o(RESET)
</UL>
<P><STRONG><a name="[8a]"></a>BDMA_Channel6_IRQHandler</STRONG> (Thumb, 0 bytes, Stack size 0 bytes, startup_stm32h750xx.o(.text))
<BR>[Address Reference Count : 1]<UL><LI> startup_stm32h750xx.o(RESET)
</UL>
<P><STRONG><a name="[8b]"></a>BDMA_Channel7_IRQHandler</STRONG> (Thumb, 0 bytes, Stack size 0 bytes, startup_stm32h750xx.o(.text))
<BR>[Address Reference Count : 1]<UL><LI> startup_stm32h750xx.o(RESET)
</UL>
<P><STRONG><a name="[63]"></a>CEC_IRQHandler</STRONG> (Thumb, 0 bytes, Stack size 0 bytes, startup_stm32h750xx.o(.text))
<BR>[Address Reference Count : 1]<UL><LI> startup_stm32h750xx.o(RESET)
</UL>
<P><STRONG><a name="[8c]"></a>COMP1_IRQHandler</STRONG> (Thumb, 0 bytes, Stack size 0 bytes, startup_stm32h750xx.o(.text))
<BR>[Address Reference Count : 1]<UL><LI> startup_stm32h750xx.o(RESET)
</UL>
<P><STRONG><a name="[92]"></a>CRS_IRQHandler</STRONG> (Thumb, 0 bytes, Stack size 0 bytes, startup_stm32h750xx.o(.text))
<BR>[Address Reference Count : 1]<UL><LI> startup_stm32h750xx.o(RESET)
</UL>
<P><STRONG><a name="[54]"></a>CRYP_IRQHandler</STRONG> (Thumb, 0 bytes, Stack size 0 bytes, startup_stm32h750xx.o(.text))
<BR>[Address Reference Count : 1]<UL><LI> startup_stm32h750xx.o(RESET)
</UL>
<P><STRONG><a name="[53]"></a>DCMI_IRQHandler</STRONG> (Thumb, 0 bytes, Stack size 0 bytes, startup_stm32h750xx.o(.text))
<BR>[Address Reference Count : 1]<UL><LI> startup_stm32h750xx.o(RESET)
</UL>
<P><STRONG><a name="[73]"></a>DFSDM1_FLT0_IRQHandler</STRONG> (Thumb, 0 bytes, Stack size 0 bytes, startup_stm32h750xx.o(.text))
<BR>[Address Reference Count : 1]<UL><LI> startup_stm32h750xx.o(RESET)
</UL>
<P><STRONG><a name="[74]"></a>DFSDM1_FLT1_IRQHandler</STRONG> (Thumb, 0 bytes, Stack size 0 bytes, startup_stm32h750xx.o(.text))
<BR>[Address Reference Count : 1]<UL><LI> startup_stm32h750xx.o(RESET)
</UL>
<P><STRONG><a name="[75]"></a>DFSDM1_FLT2_IRQHandler</STRONG> (Thumb, 0 bytes, Stack size 0 bytes, startup_stm32h750xx.o(.text))
<BR>[Address Reference Count : 1]<UL><LI> startup_stm32h750xx.o(RESET)
</UL>
<P><STRONG><a name="[76]"></a>DFSDM1_FLT3_IRQHandler</STRONG> (Thumb, 0 bytes, Stack size 0 bytes, startup_stm32h750xx.o(.text))
<BR>[Address Reference Count : 1]<UL><LI> startup_stm32h750xx.o(RESET)
</UL>
<P><STRONG><a name="[15]"></a>DMA1_Stream0_IRQHandler</STRONG> (Thumb, 0 bytes, Stack size 0 bytes, startup_stm32h750xx.o(.text))
<BR>[Address Reference Count : 1]<UL><LI> startup_stm32h750xx.o(RESET)
</UL>
<P><STRONG><a name="[16]"></a>DMA1_Stream1_IRQHandler</STRONG> (Thumb, 0 bytes, Stack size 0 bytes, startup_stm32h750xx.o(.text))
<BR>[Address Reference Count : 1]<UL><LI> startup_stm32h750xx.o(RESET)
</UL>
<P><STRONG><a name="[17]"></a>DMA1_Stream2_IRQHandler</STRONG> (Thumb, 0 bytes, Stack size 0 bytes, startup_stm32h750xx.o(.text))
<BR>[Address Reference Count : 1]<UL><LI> startup_stm32h750xx.o(RESET)
</UL>
<P><STRONG><a name="[18]"></a>DMA1_Stream3_IRQHandler</STRONG> (Thumb, 0 bytes, Stack size 0 bytes, startup_stm32h750xx.o(.text))
<BR>[Address Reference Count : 1]<UL><LI> startup_stm32h750xx.o(RESET)
</UL>
<P><STRONG><a name="[19]"></a>DMA1_Stream4_IRQHandler</STRONG> (Thumb, 0 bytes, Stack size 0 bytes, startup_stm32h750xx.o(.text))
<BR>[Address Reference Count : 1]<UL><LI> startup_stm32h750xx.o(RESET)
</UL>
<P><STRONG><a name="[1a]"></a>DMA1_Stream5_IRQHandler</STRONG> (Thumb, 0 bytes, Stack size 0 bytes, startup_stm32h750xx.o(.text))
<BR>[Address Reference Count : 1]<UL><LI> startup_stm32h750xx.o(RESET)
</UL>
<P><STRONG><a name="[1b]"></a>DMA1_Stream6_IRQHandler</STRONG> (Thumb, 0 bytes, Stack size 0 bytes, startup_stm32h750xx.o(.text))
<BR>[Address Reference Count : 1]<UL><LI> startup_stm32h750xx.o(RESET)
</UL>
<P><STRONG><a name="[38]"></a>DMA1_Stream7_IRQHandler</STRONG> (Thumb, 0 bytes, Stack size 0 bytes, startup_stm32h750xx.o(.text))
<BR>[Address Reference Count : 1]<UL><LI> startup_stm32h750xx.o(RESET)
</UL>
<P><STRONG><a name="[5f]"></a>DMA2D_IRQHandler</STRONG> (Thumb, 0 bytes, Stack size 0 bytes, startup_stm32h750xx.o(.text))
<BR>[Address Reference Count : 1]<UL><LI> startup_stm32h750xx.o(RESET)
</UL>
<P><STRONG><a name="[41]"></a>DMA2_Stream0_IRQHandler</STRONG> (Thumb, 0 bytes, Stack size 0 bytes, startup_stm32h750xx.o(.text))
<BR>[Address Reference Count : 1]<UL><LI> startup_stm32h750xx.o(RESET)
</UL>
<P><STRONG><a name="[42]"></a>DMA2_Stream1_IRQHandler</STRONG> (Thumb, 0 bytes, Stack size 0 bytes, startup_stm32h750xx.o(.text))
<BR>[Address Reference Count : 1]<UL><LI> startup_stm32h750xx.o(RESET)
</UL>
<P><STRONG><a name="[43]"></a>DMA2_Stream2_IRQHandler</STRONG> (Thumb, 0 bytes, Stack size 0 bytes, startup_stm32h750xx.o(.text))
<BR>[Address Reference Count : 1]<UL><LI> startup_stm32h750xx.o(RESET)
</UL>
<P><STRONG><a name="[44]"></a>DMA2_Stream3_IRQHandler</STRONG> (Thumb, 0 bytes, Stack size 0 bytes, startup_stm32h750xx.o(.text))
<BR>[Address Reference Count : 1]<UL><LI> startup_stm32h750xx.o(RESET)
</UL>
<P><STRONG><a name="[45]"></a>DMA2_Stream4_IRQHandler</STRONG> (Thumb, 0 bytes, Stack size 0 bytes, startup_stm32h750xx.o(.text))
<BR>[Address Reference Count : 1]<UL><LI> startup_stm32h750xx.o(RESET)
</UL>
<P><STRONG><a name="[49]"></a>DMA2_Stream5_IRQHandler</STRONG> (Thumb, 0 bytes, Stack size 0 bytes, startup_stm32h750xx.o(.text))
<BR>[Address Reference Count : 1]<UL><LI> startup_stm32h750xx.o(RESET)
</UL>
<P><STRONG><a name="[4a]"></a>DMA2_Stream6_IRQHandler</STRONG> (Thumb, 0 bytes, Stack size 0 bytes, startup_stm32h750xx.o(.text))
<BR>[Address Reference Count : 1]<UL><LI> startup_stm32h750xx.o(RESET)
</UL>
<P><STRONG><a name="[4b]"></a>DMA2_Stream7_IRQHandler</STRONG> (Thumb, 0 bytes, Stack size 0 bytes, startup_stm32h750xx.o(.text))
<BR>[Address Reference Count : 1]<UL><LI> startup_stm32h750xx.o(RESET)
</UL>
<P><STRONG><a name="[6b]"></a>DMAMUX1_OVR_IRQHandler</STRONG> (Thumb, 0 bytes, Stack size 0 bytes, startup_stm32h750xx.o(.text))
<BR>[Address Reference Count : 1]<UL><LI> startup_stm32h750xx.o(RESET)
</UL>
<P><STRONG><a name="[83]"></a>DMAMUX2_OVR_IRQHandler</STRONG> (Thumb, 0 bytes, Stack size 0 bytes, startup_stm32h750xx.o(.text))
<BR>[Address Reference Count : 1]<UL><LI> startup_stm32h750xx.o(RESET)
</UL>
<P><STRONG><a name="[46]"></a>ETH_IRQHandler</STRONG> (Thumb, 0 bytes, Stack size 0 bytes, startup_stm32h750xx.o(.text))
<BR>[Address Reference Count : 1]<UL><LI> startup_stm32h750xx.o(RESET)
</UL>
<P><STRONG><a name="[47]"></a>ETH_WKUP_IRQHandler</STRONG> (Thumb, 0 bytes, Stack size 0 bytes, startup_stm32h750xx.o(.text))
<BR>[Address Reference Count : 1]<UL><LI> startup_stm32h750xx.o(RESET)
</UL>
<P><STRONG><a name="[10]"></a>EXTI0_IRQHandler</STRONG> (Thumb, 0 bytes, Stack size 0 bytes, startup_stm32h750xx.o(.text))
<BR>[Address Reference Count : 1]<UL><LI> startup_stm32h750xx.o(RESET)
</UL>
<P><STRONG><a name="[32]"></a>EXTI15_10_IRQHandler</STRONG> (Thumb, 0 bytes, Stack size 0 bytes, startup_stm32h750xx.o(.text))
<BR>[Address Reference Count : 1]<UL><LI> startup_stm32h750xx.o(RESET)
</UL>
<P><STRONG><a name="[11]"></a>EXTI1_IRQHandler</STRONG> (Thumb, 0 bytes, Stack size 0 bytes, startup_stm32h750xx.o(.text))
<BR>[Address Reference Count : 1]<UL><LI> startup_stm32h750xx.o(RESET)
</UL>
<P><STRONG><a name="[12]"></a>EXTI2_IRQHandler</STRONG> (Thumb, 0 bytes, Stack size 0 bytes, startup_stm32h750xx.o(.text))
<BR>[Address Reference Count : 1]<UL><LI> startup_stm32h750xx.o(RESET)
</UL>
<P><STRONG><a name="[13]"></a>EXTI3_IRQHandler</STRONG> (Thumb, 0 bytes, Stack size 0 bytes, startup_stm32h750xx.o(.text))
<BR>[Address Reference Count : 1]<UL><LI> startup_stm32h750xx.o(RESET)
</UL>
<P><STRONG><a name="[14]"></a>EXTI4_IRQHandler</STRONG> (Thumb, 0 bytes, Stack size 0 bytes, startup_stm32h750xx.o(.text))
<BR>[Address Reference Count : 1]<UL><LI> startup_stm32h750xx.o(RESET)
</UL>
<P><STRONG><a name="[21]"></a>EXTI9_5_IRQHandler</STRONG> (Thumb, 0 bytes, Stack size 0 bytes, startup_stm32h750xx.o(.text))
<BR>[Address Reference Count : 1]<UL><LI> startup_stm32h750xx.o(RESET)
</UL>
<P><STRONG><a name="[1d]"></a>FDCAN1_IT0_IRQHandler</STRONG> (Thumb, 0 bytes, Stack size 0 bytes, startup_stm32h750xx.o(.text))
<BR>[Address Reference Count : 1]<UL><LI> startup_stm32h750xx.o(RESET)
</UL>
<P><STRONG><a name="[1f]"></a>FDCAN1_IT1_IRQHandler</STRONG> (Thumb, 0 bytes, Stack size 0 bytes, startup_stm32h750xx.o(.text))
<BR>[Address Reference Count : 1]<UL><LI> startup_stm32h750xx.o(RESET)
</UL>
<P><STRONG><a name="[1e]"></a>FDCAN2_IT0_IRQHandler</STRONG> (Thumb, 0 bytes, Stack size 0 bytes, startup_stm32h750xx.o(.text))
<BR>[Address Reference Count : 1]<UL><LI> startup_stm32h750xx.o(RESET)
</UL>
<P><STRONG><a name="[20]"></a>FDCAN2_IT1_IRQHandler</STRONG> (Thumb, 0 bytes, Stack size 0 bytes, startup_stm32h750xx.o(.text))
<BR>[Address Reference Count : 1]<UL><LI> startup_stm32h750xx.o(RESET)
</UL>
<P><STRONG><a name="[48]"></a>FDCAN_CAL_IRQHandler</STRONG> (Thumb, 0 bytes, Stack size 0 bytes, startup_stm32h750xx.o(.text))
<BR>[Address Reference Count : 1]<UL><LI> startup_stm32h750xx.o(RESET)
</UL>
<P><STRONG><a name="[e]"></a>FLASH_IRQHandler</STRONG> (Thumb, 0 bytes, Stack size 0 bytes, startup_stm32h750xx.o(.text))
<BR>[Address Reference Count : 1]<UL><LI> startup_stm32h750xx.o(RESET)
</UL>
<P><STRONG><a name="[39]"></a>FMC_IRQHandler</STRONG> (Thumb, 0 bytes, Stack size 0 bytes, startup_stm32h750xx.o(.text))
<BR>[Address Reference Count : 1]<UL><LI> startup_stm32h750xx.o(RESET)
</UL>
<P><STRONG><a name="[56]"></a>FPU_IRQHandler</STRONG> (Thumb, 0 bytes, Stack size 0 bytes, startup_stm32h750xx.o(.text))
<BR>[Address Reference Count : 1]<UL><LI> startup_stm32h750xx.o(RESET)
</UL>
<P><STRONG><a name="[55]"></a>HASH_RNG_IRQHandler</STRONG> (Thumb, 0 bytes, Stack size 0 bytes, startup_stm32h750xx.o(.text))
<BR>[Address Reference Count : 1]<UL><LI> startup_stm32h750xx.o(RESET)
</UL>
<P><STRONG><a name="[72]"></a>HRTIM1_FLT_IRQHandler</STRONG> (Thumb, 0 bytes, Stack size 0 bytes, startup_stm32h750xx.o(.text))
<BR>[Address Reference Count : 1]<UL><LI> startup_stm32h750xx.o(RESET)
</UL>
<P><STRONG><a name="[6c]"></a>HRTIM1_Master_IRQHandler</STRONG> (Thumb, 0 bytes, Stack size 0 bytes, startup_stm32h750xx.o(.text))
<BR>[Address Reference Count : 1]<UL><LI> startup_stm32h750xx.o(RESET)
</UL>
<P><STRONG><a name="[6d]"></a>HRTIM1_TIMA_IRQHandler</STRONG> (Thumb, 0 bytes, Stack size 0 bytes, startup_stm32h750xx.o(.text))
<BR>[Address Reference Count : 1]<UL><LI> startup_stm32h750xx.o(RESET)
</UL>
<P><STRONG><a name="[6e]"></a>HRTIM1_TIMB_IRQHandler</STRONG> (Thumb, 0 bytes, Stack size 0 bytes, startup_stm32h750xx.o(.text))
<BR>[Address Reference Count : 1]<UL><LI> startup_stm32h750xx.o(RESET)
</UL>
<P><STRONG><a name="[6f]"></a>HRTIM1_TIMC_IRQHandler</STRONG> (Thumb, 0 bytes, Stack size 0 bytes, startup_stm32h750xx.o(.text))
<BR>[Address Reference Count : 1]<UL><LI> startup_stm32h750xx.o(RESET)
</UL>
<P><STRONG><a name="[70]"></a>HRTIM1_TIMD_IRQHandler</STRONG> (Thumb, 0 bytes, Stack size 0 bytes, startup_stm32h750xx.o(.text))
<BR>[Address Reference Count : 1]<UL><LI> startup_stm32h750xx.o(RESET)
</UL>
<P><STRONG><a name="[71]"></a>HRTIM1_TIME_IRQHandler</STRONG> (Thumb, 0 bytes, Stack size 0 bytes, startup_stm32h750xx.o(.text))
<BR>[Address Reference Count : 1]<UL><LI> startup_stm32h750xx.o(RESET)
</UL>
<P><STRONG><a name="[81]"></a>HSEM1_IRQHandler</STRONG> (Thumb, 0 bytes, Stack size 0 bytes, startup_stm32h750xx.o(.text))
<BR>[Address Reference Count : 1]<UL><LI> startup_stm32h750xx.o(RESET)
</UL>
<P><STRONG><a name="[2a]"></a>I2C1_ER_IRQHandler</STRONG> (Thumb, 0 bytes, Stack size 0 bytes, startup_stm32h750xx.o(.text))
<BR>[Address Reference Count : 1]<UL><LI> startup_stm32h750xx.o(RESET)
</UL>
<P><STRONG><a name="[29]"></a>I2C1_EV_IRQHandler</STRONG> (Thumb, 0 bytes, Stack size 0 bytes, startup_stm32h750xx.o(.text))
<BR>[Address Reference Count : 1]<UL><LI> startup_stm32h750xx.o(RESET)
</UL>
<P><STRONG><a name="[2c]"></a>I2C2_ER_IRQHandler</STRONG> (Thumb, 0 bytes, Stack size 0 bytes, startup_stm32h750xx.o(.text))
<BR>[Address Reference Count : 1]<UL><LI> startup_stm32h750xx.o(RESET)
</UL>
<P><STRONG><a name="[2b]"></a>I2C2_EV_IRQHandler</STRONG> (Thumb, 0 bytes, Stack size 0 bytes, startup_stm32h750xx.o(.text))
<BR>[Address Reference Count : 1]<UL><LI> startup_stm32h750xx.o(RESET)
</UL>
<P><STRONG><a name="[4e]"></a>I2C3_ER_IRQHandler</STRONG> (Thumb, 0 bytes, Stack size 0 bytes, startup_stm32h750xx.o(.text))
<BR>[Address Reference Count : 1]<UL><LI> startup_stm32h750xx.o(RESET)
</UL>
<P><STRONG><a name="[4d]"></a>I2C3_EV_IRQHandler</STRONG> (Thumb, 0 bytes, Stack size 0 bytes, startup_stm32h750xx.o(.text))
<BR>[Address Reference Count : 1]<UL><LI> startup_stm32h750xx.o(RESET)
</UL>
<P><STRONG><a name="[65]"></a>I2C4_ER_IRQHandler</STRONG> (Thumb, 0 bytes, Stack size 0 bytes, startup_stm32h750xx.o(.text))
<BR>[Address Reference Count : 1]<UL><LI> startup_stm32h750xx.o(RESET)
</UL>
<P><STRONG><a name="[64]"></a>I2C4_EV_IRQHandler</STRONG> (Thumb, 0 bytes, Stack size 0 bytes, startup_stm32h750xx.o(.text))
<BR>[Address Reference Count : 1]<UL><LI> startup_stm32h750xx.o(RESET)
</UL>
<P><STRONG><a name="[7e]"></a>JPEG_IRQHandler</STRONG> (Thumb, 0 bytes, Stack size 0 bytes, startup_stm32h750xx.o(.text))
<BR>[Address Reference Count : 1]<UL><LI> startup_stm32h750xx.o(RESET)
</UL>
<P><STRONG><a name="[62]"></a>LPTIM1_IRQHandler</STRONG> (Thumb, 0 bytes, Stack size 0 bytes, startup_stm32h750xx.o(.text))
<BR>[Address Reference Count : 1]<UL><LI> startup_stm32h750xx.o(RESET)
</UL>
<P><STRONG><a name="[8d]"></a>LPTIM2_IRQHandler</STRONG> (Thumb, 0 bytes, Stack size 0 bytes, startup_stm32h750xx.o(.text))
<BR>[Address Reference Count : 1]<UL><LI> startup_stm32h750xx.o(RESET)
</UL>
<P><STRONG><a name="[8e]"></a>LPTIM3_IRQHandler</STRONG> (Thumb, 0 bytes, Stack size 0 bytes, startup_stm32h750xx.o(.text))
<BR>[Address Reference Count : 1]<UL><LI> startup_stm32h750xx.o(RESET)
</UL>
<P><STRONG><a name="[8f]"></a>LPTIM4_IRQHandler</STRONG> (Thumb, 0 bytes, Stack size 0 bytes, startup_stm32h750xx.o(.text))
<BR>[Address Reference Count : 1]<UL><LI> startup_stm32h750xx.o(RESET)
</UL>
<P><STRONG><a name="[90]"></a>LPTIM5_IRQHandler</STRONG> (Thumb, 0 bytes, Stack size 0 bytes, startup_stm32h750xx.o(.text))
<BR>[Address Reference Count : 1]<UL><LI> startup_stm32h750xx.o(RESET)
</UL>
<P><STRONG><a name="[91]"></a>LPUART1_IRQHandler</STRONG> (Thumb, 0 bytes, Stack size 0 bytes, startup_stm32h750xx.o(.text))
<BR>[Address Reference Count : 1]<UL><LI> startup_stm32h750xx.o(RESET)
</UL>
<P><STRONG><a name="[5e]"></a>LTDC_ER_IRQHandler</STRONG> (Thumb, 0 bytes, Stack size 0 bytes, startup_stm32h750xx.o(.text))
<BR>[Address Reference Count : 1]<UL><LI> startup_stm32h750xx.o(RESET)
</UL>
<P><STRONG><a name="[5d]"></a>LTDC_IRQHandler</STRONG> (Thumb, 0 bytes, Stack size 0 bytes, startup_stm32h750xx.o(.text))
<BR>[Address Reference Count : 1]<UL><LI> startup_stm32h750xx.o(RESET)
</UL>
<P><STRONG><a name="[7d]"></a>MDIOS_IRQHandler</STRONG> (Thumb, 0 bytes, Stack size 0 bytes, startup_stm32h750xx.o(.text))
<BR>[Address Reference Count : 1]<UL><LI> startup_stm32h750xx.o(RESET)
</UL>
<P><STRONG><a name="[7c]"></a>MDIOS_WKUP_IRQHandler</STRONG> (Thumb, 0 bytes, Stack size 0 bytes, startup_stm32h750xx.o(.text))
<BR>[Address Reference Count : 1]<UL><LI> startup_stm32h750xx.o(RESET)
</UL>
<P><STRONG><a name="[7f]"></a>MDMA_IRQHandler</STRONG> (Thumb, 0 bytes, Stack size 0 bytes, startup_stm32h750xx.o(.text))
<BR>[Address Reference Count : 1]<UL><LI> startup_stm32h750xx.o(RESET)
</UL>
<P><STRONG><a name="[68]"></a>OTG_FS_EP1_IN_IRQHandler</STRONG> (Thumb, 0 bytes, Stack size 0 bytes, startup_stm32h750xx.o(.text))
<BR>[Address Reference Count : 1]<UL><LI> startup_stm32h750xx.o(RESET)
</UL>
<P><STRONG><a name="[67]"></a>OTG_FS_EP1_OUT_IRQHandler</STRONG> (Thumb, 0 bytes, Stack size 0 bytes, startup_stm32h750xx.o(.text))
<BR>[Address Reference Count : 1]<UL><LI> startup_stm32h750xx.o(RESET)
</UL>
<P><STRONG><a name="[6a]"></a>OTG_FS_IRQHandler</STRONG> (Thumb, 0 bytes, Stack size 0 bytes, startup_stm32h750xx.o(.text))
<BR>[Address Reference Count : 1]<UL><LI> startup_stm32h750xx.o(RESET)
</UL>
<P><STRONG><a name="[69]"></a>OTG_FS_WKUP_IRQHandler</STRONG> (Thumb, 0 bytes, Stack size 0 bytes, startup_stm32h750xx.o(.text))
<BR>[Address Reference Count : 1]<UL><LI> startup_stm32h750xx.o(RESET)
</UL>
<P><STRONG><a name="[50]"></a>OTG_HS_EP1_IN_IRQHandler</STRONG> (Thumb, 0 bytes, Stack size 0 bytes, startup_stm32h750xx.o(.text))
<BR>[Address Reference Count : 1]<UL><LI> startup_stm32h750xx.o(RESET)
</UL>
<P><STRONG><a name="[4f]"></a>OTG_HS_EP1_OUT_IRQHandler</STRONG> (Thumb, 0 bytes, Stack size 0 bytes, startup_stm32h750xx.o(.text))
<BR>[Address Reference Count : 1]<UL><LI> startup_stm32h750xx.o(RESET)
</UL>
<P><STRONG><a name="[52]"></a>OTG_HS_IRQHandler</STRONG> (Thumb, 0 bytes, Stack size 0 bytes, startup_stm32h750xx.o(.text))
<BR>[Address Reference Count : 1]<UL><LI> startup_stm32h750xx.o(RESET)
</UL>
<P><STRONG><a name="[51]"></a>OTG_HS_WKUP_IRQHandler</STRONG> (Thumb, 0 bytes, Stack size 0 bytes, startup_stm32h750xx.o(.text))
<BR>[Address Reference Count : 1]<UL><LI> startup_stm32h750xx.o(RESET)
</UL>
<P><STRONG><a name="[b]"></a>PVD_AVD_IRQHandler</STRONG> (Thumb, 0 bytes, Stack size 0 bytes, startup_stm32h750xx.o(.text))
<BR>[Address Reference Count : 1]<UL><LI> startup_stm32h750xx.o(RESET)
</UL>
<P><STRONG><a name="[61]"></a>QUADSPI_IRQHandler</STRONG> (Thumb, 0 bytes, Stack size 0 bytes, startup_stm32h750xx.o(.text))
<BR>[Address Reference Count : 1]<UL><LI> startup_stm32h750xx.o(RESET)
</UL>
<P><STRONG><a name="[f]"></a>RCC_IRQHandler</STRONG> (Thumb, 0 bytes, Stack size 0 bytes, startup_stm32h750xx.o(.text))
<BR>[Address Reference Count : 1]<UL><LI> startup_stm32h750xx.o(RESET)
</UL>
<P><STRONG><a name="[33]"></a>RTC_Alarm_IRQHandler</STRONG> (Thumb, 0 bytes, Stack size 0 bytes, startup_stm32h750xx.o(.text))
<BR>[Address Reference Count : 1]<UL><LI> startup_stm32h750xx.o(RESET)
</UL>
<P><STRONG><a name="[d]"></a>RTC_WKUP_IRQHandler</STRONG> (Thumb, 0 bytes, Stack size 0 bytes, startup_stm32h750xx.o(.text))
<BR>[Address Reference Count : 1]<UL><LI> startup_stm32h750xx.o(RESET)
</UL>
<P><STRONG><a name="[5c]"></a>SAI1_IRQHandler</STRONG> (Thumb, 0 bytes, Stack size 0 bytes, startup_stm32h750xx.o(.text))
<BR>[Address Reference Count : 1]<UL><LI> startup_stm32h750xx.o(RESET)
</UL>
<P><STRONG><a name="[60]"></a>SAI2_IRQHandler</STRONG> (Thumb, 0 bytes, Stack size 0 bytes, startup_stm32h750xx.o(.text))
<BR>[Address Reference Count : 1]<UL><LI> startup_stm32h750xx.o(RESET)
</UL>
<P><STRONG><a name="[77]"></a>SAI3_IRQHandler</STRONG> (Thumb, 0 bytes, Stack size 0 bytes, startup_stm32h750xx.o(.text))
<BR>[Address Reference Count : 1]<UL><LI> startup_stm32h750xx.o(RESET)
</UL>
<P><STRONG><a name="[93]"></a>SAI4_IRQHandler</STRONG> (Thumb, 0 bytes, Stack size 0 bytes, startup_stm32h750xx.o(.text))
<BR>[Address Reference Count : 1]<UL><LI> startup_stm32h750xx.o(RESET)
</UL>
<P><STRONG><a name="[3a]"></a>SDMMC1_IRQHandler</STRONG> (Thumb, 0 bytes, Stack size 0 bytes, startup_stm32h750xx.o(.text))
<BR>[Address Reference Count : 1]<UL><LI> startup_stm32h750xx.o(RESET)
</UL>
<P><STRONG><a name="[80]"></a>SDMMC2_IRQHandler</STRONG> (Thumb, 0 bytes, Stack size 0 bytes, startup_stm32h750xx.o(.text))
<BR>[Address Reference Count : 1]<UL><LI> startup_stm32h750xx.o(RESET)
</UL>
<P><STRONG><a name="[66]"></a>SPDIF_RX_IRQHandler</STRONG> (Thumb, 0 bytes, Stack size 0 bytes, startup_stm32h750xx.o(.text))
<BR>[Address Reference Count : 1]<UL><LI> startup_stm32h750xx.o(RESET)
</UL>
<P><STRONG><a name="[2d]"></a>SPI1_IRQHandler</STRONG> (Thumb, 0 bytes, Stack size 0 bytes, startup_stm32h750xx.o(.text))
<BR>[Address Reference Count : 1]<UL><LI> startup_stm32h750xx.o(RESET)
</UL>
<P><STRONG><a name="[2e]"></a>SPI2_IRQHandler</STRONG> (Thumb, 0 bytes, Stack size 0 bytes, startup_stm32h750xx.o(.text))
<BR>[Address Reference Count : 1]<UL><LI> startup_stm32h750xx.o(RESET)
</UL>
<P><STRONG><a name="[3c]"></a>SPI3_IRQHandler</STRONG> (Thumb, 0 bytes, Stack size 0 bytes, startup_stm32h750xx.o(.text))
<BR>[Address Reference Count : 1]<UL><LI> startup_stm32h750xx.o(RESET)
</UL>
<P><STRONG><a name="[59]"></a>SPI4_IRQHandler</STRONG> (Thumb, 0 bytes, Stack size 0 bytes, startup_stm32h750xx.o(.text))
<BR>[Address Reference Count : 1]<UL><LI> startup_stm32h750xx.o(RESET)
</UL>
<P><STRONG><a name="[5a]"></a>SPI5_IRQHandler</STRONG> (Thumb, 0 bytes, Stack size 0 bytes, startup_stm32h750xx.o(.text))
<BR>[Address Reference Count : 1]<UL><LI> startup_stm32h750xx.o(RESET)
</UL>
<P><STRONG><a name="[5b]"></a>SPI6_IRQHandler</STRONG> (Thumb, 0 bytes, Stack size 0 bytes, startup_stm32h750xx.o(.text))
<BR>[Address Reference Count : 1]<UL><LI> startup_stm32h750xx.o(RESET)
</UL>
<P><STRONG><a name="[78]"></a>SWPMI1_IRQHandler</STRONG> (Thumb, 0 bytes, Stack size 0 bytes, startup_stm32h750xx.o(.text))
<BR>[Address Reference Count : 1]<UL><LI> startup_stm32h750xx.o(RESET)
</UL>
<P><STRONG><a name="[c]"></a>TAMP_STAMP_IRQHandler</STRONG> (Thumb, 0 bytes, Stack size 0 bytes, startup_stm32h750xx.o(.text))
<BR>[Address Reference Count : 1]<UL><LI> startup_stm32h750xx.o(RESET)
</UL>
<P><STRONG><a name="[79]"></a>TIM15_IRQHandler</STRONG> (Thumb, 0 bytes, Stack size 0 bytes, startup_stm32h750xx.o(.text))
<BR>[Address Reference Count : 1]<UL><LI> startup_stm32h750xx.o(RESET)
</UL>
<P><STRONG><a name="[7a]"></a>TIM16_IRQHandler</STRONG> (Thumb, 0 bytes, Stack size 0 bytes, startup_stm32h750xx.o(.text))
<BR>[Address Reference Count : 1]<UL><LI> startup_stm32h750xx.o(RESET)
</UL>
<P><STRONG><a name="[7b]"></a>TIM17_IRQHandler</STRONG> (Thumb, 0 bytes, Stack size 0 bytes, startup_stm32h750xx.o(.text))
<BR>[Address Reference Count : 1]<UL><LI> startup_stm32h750xx.o(RESET)
</UL>
<P><STRONG><a name="[22]"></a>TIM1_BRK_IRQHandler</STRONG> (Thumb, 0 bytes, Stack size 0 bytes, startup_stm32h750xx.o(.text))
<BR>[Address Reference Count : 1]<UL><LI> startup_stm32h750xx.o(RESET)
</UL>
<P><STRONG><a name="[25]"></a>TIM1_CC_IRQHandler</STRONG> (Thumb, 0 bytes, Stack size 0 bytes, startup_stm32h750xx.o(.text))
<BR>[Address Reference Count : 1]<UL><LI> startup_stm32h750xx.o(RESET)
</UL>
<P><STRONG><a name="[24]"></a>TIM1_TRG_COM_IRQHandler</STRONG> (Thumb, 0 bytes, Stack size 0 bytes, startup_stm32h750xx.o(.text))
<BR>[Address Reference Count : 1]<UL><LI> startup_stm32h750xx.o(RESET)
</UL>
<P><STRONG><a name="[23]"></a>TIM1_UP_IRQHandler</STRONG> (Thumb, 0 bytes, Stack size 0 bytes, startup_stm32h750xx.o(.text))
<BR>[Address Reference Count : 1]<UL><LI> startup_stm32h750xx.o(RESET)
</UL>
<P><STRONG><a name="[26]"></a>TIM2_IRQHandler</STRONG> (Thumb, 0 bytes, Stack size 0 bytes, startup_stm32h750xx.o(.text))
<BR>[Address Reference Count : 1]<UL><LI> startup_stm32h750xx.o(RESET)
</UL>
<P><STRONG><a name="[28]"></a>TIM4_IRQHandler</STRONG> (Thumb, 0 bytes, Stack size 0 bytes, startup_stm32h750xx.o(.text))
<BR>[Address Reference Count : 1]<UL><LI> startup_stm32h750xx.o(RESET)
</UL>
<P><STRONG><a name="[3b]"></a>TIM5_IRQHandler</STRONG> (Thumb, 0 bytes, Stack size 0 bytes, startup_stm32h750xx.o(.text))
<BR>[Address Reference Count : 1]<UL><LI> startup_stm32h750xx.o(RESET)
</UL>
<P><STRONG><a name="[3f]"></a>TIM6_DAC_IRQHandler</STRONG> (Thumb, 0 bytes, Stack size 0 bytes, startup_stm32h750xx.o(.text))
<BR>[Address Reference Count : 1]<UL><LI> startup_stm32h750xx.o(RESET)
</UL>
<P><STRONG><a name="[40]"></a>TIM7_IRQHandler</STRONG> (Thumb, 0 bytes, Stack size 0 bytes, startup_stm32h750xx.o(.text))
<BR>[Address Reference Count : 1]<UL><LI> startup_stm32h750xx.o(RESET)
</UL>
<P><STRONG><a name="[34]"></a>TIM8_BRK_TIM12_IRQHandler</STRONG> (Thumb, 0 bytes, Stack size 0 bytes, startup_stm32h750xx.o(.text))
<BR>[Address Reference Count : 1]<UL><LI> startup_stm32h750xx.o(RESET)
</UL>
<P><STRONG><a name="[37]"></a>TIM8_CC_IRQHandler</STRONG> (Thumb, 0 bytes, Stack size 0 bytes, startup_stm32h750xx.o(.text))
<BR>[Address Reference Count : 1]<UL><LI> startup_stm32h750xx.o(RESET)
</UL>
<P><STRONG><a name="[36]"></a>TIM8_TRG_COM_TIM14_IRQHandler</STRONG> (Thumb, 0 bytes, Stack size 0 bytes, startup_stm32h750xx.o(.text))
<BR>[Address Reference Count : 1]<UL><LI> startup_stm32h750xx.o(RESET)
</UL>
<P><STRONG><a name="[35]"></a>TIM8_UP_TIM13_IRQHandler</STRONG> (Thumb, 0 bytes, Stack size 0 bytes, startup_stm32h750xx.o(.text))
<BR>[Address Reference Count : 1]<UL><LI> startup_stm32h750xx.o(RESET)
</UL>
<P><STRONG><a name="[3d]"></a>UART4_IRQHandler</STRONG> (Thumb, 0 bytes, Stack size 0 bytes, startup_stm32h750xx.o(.text))
<BR>[Address Reference Count : 1]<UL><LI> startup_stm32h750xx.o(RESET)
</UL>
<P><STRONG><a name="[3e]"></a>UART5_IRQHandler</STRONG> (Thumb, 0 bytes, Stack size 0 bytes, startup_stm32h750xx.o(.text))
<BR>[Address Reference Count : 1]<UL><LI> startup_stm32h750xx.o(RESET)
</UL>
<P><STRONG><a name="[57]"></a>UART7_IRQHandler</STRONG> (Thumb, 0 bytes, Stack size 0 bytes, startup_stm32h750xx.o(.text))
<BR>[Address Reference Count : 1]<UL><LI> startup_stm32h750xx.o(RESET)
</UL>
<P><STRONG><a name="[58]"></a>UART8_IRQHandler</STRONG> (Thumb, 0 bytes, Stack size 0 bytes, startup_stm32h750xx.o(.text))
<BR>[Address Reference Count : 1]<UL><LI> startup_stm32h750xx.o(RESET)
</UL>
<P><STRONG><a name="[2f]"></a>USART1_IRQHandler</STRONG> (Thumb, 0 bytes, Stack size 0 bytes, startup_stm32h750xx.o(.text))
<BR>[Address Reference Count : 1]<UL><LI> startup_stm32h750xx.o(RESET)
</UL>
<P><STRONG><a name="[30]"></a>USART2_IRQHandler</STRONG> (Thumb, 0 bytes, Stack size 0 bytes, startup_stm32h750xx.o(.text))
<BR>[Address Reference Count : 1]<UL><LI> startup_stm32h750xx.o(RESET)
</UL>
<P><STRONG><a name="[31]"></a>USART3_IRQHandler</STRONG> (Thumb, 0 bytes, Stack size 0 bytes, startup_stm32h750xx.o(.text))
<BR>[Address Reference Count : 1]<UL><LI> startup_stm32h750xx.o(RESET)
</UL>
<P><STRONG><a name="[4c]"></a>USART6_IRQHandler</STRONG> (Thumb, 0 bytes, Stack size 0 bytes, startup_stm32h750xx.o(.text))
<BR>[Address Reference Count : 1]<UL><LI> startup_stm32h750xx.o(RESET)
</UL>
<P><STRONG><a name="[94]"></a>WAKEUP_PIN_IRQHandler</STRONG> (Thumb, 0 bytes, Stack size 0 bytes, startup_stm32h750xx.o(.text))
<BR>[Address Reference Count : 1]<UL><LI> startup_stm32h750xx.o(RESET)
</UL>
<P><STRONG><a name="[a]"></a>WWDG_IRQHandler</STRONG> (Thumb, 0 bytes, Stack size 0 bytes, startup_stm32h750xx.o(.text))
<BR>[Address Reference Count : 1]<UL><LI> startup_stm32h750xx.o(RESET)
</UL>
<P><STRONG><a name="[9b]"></a>__aeabi_uldivmod</STRONG> (Thumb, 98 bytes, Stack size 40 bytes, uldiv.o(.text), UNUSED)
<BR><BR>[Calls]<UL><LI><a href="#[9c]">&gt;&gt;</a>&nbsp;&nbsp;&nbsp;__aeabi_llsr
<LI><a href="#[9d]">&gt;&gt;</a>&nbsp;&nbsp;&nbsp;__aeabi_llsl
</UL>
<BR>[Called By]<UL><LI><a href="#[ef]">&gt;&gt;</a>&nbsp;&nbsp;&nbsp;_printf_core
</UL>

<P><STRONG><a name="[9f]"></a>__aeabi_memset</STRONG> (Thumb, 14 bytes, Stack size 0 bytes, memseta.o(.text), UNUSED)
<BR><BR>[Called By]<UL><LI><a href="#[a0]">&gt;&gt;</a>&nbsp;&nbsp;&nbsp;_memset$wrapper
<LI><a href="#[9e]">&gt;&gt;</a>&nbsp;&nbsp;&nbsp;__aeabi_memclr
</UL>

<P><STRONG><a name="[f8]"></a>__aeabi_memset4</STRONG> (Thumb, 0 bytes, Stack size 0 bytes, memseta.o(.text), UNUSED)

<P><STRONG><a name="[f9]"></a>__aeabi_memset8</STRONG> (Thumb, 0 bytes, Stack size 0 bytes, memseta.o(.text), UNUSED)

<P><STRONG><a name="[9e]"></a>__aeabi_memclr</STRONG> (Thumb, 4 bytes, Stack size 0 bytes, memseta.o(.text), UNUSED)
<BR><BR>[Calls]<UL><LI><a href="#[9f]">&gt;&gt;</a>&nbsp;&nbsp;&nbsp;__aeabi_memset
</UL>

<P><STRONG><a name="[eb]"></a>__aeabi_memclr4</STRONG> (Thumb, 0 bytes, Stack size 0 bytes, memseta.o(.text))
<BR><BR>[Called By]<UL><LI><a href="#[ea]">&gt;&gt;</a>&nbsp;&nbsp;&nbsp;SystemClock_Config
</UL>

<P><STRONG><a name="[fa]"></a>__aeabi_memclr8</STRONG> (Thumb, 0 bytes, Stack size 0 bytes, memseta.o(.text), UNUSED)

<P><STRONG><a name="[a0]"></a>_memset$wrapper</STRONG> (Thumb, 18 bytes, Stack size 8 bytes, memseta.o(.text), UNUSED)
<BR><BR>[Calls]<UL><LI><a href="#[9f]">&gt;&gt;</a>&nbsp;&nbsp;&nbsp;__aeabi_memset
</UL>

<P><STRONG><a name="[9d]"></a>__aeabi_llsl</STRONG> (Thumb, 30 bytes, Stack size 0 bytes, llshl.o(.text), UNUSED)
<BR><BR>[Called By]<UL><LI><a href="#[9b]">&gt;&gt;</a>&nbsp;&nbsp;&nbsp;__aeabi_uldivmod
</UL>

<P><STRONG><a name="[fb]"></a>_ll_shift_l</STRONG> (Thumb, 0 bytes, Stack size 0 bytes, llshl.o(.text), UNUSED)

<P><STRONG><a name="[9c]"></a>__aeabi_llsr</STRONG> (Thumb, 32 bytes, Stack size 0 bytes, llushr.o(.text), UNUSED)
<BR><BR>[Called By]<UL><LI><a href="#[9b]">&gt;&gt;</a>&nbsp;&nbsp;&nbsp;__aeabi_uldivmod
</UL>

<P><STRONG><a name="[fc]"></a>_ll_ushift_r</STRONG> (Thumb, 0 bytes, Stack size 0 bytes, llushr.o(.text), UNUSED)

<P><STRONG><a name="[9a]"></a>__scatterload</STRONG> (Thumb, 28 bytes, Stack size 0 bytes, init.o(.text))
<BR><BR>[Calls]<UL><LI><a href="#[a1]">&gt;&gt;</a>&nbsp;&nbsp;&nbsp;__main_after_scatterload
</UL>
<BR>[Called By]<UL><LI><a href="#[99]">&gt;&gt;</a>&nbsp;&nbsp;&nbsp;_main_scatterload
</UL>

<P><STRONG><a name="[fd]"></a>__scatterload_rt2</STRONG> (Thumb, 0 bytes, Stack size 0 bytes, init.o(.text), UNUSED)

<P><STRONG><a name="[fe]"></a>__decompress</STRONG> (Thumb, 0 bytes, Stack size unknown bytes, __dczerorl2.o(.text), UNUSED)

<P><STRONG><a name="[ff]"></a>__decompress1</STRONG> (Thumb, 86 bytes, Stack size unknown bytes, __dczerorl2.o(.text), UNUSED)

<P><STRONG><a name="[a2]"></a>AD9854_Init</STRONG> (Thumb, 112 bytes, Stack size 8 bytes, ad9854.o(i.AD9854_Init))
<BR><BR>[Stack]<UL><LI>Max Depth = 40<LI>Call Chain = AD9854_Init &rArr; AD9854_WR_Byte
</UL>
<BR>[Calls]<UL><LI><a href="#[a5]">&gt;&gt;</a>&nbsp;&nbsp;&nbsp;AD9854_WR_Byte
<LI><a href="#[a4]">&gt;&gt;</a>&nbsp;&nbsp;&nbsp;delay_us
<LI><a href="#[a3]">&gt;&gt;</a>&nbsp;&nbsp;&nbsp;HAL_GPIO_WritePin
</UL>
<BR>[Called By]<UL><LI><a href="#[95]">&gt;&gt;</a>&nbsp;&nbsp;&nbsp;main
</UL>

<P><STRONG><a name="[a6]"></a>AD9854_InitAM</STRONG> (Thumb, 36 bytes, Stack size 8 bytes, ad9854.o(i.AD9854_InitAM))
<BR><BR>[Stack]<UL><LI>Max Depth = 40<LI>Call Chain = AD9854_InitAM &rArr; AD9854_WR_Byte
</UL>
<BR>[Calls]<UL><LI><a href="#[a5]">&gt;&gt;</a>&nbsp;&nbsp;&nbsp;AD9854_WR_Byte
</UL>
<BR>[Called By]<UL><LI><a href="#[95]">&gt;&gt;</a>&nbsp;&nbsp;&nbsp;main
</UL>

<P><STRONG><a name="[a7]"></a>AD9854_InitBPSK</STRONG> (Thumb, 36 bytes, Stack size 8 bytes, ad9854.o(i.AD9854_InitBPSK))
<BR><BR>[Stack]<UL><LI>Max Depth = 40<LI>Call Chain = AD9854_InitBPSK &rArr; AD9854_WR_Byte
</UL>
<BR>[Calls]<UL><LI><a href="#[a5]">&gt;&gt;</a>&nbsp;&nbsp;&nbsp;AD9854_WR_Byte
</UL>
<BR>[Called By]<UL><LI><a href="#[95]">&gt;&gt;</a>&nbsp;&nbsp;&nbsp;main
</UL>

<P><STRONG><a name="[a8]"></a>AD9854_InitChirp</STRONG> (Thumb, 36 bytes, Stack size 8 bytes, ad9854.o(i.AD9854_InitChirp))
<BR><BR>[Stack]<UL><LI>Max Depth = 40<LI>Call Chain = AD9854_InitChirp &rArr; AD9854_WR_Byte
</UL>
<BR>[Calls]<UL><LI><a href="#[a5]">&gt;&gt;</a>&nbsp;&nbsp;&nbsp;AD9854_WR_Byte
</UL>
<BR>[Called By]<UL><LI><a href="#[95]">&gt;&gt;</a>&nbsp;&nbsp;&nbsp;main
</UL>

<P><STRONG><a name="[a9]"></a>AD9854_InitFSK</STRONG> (Thumb, 94 bytes, Stack size 8 bytes, ad9854.o(i.AD9854_InitFSK))
<BR><BR>[Stack]<UL><LI>Max Depth = 40<LI>Call Chain = AD9854_InitFSK &rArr; AD9854_WR_Byte
</UL>
<BR>[Calls]<UL><LI><a href="#[a5]">&gt;&gt;</a>&nbsp;&nbsp;&nbsp;AD9854_WR_Byte
<LI><a href="#[a3]">&gt;&gt;</a>&nbsp;&nbsp;&nbsp;HAL_GPIO_WritePin
<LI><a href="#[aa]">&gt;&gt;</a>&nbsp;&nbsp;&nbsp;ad9854_delay
</UL>
<BR>[Called By]<UL><LI><a href="#[95]">&gt;&gt;</a>&nbsp;&nbsp;&nbsp;main
</UL>

<P><STRONG><a name="[ab]"></a>AD9854_InitOSK</STRONG> (Thumb, 36 bytes, Stack size 8 bytes, ad9854.o(i.AD9854_InitOSK))
<BR><BR>[Stack]<UL><LI>Max Depth = 40<LI>Call Chain = AD9854_InitOSK &rArr; AD9854_WR_Byte
</UL>
<BR>[Calls]<UL><LI><a href="#[a5]">&gt;&gt;</a>&nbsp;&nbsp;&nbsp;AD9854_WR_Byte
</UL>
<BR>[Called By]<UL><LI><a href="#[95]">&gt;&gt;</a>&nbsp;&nbsp;&nbsp;main
</UL>

<P><STRONG><a name="[ac]"></a>AD9854_InitRFSK</STRONG> (Thumb, 36 bytes, Stack size 8 bytes, ad9854.o(i.AD9854_InitRFSK))
<BR><BR>[Stack]<UL><LI>Max Depth = 40<LI>Call Chain = AD9854_InitRFSK &rArr; AD9854_WR_Byte
</UL>
<BR>[Calls]<UL><LI><a href="#[a5]">&gt;&gt;</a>&nbsp;&nbsp;&nbsp;AD9854_WR_Byte
</UL>
<BR>[Called By]<UL><LI><a href="#[95]">&gt;&gt;</a>&nbsp;&nbsp;&nbsp;main
</UL>

<P><STRONG><a name="[ad]"></a>AD9854_SetAM</STRONG> (Thumb, 102 bytes, Stack size 24 bytes, ad9854.o(i.AD9854_SetAM))
<BR><BR>[Stack]<UL><LI>Max Depth = 56<LI>Call Chain = AD9854_SetAM &rArr; AD9854_WR_Byte
</UL>
<BR>[Calls]<UL><LI><a href="#[ae]">&gt;&gt;</a>&nbsp;&nbsp;&nbsp;Freq_convert
<LI><a href="#[a5]">&gt;&gt;</a>&nbsp;&nbsp;&nbsp;AD9854_WR_Byte
<LI><a href="#[a3]">&gt;&gt;</a>&nbsp;&nbsp;&nbsp;HAL_GPIO_WritePin
</UL>
<BR>[Called By]<UL><LI><a href="#[95]">&gt;&gt;</a>&nbsp;&nbsp;&nbsp;main
</UL>

<P><STRONG><a name="[af]"></a>AD9854_SetBPSK</STRONG> (Thumb, 142 bytes, Stack size 32 bytes, ad9854.o(i.AD9854_SetBPSK))
<BR><BR>[Stack]<UL><LI>Max Depth = 64<LI>Call Chain = AD9854_SetBPSK &rArr; AD9854_WR_Byte
</UL>
<BR>[Calls]<UL><LI><a href="#[ae]">&gt;&gt;</a>&nbsp;&nbsp;&nbsp;Freq_convert
<LI><a href="#[a5]">&gt;&gt;</a>&nbsp;&nbsp;&nbsp;AD9854_WR_Byte
<LI><a href="#[a3]">&gt;&gt;</a>&nbsp;&nbsp;&nbsp;HAL_GPIO_WritePin
</UL>
<BR>[Called By]<UL><LI><a href="#[95]">&gt;&gt;</a>&nbsp;&nbsp;&nbsp;main
</UL>

<P><STRONG><a name="[b0]"></a>AD9854_SetChirp</STRONG> (Thumb, 182 bytes, Stack size 32 bytes, ad9854.o(i.AD9854_SetChirp))
<BR><BR>[Stack]<UL><LI>Max Depth = 64<LI>Call Chain = AD9854_SetChirp &rArr; AD9854_WR_Byte
</UL>
<BR>[Calls]<UL><LI><a href="#[ae]">&gt;&gt;</a>&nbsp;&nbsp;&nbsp;Freq_convert
<LI><a href="#[a5]">&gt;&gt;</a>&nbsp;&nbsp;&nbsp;AD9854_WR_Byte
<LI><a href="#[a3]">&gt;&gt;</a>&nbsp;&nbsp;&nbsp;HAL_GPIO_WritePin
</UL>
<BR>[Called By]<UL><LI><a href="#[95]">&gt;&gt;</a>&nbsp;&nbsp;&nbsp;main
</UL>

<P><STRONG><a name="[b1]"></a>AD9854_SetFSK</STRONG> (Thumb, 156 bytes, Stack size 32 bytes, ad9854.o(i.AD9854_SetFSK))
<BR><BR>[Stack]<UL><LI>Max Depth = 64<LI>Call Chain = AD9854_SetFSK &rArr; AD9854_WR_Byte
</UL>
<BR>[Calls]<UL><LI><a href="#[ae]">&gt;&gt;</a>&nbsp;&nbsp;&nbsp;Freq_convert
<LI><a href="#[a5]">&gt;&gt;</a>&nbsp;&nbsp;&nbsp;AD9854_WR_Byte
<LI><a href="#[a3]">&gt;&gt;</a>&nbsp;&nbsp;&nbsp;HAL_GPIO_WritePin
<LI><a href="#[aa]">&gt;&gt;</a>&nbsp;&nbsp;&nbsp;ad9854_delay
</UL>
<BR>[Called By]<UL><LI><a href="#[95]">&gt;&gt;</a>&nbsp;&nbsp;&nbsp;main
</UL>

<P><STRONG><a name="[b2]"></a>AD9854_SetOSK</STRONG> (Thumb, 116 bytes, Stack size 24 bytes, ad9854.o(i.AD9854_SetOSK))
<BR><BR>[Stack]<UL><LI>Max Depth = 56<LI>Call Chain = AD9854_SetOSK &rArr; AD9854_WR_Byte
</UL>
<BR>[Calls]<UL><LI><a href="#[ae]">&gt;&gt;</a>&nbsp;&nbsp;&nbsp;Freq_convert
<LI><a href="#[a5]">&gt;&gt;</a>&nbsp;&nbsp;&nbsp;AD9854_WR_Byte
<LI><a href="#[a3]">&gt;&gt;</a>&nbsp;&nbsp;&nbsp;HAL_GPIO_WritePin
</UL>
<BR>[Called By]<UL><LI><a href="#[95]">&gt;&gt;</a>&nbsp;&nbsp;&nbsp;main
</UL>

<P><STRONG><a name="[b3]"></a>AD9854_SetRFSK</STRONG> (Thumb, 226 bytes, Stack size 40 bytes, ad9854.o(i.AD9854_SetRFSK))
<BR><BR>[Stack]<UL><LI>Max Depth = 72<LI>Call Chain = AD9854_SetRFSK &rArr; AD9854_WR_Byte
</UL>
<BR>[Calls]<UL><LI><a href="#[ae]">&gt;&gt;</a>&nbsp;&nbsp;&nbsp;Freq_convert
<LI><a href="#[a5]">&gt;&gt;</a>&nbsp;&nbsp;&nbsp;AD9854_WR_Byte
<LI><a href="#[a3]">&gt;&gt;</a>&nbsp;&nbsp;&nbsp;HAL_GPIO_WritePin
</UL>
<BR>[Called By]<UL><LI><a href="#[95]">&gt;&gt;</a>&nbsp;&nbsp;&nbsp;main
</UL>

<P><STRONG><a name="[b4]"></a>AD9854_SetSine</STRONG> (Thumb, 102 bytes, Stack size 24 bytes, ad9854.o(i.AD9854_SetSine))
<BR><BR>[Stack]<UL><LI>Max Depth = 56<LI>Call Chain = AD9854_SetSine &rArr; AD9854_WR_Byte
</UL>
<BR>[Calls]<UL><LI><a href="#[ae]">&gt;&gt;</a>&nbsp;&nbsp;&nbsp;Freq_convert
<LI><a href="#[a5]">&gt;&gt;</a>&nbsp;&nbsp;&nbsp;AD9854_WR_Byte
<LI><a href="#[a3]">&gt;&gt;</a>&nbsp;&nbsp;&nbsp;HAL_GPIO_WritePin
</UL>
<BR>[Called By]<UL><LI><a href="#[e6]">&gt;&gt;</a>&nbsp;&nbsp;&nbsp;Sweep_out
<LI><a href="#[95]">&gt;&gt;</a>&nbsp;&nbsp;&nbsp;main
</UL>

<P><STRONG><a name="[b6]"></a>BSP_KEY_Init</STRONG> (Thumb, 172 bytes, Stack size 32 bytes, key.o(i.BSP_KEY_Init))
<BR><BR>[Stack]<UL><LI>Max Depth = 56<LI>Call Chain = BSP_KEY_Init &rArr; HAL_GPIO_Init
</UL>
<BR>[Calls]<UL><LI><a href="#[b7]">&gt;&gt;</a>&nbsp;&nbsp;&nbsp;HAL_GPIO_Init
</UL>
<BR>[Called By]<UL><LI><a href="#[d8]">&gt;&gt;</a>&nbsp;&nbsp;&nbsp;KEY_Init
</UL>

<P><STRONG><a name="[4]"></a>BusFault_Handler</STRONG> (Thumb, 4 bytes, Stack size 0 bytes, stm32h7xx_it.o(i.BusFault_Handler))
<BR>[Address Reference Count : 1]<UL><LI> startup_stm32h750xx.o(RESET)
</UL>
<P><STRONG><a name="[7]"></a>DebugMon_Handler</STRONG> (Thumb, 2 bytes, Stack size 0 bytes, stm32h7xx_it.o(i.DebugMon_Handler))
<BR>[Address Reference Count : 1]<UL><LI> startup_stm32h750xx.o(RESET)
</UL>
<P><STRONG><a name="[b8]"></a>GPIO_AD9854_Configuration</STRONG> (Thumb, 132 bytes, Stack size 32 bytes, ad9854.o(i.GPIO_AD9854_Configuration))
<BR><BR>[Stack]<UL><LI>Max Depth = 56<LI>Call Chain = GPIO_AD9854_Configuration &rArr; HAL_GPIO_Init
</UL>
<BR>[Calls]<UL><LI><a href="#[b7]">&gt;&gt;</a>&nbsp;&nbsp;&nbsp;HAL_GPIO_Init
</UL>
<BR>[Called By]<UL><LI><a href="#[95]">&gt;&gt;</a>&nbsp;&nbsp;&nbsp;main
</UL>

<P><STRONG><a name="[b7]"></a>HAL_GPIO_Init</STRONG> (Thumb, 534 bytes, Stack size 24 bytes, stm32h7xx_hal_gpio.o(i.HAL_GPIO_Init))
<BR><BR>[Stack]<UL><LI>Max Depth = 24<LI>Call Chain = HAL_GPIO_Init
</UL>
<BR>[Called By]<UL><LI><a href="#[e2]">&gt;&gt;</a>&nbsp;&nbsp;&nbsp;OLED_Init
<LI><a href="#[b8]">&gt;&gt;</a>&nbsp;&nbsp;&nbsp;GPIO_AD9854_Configuration
<LI><a href="#[b6]">&gt;&gt;</a>&nbsp;&nbsp;&nbsp;BSP_KEY_Init
</UL>

<P><STRONG><a name="[b5]"></a>HAL_GPIO_ReadPin</STRONG> (Thumb, 16 bytes, Stack size 0 bytes, stm32h7xx_hal_gpio.o(i.HAL_GPIO_ReadPin))
<BR><BR>[Called By]<UL><LI><a href="#[d9]">&gt;&gt;</a>&nbsp;&nbsp;&nbsp;KEY_Scan
<LI><a href="#[a5]">&gt;&gt;</a>&nbsp;&nbsp;&nbsp;AD9854_WR_Byte
</UL>

<P><STRONG><a name="[a3]"></a>HAL_GPIO_WritePin</STRONG> (Thumb, 10 bytes, Stack size 0 bytes, stm32h7xx_hal_gpio.o(i.HAL_GPIO_WritePin))
<BR><BR>[Called By]<UL><LI><a href="#[e2]">&gt;&gt;</a>&nbsp;&nbsp;&nbsp;OLED_Init
<LI><a href="#[b4]">&gt;&gt;</a>&nbsp;&nbsp;&nbsp;AD9854_SetSine
<LI><a href="#[b3]">&gt;&gt;</a>&nbsp;&nbsp;&nbsp;AD9854_SetRFSK
<LI><a href="#[b2]">&gt;&gt;</a>&nbsp;&nbsp;&nbsp;AD9854_SetOSK
<LI><a href="#[b1]">&gt;&gt;</a>&nbsp;&nbsp;&nbsp;AD9854_SetFSK
<LI><a href="#[b0]">&gt;&gt;</a>&nbsp;&nbsp;&nbsp;AD9854_SetChirp
<LI><a href="#[af]">&gt;&gt;</a>&nbsp;&nbsp;&nbsp;AD9854_SetBPSK
<LI><a href="#[ad]">&gt;&gt;</a>&nbsp;&nbsp;&nbsp;AD9854_SetAM
<LI><a href="#[a9]">&gt;&gt;</a>&nbsp;&nbsp;&nbsp;AD9854_InitFSK
<LI><a href="#[a2]">&gt;&gt;</a>&nbsp;&nbsp;&nbsp;AD9854_Init
<LI><a href="#[a5]">&gt;&gt;</a>&nbsp;&nbsp;&nbsp;AD9854_WR_Byte
<LI><a href="#[d5]">&gt;&gt;</a>&nbsp;&nbsp;&nbsp;IIC_Wait_Ack
<LI><a href="#[d6]">&gt;&gt;</a>&nbsp;&nbsp;&nbsp;IIC_Stop
<LI><a href="#[d4]">&gt;&gt;</a>&nbsp;&nbsp;&nbsp;IIC_Start
<LI><a href="#[d1]">&gt;&gt;</a>&nbsp;&nbsp;&nbsp;IIC_Send_Byte
</UL>

<P><STRONG><a name="[c2]"></a>HAL_GetTick</STRONG> (Thumb, 6 bytes, Stack size 0 bytes, stm32h7xx_hal.o(i.HAL_GetTick))
<BR><BR>[Called By]<UL><LI><a href="#[c4]">&gt;&gt;</a>&nbsp;&nbsp;&nbsp;HAL_RCC_OscConfig
<LI><a href="#[c1]">&gt;&gt;</a>&nbsp;&nbsp;&nbsp;HAL_RCC_ClockConfig
</UL>

<P><STRONG><a name="[e7]"></a>HAL_IncTick</STRONG> (Thumb, 16 bytes, Stack size 0 bytes, stm32h7xx_hal.o(i.HAL_IncTick))
<BR><BR>[Called By]<UL><LI><a href="#[9]">&gt;&gt;</a>&nbsp;&nbsp;&nbsp;SysTick_Handler
</UL>

<P><STRONG><a name="[b9]"></a>HAL_Init</STRONG> (Thumb, 28 bytes, Stack size 8 bytes, stm32h7xx_hal.o(i.HAL_Init))
<BR><BR>[Stack]<UL><LI>Max Depth = 72<LI>Call Chain = HAL_Init &rArr; HAL_InitTick &rArr; HAL_NVIC_SetPriority &rArr; __NVIC_SetPriority
</UL>
<BR>[Calls]<UL><LI><a href="#[bc]">&gt;&gt;</a>&nbsp;&nbsp;&nbsp;HAL_MspInit
<LI><a href="#[bb]">&gt;&gt;</a>&nbsp;&nbsp;&nbsp;HAL_InitTick
<LI><a href="#[ba]">&gt;&gt;</a>&nbsp;&nbsp;&nbsp;HAL_NVIC_SetPriorityGrouping
</UL>
<BR>[Called By]<UL><LI><a href="#[95]">&gt;&gt;</a>&nbsp;&nbsp;&nbsp;main
</UL>

<P><STRONG><a name="[bb]"></a>HAL_InitTick</STRONG> (Thumb, 64 bytes, Stack size 16 bytes, stm32h7xx_hal.o(i.HAL_InitTick))
<BR><BR>[Stack]<UL><LI>Max Depth = 64<LI>Call Chain = HAL_InitTick &rArr; HAL_NVIC_SetPriority &rArr; __NVIC_SetPriority
</UL>
<BR>[Calls]<UL><LI><a href="#[be]">&gt;&gt;</a>&nbsp;&nbsp;&nbsp;HAL_NVIC_SetPriority
<LI><a href="#[bd]">&gt;&gt;</a>&nbsp;&nbsp;&nbsp;HAL_SYSTICK_Config
</UL>
<BR>[Called By]<UL><LI><a href="#[b9]">&gt;&gt;</a>&nbsp;&nbsp;&nbsp;HAL_Init
<LI><a href="#[c1]">&gt;&gt;</a>&nbsp;&nbsp;&nbsp;HAL_RCC_ClockConfig
</UL>

<P><STRONG><a name="[de]"></a>HAL_MPU_ConfigRegion</STRONG> (Thumb, 88 bytes, Stack size 0 bytes, stm32h7xx_hal_cortex.o(i.HAL_MPU_ConfigRegion))
<BR><BR>[Called By]<UL><LI><a href="#[dc]">&gt;&gt;</a>&nbsp;&nbsp;&nbsp;MPU_Set_Protection
</UL>

<P><STRONG><a name="[dd]"></a>HAL_MPU_Disable</STRONG> (Thumb, 38 bytes, Stack size 0 bytes, stm32h7xx_hal_cortex.o(i.HAL_MPU_Disable))
<BR><BR>[Called By]<UL><LI><a href="#[dc]">&gt;&gt;</a>&nbsp;&nbsp;&nbsp;MPU_Set_Protection
</UL>

<P><STRONG><a name="[df]"></a>HAL_MPU_Enable</STRONG> (Thumb, 58 bytes, Stack size 0 bytes, stm32h7xx_hal_cortex.o(i.HAL_MPU_Enable))
<BR><BR>[Called By]<UL><LI><a href="#[dc]">&gt;&gt;</a>&nbsp;&nbsp;&nbsp;MPU_Set_Protection
</UL>

<P><STRONG><a name="[bc]"></a>HAL_MspInit</STRONG> (Thumb, 2 bytes, Stack size 0 bytes, stm32h7xx_hal.o(i.HAL_MspInit))
<BR><BR>[Called By]<UL><LI><a href="#[b9]">&gt;&gt;</a>&nbsp;&nbsp;&nbsp;HAL_Init
</UL>

<P><STRONG><a name="[c8]"></a>HAL_NVIC_EnableIRQ</STRONG> (Thumb, 32 bytes, Stack size 0 bytes, stm32h7xx_hal_cortex.o(i.HAL_NVIC_EnableIRQ))
<BR><BR>[Called By]<UL><LI><a href="#[c6]">&gt;&gt;</a>&nbsp;&nbsp;&nbsp;HAL_TIM_Base_MspInit
</UL>

<P><STRONG><a name="[be]"></a>HAL_NVIC_SetPriority</STRONG> (Thumb, 122 bytes, Stack size 40 bytes, stm32h7xx_hal_cortex.o(i.HAL_NVIC_SetPriority))
<BR><BR>[Stack]<UL><LI>Max Depth = 48<LI>Call Chain = HAL_NVIC_SetPriority &rArr; __NVIC_SetPriority
</UL>
<BR>[Calls]<UL><LI><a href="#[c0]">&gt;&gt;</a>&nbsp;&nbsp;&nbsp;__NVIC_SetPriority
<LI><a href="#[bf]">&gt;&gt;</a>&nbsp;&nbsp;&nbsp;__NVIC_GetPriorityGrouping
</UL>
<BR>[Called By]<UL><LI><a href="#[c6]">&gt;&gt;</a>&nbsp;&nbsp;&nbsp;HAL_TIM_Base_MspInit
<LI><a href="#[bb]">&gt;&gt;</a>&nbsp;&nbsp;&nbsp;HAL_InitTick
</UL>

<P><STRONG><a name="[ba]"></a>HAL_NVIC_SetPriorityGrouping</STRONG> (Thumb, 32 bytes, Stack size 0 bytes, stm32h7xx_hal_cortex.o(i.HAL_NVIC_SetPriorityGrouping))
<BR><BR>[Called By]<UL><LI><a href="#[b9]">&gt;&gt;</a>&nbsp;&nbsp;&nbsp;HAL_Init
</UL>

<P><STRONG><a name="[c1]"></a>HAL_RCC_ClockConfig</STRONG> (Thumb, 574 bytes, Stack size 16 bytes, stm32h7xx_hal_rcc.o(i.HAL_RCC_ClockConfig))
<BR><BR>[Stack]<UL><LI>Max Depth = 80<LI>Call Chain = HAL_RCC_ClockConfig &rArr; HAL_InitTick &rArr; HAL_NVIC_SetPriority &rArr; __NVIC_SetPriority
</UL>
<BR>[Calls]<UL><LI><a href="#[c3]">&gt;&gt;</a>&nbsp;&nbsp;&nbsp;HAL_RCC_GetSysClockFreq
<LI><a href="#[bb]">&gt;&gt;</a>&nbsp;&nbsp;&nbsp;HAL_InitTick
<LI><a href="#[c2]">&gt;&gt;</a>&nbsp;&nbsp;&nbsp;HAL_GetTick
</UL>
<BR>[Called By]<UL><LI><a href="#[ea]">&gt;&gt;</a>&nbsp;&nbsp;&nbsp;SystemClock_Config
</UL>

<P><STRONG><a name="[c3]"></a>HAL_RCC_GetSysClockFreq</STRONG> (Thumb, 556 bytes, Stack size 16 bytes, stm32h7xx_hal_rcc.o(i.HAL_RCC_GetSysClockFreq))
<BR><BR>[Stack]<UL><LI>Max Depth = 16<LI>Call Chain = HAL_RCC_GetSysClockFreq
</UL>
<BR>[Called By]<UL><LI><a href="#[c1]">&gt;&gt;</a>&nbsp;&nbsp;&nbsp;HAL_RCC_ClockConfig
</UL>

<P><STRONG><a name="[c4]"></a>HAL_RCC_OscConfig</STRONG> (Thumb, 1724 bytes, Stack size 16 bytes, stm32h7xx_hal_rcc.o(i.HAL_RCC_OscConfig))
<BR><BR>[Stack]<UL><LI>Max Depth = 16<LI>Call Chain = HAL_RCC_OscConfig
</UL>
<BR>[Calls]<UL><LI><a href="#[c2]">&gt;&gt;</a>&nbsp;&nbsp;&nbsp;HAL_GetTick
</UL>
<BR>[Called By]<UL><LI><a href="#[ea]">&gt;&gt;</a>&nbsp;&nbsp;&nbsp;SystemClock_Config
</UL>

<P><STRONG><a name="[e9]"></a>HAL_SYSTICK_CLKSourceConfig</STRONG> (Thumb, 40 bytes, Stack size 0 bytes, stm32h7xx_hal_cortex.o(i.HAL_SYSTICK_CLKSourceConfig))
<BR><BR>[Called By]<UL><LI><a href="#[e8]">&gt;&gt;</a>&nbsp;&nbsp;&nbsp;SysTick_clkconfig
</UL>

<P><STRONG><a name="[bd]"></a>HAL_SYSTICK_Config</STRONG> (Thumb, 52 bytes, Stack size 16 bytes, stm32h7xx_hal_cortex.o(i.HAL_SYSTICK_Config))
<BR><BR>[Stack]<UL><LI>Max Depth = 24<LI>Call Chain = HAL_SYSTICK_Config &rArr; __NVIC_SetPriority
</UL>
<BR>[Calls]<UL><LI><a href="#[c0]">&gt;&gt;</a>&nbsp;&nbsp;&nbsp;__NVIC_SetPriority
</UL>
<BR>[Called By]<UL><LI><a href="#[bb]">&gt;&gt;</a>&nbsp;&nbsp;&nbsp;HAL_InitTick
</UL>

<P><STRONG><a name="[ce]"></a>HAL_TIMEx_BreakCallback</STRONG> (Thumb, 2 bytes, Stack size 0 bytes, stm32h7xx_hal_tim_ex.o(i.HAL_TIMEx_BreakCallback))
<BR><BR>[Called By]<UL><LI><a href="#[c9]">&gt;&gt;</a>&nbsp;&nbsp;&nbsp;HAL_TIM_IRQHandler
</UL>

<P><STRONG><a name="[d0]"></a>HAL_TIMEx_CommutationCallback</STRONG> (Thumb, 2 bytes, Stack size 0 bytes, stm32h7xx_hal_tim_ex.o(i.HAL_TIMEx_CommutationCallback))
<BR><BR>[Called By]<UL><LI><a href="#[c9]">&gt;&gt;</a>&nbsp;&nbsp;&nbsp;HAL_TIM_IRQHandler
</UL>

<P><STRONG><a name="[c5]"></a>HAL_TIM_Base_Init</STRONG> (Thumb, 52 bytes, Stack size 8 bytes, stm32h7xx_hal_tim.o(i.HAL_TIM_Base_Init))
<BR><BR>[Stack]<UL><LI>Max Depth = 72<LI>Call Chain = HAL_TIM_Base_Init &rArr; HAL_TIM_Base_MspInit &rArr; HAL_NVIC_SetPriority &rArr; __NVIC_SetPriority
</UL>
<BR>[Calls]<UL><LI><a href="#[c7]">&gt;&gt;</a>&nbsp;&nbsp;&nbsp;TIM_Base_SetConfig
<LI><a href="#[c6]">&gt;&gt;</a>&nbsp;&nbsp;&nbsp;HAL_TIM_Base_MspInit
</UL>
<BR>[Called By]<UL><LI><a href="#[ec]">&gt;&gt;</a>&nbsp;&nbsp;&nbsp;TIM3_Init
</UL>

<P><STRONG><a name="[c6]"></a>HAL_TIM_Base_MspInit</STRONG> (Thumb, 58 bytes, Stack size 16 bytes, timer.o(i.HAL_TIM_Base_MspInit))
<BR><BR>[Stack]<UL><LI>Max Depth = 64<LI>Call Chain = HAL_TIM_Base_MspInit &rArr; HAL_NVIC_SetPriority &rArr; __NVIC_SetPriority
</UL>
<BR>[Calls]<UL><LI><a href="#[be]">&gt;&gt;</a>&nbsp;&nbsp;&nbsp;HAL_NVIC_SetPriority
<LI><a href="#[c8]">&gt;&gt;</a>&nbsp;&nbsp;&nbsp;HAL_NVIC_EnableIRQ
</UL>
<BR>[Called By]<UL><LI><a href="#[c5]">&gt;&gt;</a>&nbsp;&nbsp;&nbsp;HAL_TIM_Base_Init
</UL>

<P><STRONG><a name="[ed]"></a>HAL_TIM_Base_Start_IT</STRONG> (Thumb, 30 bytes, Stack size 0 bytes, stm32h7xx_hal_tim.o(i.HAL_TIM_Base_Start_IT))
<BR><BR>[Called By]<UL><LI><a href="#[ec]">&gt;&gt;</a>&nbsp;&nbsp;&nbsp;TIM3_Init
</UL>

<P><STRONG><a name="[ca]"></a>HAL_TIM_IC_CaptureCallback</STRONG> (Thumb, 2 bytes, Stack size 0 bytes, stm32h7xx_hal_tim.o(i.HAL_TIM_IC_CaptureCallback))
<BR><BR>[Called By]<UL><LI><a href="#[c9]">&gt;&gt;</a>&nbsp;&nbsp;&nbsp;HAL_TIM_IRQHandler
</UL>

<P><STRONG><a name="[c9]"></a>HAL_TIM_IRQHandler</STRONG> (Thumb, 440 bytes, Stack size 8 bytes, stm32h7xx_hal_tim.o(i.HAL_TIM_IRQHandler))
<BR><BR>[Stack]<UL><LI>Max Depth = 8<LI>Call Chain = HAL_TIM_IRQHandler
</UL>
<BR>[Calls]<UL><LI><a href="#[cf]">&gt;&gt;</a>&nbsp;&nbsp;&nbsp;HAL_TIM_TriggerCallback
<LI><a href="#[cc]">&gt;&gt;</a>&nbsp;&nbsp;&nbsp;HAL_TIM_PWM_PulseFinishedCallback
<LI><a href="#[cb]">&gt;&gt;</a>&nbsp;&nbsp;&nbsp;HAL_TIM_OC_DelayElapsedCallback
<LI><a href="#[ca]">&gt;&gt;</a>&nbsp;&nbsp;&nbsp;HAL_TIM_IC_CaptureCallback
<LI><a href="#[d0]">&gt;&gt;</a>&nbsp;&nbsp;&nbsp;HAL_TIMEx_CommutationCallback
<LI><a href="#[ce]">&gt;&gt;</a>&nbsp;&nbsp;&nbsp;HAL_TIMEx_BreakCallback
<LI><a href="#[cd]">&gt;&gt;</a>&nbsp;&nbsp;&nbsp;HAL_TIM_PeriodElapsedCallback
</UL>
<BR>[Called By]<UL><LI><a href="#[27]">&gt;&gt;</a>&nbsp;&nbsp;&nbsp;TIM3_IRQHandler
</UL>

<P><STRONG><a name="[cb]"></a>HAL_TIM_OC_DelayElapsedCallback</STRONG> (Thumb, 2 bytes, Stack size 0 bytes, stm32h7xx_hal_tim.o(i.HAL_TIM_OC_DelayElapsedCallback))
<BR><BR>[Called By]<UL><LI><a href="#[c9]">&gt;&gt;</a>&nbsp;&nbsp;&nbsp;HAL_TIM_IRQHandler
</UL>

<P><STRONG><a name="[cc]"></a>HAL_TIM_PWM_PulseFinishedCallback</STRONG> (Thumb, 2 bytes, Stack size 0 bytes, stm32h7xx_hal_tim.o(i.HAL_TIM_PWM_PulseFinishedCallback))
<BR><BR>[Called By]<UL><LI><a href="#[c9]">&gt;&gt;</a>&nbsp;&nbsp;&nbsp;HAL_TIM_IRQHandler
</UL>

<P><STRONG><a name="[cd]"></a>HAL_TIM_PeriodElapsedCallback</STRONG> (Thumb, 14 bytes, Stack size 0 bytes, timer.o(i.HAL_TIM_PeriodElapsedCallback))
<BR><BR>[Called By]<UL><LI><a href="#[c9]">&gt;&gt;</a>&nbsp;&nbsp;&nbsp;HAL_TIM_IRQHandler
</UL>

<P><STRONG><a name="[cf]"></a>HAL_TIM_TriggerCallback</STRONG> (Thumb, 2 bytes, Stack size 0 bytes, stm32h7xx_hal_tim.o(i.HAL_TIM_TriggerCallback))
<BR><BR>[Called By]<UL><LI><a href="#[c9]">&gt;&gt;</a>&nbsp;&nbsp;&nbsp;HAL_TIM_IRQHandler
</UL>

<P><STRONG><a name="[2]"></a>HardFault_Handler</STRONG> (Thumb, 4 bytes, Stack size 0 bytes, stm32h7xx_it.o(i.HardFault_Handler))
<BR>[Address Reference Count : 1]<UL><LI> startup_stm32h750xx.o(RESET)
</UL>
<P><STRONG><a name="[d2]"></a>IIC_Delay</STRONG> (Thumb, 16 bytes, Stack size 0 bytes, oled.o(i.IIC_Delay))
<BR><BR>[Called By]<UL><LI><a href="#[d5]">&gt;&gt;</a>&nbsp;&nbsp;&nbsp;IIC_Wait_Ack
<LI><a href="#[d6]">&gt;&gt;</a>&nbsp;&nbsp;&nbsp;IIC_Stop
<LI><a href="#[d4]">&gt;&gt;</a>&nbsp;&nbsp;&nbsp;IIC_Start
<LI><a href="#[d1]">&gt;&gt;</a>&nbsp;&nbsp;&nbsp;IIC_Send_Byte
</UL>

<P><STRONG><a name="[d1]"></a>IIC_Send_Byte</STRONG> (Thumb, 94 bytes, Stack size 16 bytes, oled.o(i.IIC_Send_Byte))
<BR><BR>[Stack]<UL><LI>Max Depth = 16<LI>Call Chain = IIC_Send_Byte
</UL>
<BR>[Calls]<UL><LI><a href="#[d2]">&gt;&gt;</a>&nbsp;&nbsp;&nbsp;IIC_Delay
<LI><a href="#[a3]">&gt;&gt;</a>&nbsp;&nbsp;&nbsp;HAL_GPIO_WritePin
</UL>
<BR>[Called By]<UL><LI><a href="#[d7]">&gt;&gt;</a>&nbsp;&nbsp;&nbsp;IIC_Send_Data
<LI><a href="#[d3]">&gt;&gt;</a>&nbsp;&nbsp;&nbsp;IIC_Send_Command
</UL>

<P><STRONG><a name="[d3]"></a>IIC_Send_Command</STRONG> (Thumb, 44 bytes, Stack size 8 bytes, oled.o(i.IIC_Send_Command))
<BR><BR>[Stack]<UL><LI>Max Depth = 24<LI>Call Chain = IIC_Send_Command &rArr; IIC_Send_Byte
</UL>
<BR>[Calls]<UL><LI><a href="#[d5]">&gt;&gt;</a>&nbsp;&nbsp;&nbsp;IIC_Wait_Ack
<LI><a href="#[d6]">&gt;&gt;</a>&nbsp;&nbsp;&nbsp;IIC_Stop
<LI><a href="#[d4]">&gt;&gt;</a>&nbsp;&nbsp;&nbsp;IIC_Start
<LI><a href="#[d1]">&gt;&gt;</a>&nbsp;&nbsp;&nbsp;IIC_Send_Byte
</UL>
<BR>[Called By]<UL><LI><a href="#[e1]">&gt;&gt;</a>&nbsp;&nbsp;&nbsp;OLED_WR_Byte
</UL>

<P><STRONG><a name="[d7]"></a>IIC_Send_Data</STRONG> (Thumb, 44 bytes, Stack size 8 bytes, oled.o(i.IIC_Send_Data))
<BR><BR>[Stack]<UL><LI>Max Depth = 24<LI>Call Chain = IIC_Send_Data &rArr; IIC_Send_Byte
</UL>
<BR>[Calls]<UL><LI><a href="#[d5]">&gt;&gt;</a>&nbsp;&nbsp;&nbsp;IIC_Wait_Ack
<LI><a href="#[d6]">&gt;&gt;</a>&nbsp;&nbsp;&nbsp;IIC_Stop
<LI><a href="#[d4]">&gt;&gt;</a>&nbsp;&nbsp;&nbsp;IIC_Start
<LI><a href="#[d1]">&gt;&gt;</a>&nbsp;&nbsp;&nbsp;IIC_Send_Byte
</UL>
<BR>[Called By]<UL><LI><a href="#[e1]">&gt;&gt;</a>&nbsp;&nbsp;&nbsp;OLED_WR_Byte
</UL>

<P><STRONG><a name="[d4]"></a>IIC_Start</STRONG> (Thumb, 52 bytes, Stack size 8 bytes, oled.o(i.IIC_Start))
<BR><BR>[Stack]<UL><LI>Max Depth = 8<LI>Call Chain = IIC_Start
</UL>
<BR>[Calls]<UL><LI><a href="#[d2]">&gt;&gt;</a>&nbsp;&nbsp;&nbsp;IIC_Delay
<LI><a href="#[a3]">&gt;&gt;</a>&nbsp;&nbsp;&nbsp;HAL_GPIO_WritePin
</UL>
<BR>[Called By]<UL><LI><a href="#[d7]">&gt;&gt;</a>&nbsp;&nbsp;&nbsp;IIC_Send_Data
<LI><a href="#[d3]">&gt;&gt;</a>&nbsp;&nbsp;&nbsp;IIC_Send_Command
</UL>

<P><STRONG><a name="[d6]"></a>IIC_Stop</STRONG> (Thumb, 52 bytes, Stack size 8 bytes, oled.o(i.IIC_Stop))
<BR><BR>[Stack]<UL><LI>Max Depth = 8<LI>Call Chain = IIC_Stop
</UL>
<BR>[Calls]<UL><LI><a href="#[d2]">&gt;&gt;</a>&nbsp;&nbsp;&nbsp;IIC_Delay
<LI><a href="#[a3]">&gt;&gt;</a>&nbsp;&nbsp;&nbsp;HAL_GPIO_WritePin
</UL>
<BR>[Called By]<UL><LI><a href="#[d7]">&gt;&gt;</a>&nbsp;&nbsp;&nbsp;IIC_Send_Data
<LI><a href="#[d3]">&gt;&gt;</a>&nbsp;&nbsp;&nbsp;IIC_Send_Command
</UL>

<P><STRONG><a name="[d5]"></a>IIC_Wait_Ack</STRONG> (Thumb, 28 bytes, Stack size 8 bytes, oled.o(i.IIC_Wait_Ack))
<BR><BR>[Stack]<UL><LI>Max Depth = 8<LI>Call Chain = IIC_Wait_Ack
</UL>
<BR>[Calls]<UL><LI><a href="#[d2]">&gt;&gt;</a>&nbsp;&nbsp;&nbsp;IIC_Delay
<LI><a href="#[a3]">&gt;&gt;</a>&nbsp;&nbsp;&nbsp;HAL_GPIO_WritePin
</UL>
<BR>[Called By]<UL><LI><a href="#[d7]">&gt;&gt;</a>&nbsp;&nbsp;&nbsp;IIC_Send_Data
<LI><a href="#[d3]">&gt;&gt;</a>&nbsp;&nbsp;&nbsp;IIC_Send_Command
</UL>

<P><STRONG><a name="[d8]"></a>KEY_Init</STRONG> (Thumb, 28 bytes, Stack size 8 bytes, key.o(i.KEY_Init))
<BR><BR>[Stack]<UL><LI>Max Depth = 64<LI>Call Chain = KEY_Init &rArr; BSP_KEY_Init &rArr; HAL_GPIO_Init
</UL>
<BR>[Calls]<UL><LI><a href="#[b6]">&gt;&gt;</a>&nbsp;&nbsp;&nbsp;BSP_KEY_Init
</UL>
<BR>[Called By]<UL><LI><a href="#[95]">&gt;&gt;</a>&nbsp;&nbsp;&nbsp;main
</UL>

<P><STRONG><a name="[d9]"></a>KEY_Scan</STRONG> (Thumb, 184 bytes, Stack size 8 bytes, key.o(i.KEY_Scan))
<BR><BR>[Stack]<UL><LI>Max Depth = 36<LI>Call Chain = KEY_Scan &rArr; delay_ms &rArr; delay_us
</UL>
<BR>[Calls]<UL><LI><a href="#[da]">&gt;&gt;</a>&nbsp;&nbsp;&nbsp;delay_ms
<LI><a href="#[b5]">&gt;&gt;</a>&nbsp;&nbsp;&nbsp;HAL_GPIO_ReadPin
</UL>
<BR>[Called By]<UL><LI><a href="#[95]">&gt;&gt;</a>&nbsp;&nbsp;&nbsp;main
</UL>

<P><STRONG><a name="[db]"></a>MPU_Memory_Protection</STRONG> (Thumb, 50 bytes, Stack size 24 bytes, system.o(i.MPU_Memory_Protection))
<BR><BR>[Stack]<UL><LI>Max Depth = 80<LI>Call Chain = MPU_Memory_Protection &rArr; MPU_Set_Protection
</UL>
<BR>[Calls]<UL><LI><a href="#[dc]">&gt;&gt;</a>&nbsp;&nbsp;&nbsp;MPU_Set_Protection
</UL>
<BR>[Called By]<UL><LI><a href="#[95]">&gt;&gt;</a>&nbsp;&nbsp;&nbsp;main
</UL>

<P><STRONG><a name="[dc]"></a>MPU_Set_Protection</STRONG> (Thumb, 90 bytes, Stack size 56 bytes, system.o(i.MPU_Set_Protection))
<BR><BR>[Stack]<UL><LI>Max Depth = 56<LI>Call Chain = MPU_Set_Protection
</UL>
<BR>[Calls]<UL><LI><a href="#[df]">&gt;&gt;</a>&nbsp;&nbsp;&nbsp;HAL_MPU_Enable
<LI><a href="#[dd]">&gt;&gt;</a>&nbsp;&nbsp;&nbsp;HAL_MPU_Disable
<LI><a href="#[de]">&gt;&gt;</a>&nbsp;&nbsp;&nbsp;HAL_MPU_ConfigRegion
</UL>
<BR>[Called By]<UL><LI><a href="#[db]">&gt;&gt;</a>&nbsp;&nbsp;&nbsp;MPU_Memory_Protection
</UL>

<P><STRONG><a name="[3]"></a>MemManage_Handler</STRONG> (Thumb, 4 bytes, Stack size 0 bytes, stm32h7xx_it.o(i.MemManage_Handler))
<BR>[Address Reference Count : 1]<UL><LI> startup_stm32h750xx.o(RESET)
</UL>
<P><STRONG><a name="[1]"></a>NMI_Handler</STRONG> (Thumb, 2 bytes, Stack size 0 bytes, stm32h7xx_it.o(i.NMI_Handler))
<BR>[Address Reference Count : 1]<UL><LI> startup_stm32h750xx.o(RESET)
</UL>
<P><STRONG><a name="[e0]"></a>OLED_Clear</STRONG> (Thumb, 64 bytes, Stack size 16 bytes, oled.o(i.OLED_Clear))
<BR><BR>[Stack]<UL><LI>Max Depth = 56<LI>Call Chain = OLED_Clear &rArr; OLED_WR_Byte &rArr; IIC_Send_Data &rArr; IIC_Send_Byte
</UL>
<BR>[Calls]<UL><LI><a href="#[e1]">&gt;&gt;</a>&nbsp;&nbsp;&nbsp;OLED_WR_Byte
</UL>
<BR>[Called By]<UL><LI><a href="#[95]">&gt;&gt;</a>&nbsp;&nbsp;&nbsp;main
</UL>

<P><STRONG><a name="[e2]"></a>OLED_Init</STRONG> (Thumb, 302 bytes, Stack size 32 bytes, oled.o(i.OLED_Init))
<BR><BR>[Stack]<UL><LI>Max Depth = 72<LI>Call Chain = OLED_Init &rArr; OLED_WR_Byte &rArr; IIC_Send_Data &rArr; IIC_Send_Byte
</UL>
<BR>[Calls]<UL><LI><a href="#[da]">&gt;&gt;</a>&nbsp;&nbsp;&nbsp;delay_ms
<LI><a href="#[e1]">&gt;&gt;</a>&nbsp;&nbsp;&nbsp;OLED_WR_Byte
<LI><a href="#[a3]">&gt;&gt;</a>&nbsp;&nbsp;&nbsp;HAL_GPIO_WritePin
<LI><a href="#[b7]">&gt;&gt;</a>&nbsp;&nbsp;&nbsp;HAL_GPIO_Init
</UL>
<BR>[Called By]<UL><LI><a href="#[95]">&gt;&gt;</a>&nbsp;&nbsp;&nbsp;main
</UL>

<P><STRONG><a name="[e3]"></a>OLED_Set_Pos</STRONG> (Thumb, 42 bytes, Stack size 16 bytes, oled.o(i.OLED_Set_Pos))
<BR><BR>[Stack]<UL><LI>Max Depth = 56<LI>Call Chain = OLED_Set_Pos &rArr; OLED_WR_Byte &rArr; IIC_Send_Data &rArr; IIC_Send_Byte
</UL>
<BR>[Calls]<UL><LI><a href="#[e1]">&gt;&gt;</a>&nbsp;&nbsp;&nbsp;OLED_WR_Byte
</UL>
<BR>[Called By]<UL><LI><a href="#[e4]">&gt;&gt;</a>&nbsp;&nbsp;&nbsp;OLED_ShowChar
</UL>

<P><STRONG><a name="[e4]"></a>OLED_ShowChar</STRONG> (Thumb, 154 bytes, Stack size 32 bytes, oled.o(i.OLED_ShowChar))
<BR><BR>[Stack]<UL><LI>Max Depth = 88<LI>Call Chain = OLED_ShowChar &rArr; OLED_Set_Pos &rArr; OLED_WR_Byte &rArr; IIC_Send_Data &rArr; IIC_Send_Byte
</UL>
<BR>[Calls]<UL><LI><a href="#[e1]">&gt;&gt;</a>&nbsp;&nbsp;&nbsp;OLED_WR_Byte
<LI><a href="#[e3]">&gt;&gt;</a>&nbsp;&nbsp;&nbsp;OLED_Set_Pos
</UL>
<BR>[Called By]<UL><LI><a href="#[e5]">&gt;&gt;</a>&nbsp;&nbsp;&nbsp;OLED_ShowString
</UL>

<P><STRONG><a name="[e5]"></a>OLED_ShowString</STRONG> (Thumb, 58 bytes, Stack size 24 bytes, oled.o(i.OLED_ShowString))
<BR><BR>[Stack]<UL><LI>Max Depth = 112<LI>Call Chain = OLED_ShowString &rArr; OLED_ShowChar &rArr; OLED_Set_Pos &rArr; OLED_WR_Byte &rArr; IIC_Send_Data &rArr; IIC_Send_Byte
</UL>
<BR>[Calls]<UL><LI><a href="#[e4]">&gt;&gt;</a>&nbsp;&nbsp;&nbsp;OLED_ShowChar
</UL>
<BR>[Called By]<UL><LI><a href="#[95]">&gt;&gt;</a>&nbsp;&nbsp;&nbsp;main
</UL>

<P><STRONG><a name="[e1]"></a>OLED_WR_Byte</STRONG> (Thumb, 24 bytes, Stack size 16 bytes, oled.o(i.OLED_WR_Byte))
<BR><BR>[Stack]<UL><LI>Max Depth = 40<LI>Call Chain = OLED_WR_Byte &rArr; IIC_Send_Data &rArr; IIC_Send_Byte
</UL>
<BR>[Calls]<UL><LI><a href="#[d7]">&gt;&gt;</a>&nbsp;&nbsp;&nbsp;IIC_Send_Data
<LI><a href="#[d3]">&gt;&gt;</a>&nbsp;&nbsp;&nbsp;IIC_Send_Command
</UL>
<BR>[Called By]<UL><LI><a href="#[e2]">&gt;&gt;</a>&nbsp;&nbsp;&nbsp;OLED_Init
<LI><a href="#[e0]">&gt;&gt;</a>&nbsp;&nbsp;&nbsp;OLED_Clear
<LI><a href="#[e4]">&gt;&gt;</a>&nbsp;&nbsp;&nbsp;OLED_ShowChar
<LI><a href="#[e3]">&gt;&gt;</a>&nbsp;&nbsp;&nbsp;OLED_Set_Pos
</UL>

<P><STRONG><a name="[8]"></a>PendSV_Handler</STRONG> (Thumb, 2 bytes, Stack size 0 bytes, stm32h7xx_it.o(i.PendSV_Handler))
<BR>[Address Reference Count : 1]<UL><LI> startup_stm32h750xx.o(RESET)
</UL>
<P><STRONG><a name="[6]"></a>SVC_Handler</STRONG> (Thumb, 2 bytes, Stack size 0 bytes, stm32h7xx_it.o(i.SVC_Handler))
<BR>[Address Reference Count : 1]<UL><LI> startup_stm32h750xx.o(RESET)
</UL>
<P><STRONG><a name="[e6]"></a>Sweep_out</STRONG> (Thumb, 108 bytes, Stack size 16 bytes, ad9854.o(i.Sweep_out))
<BR><BR>[Stack]<UL><LI>Max Depth = 72<LI>Call Chain = Sweep_out &rArr; AD9854_SetSine &rArr; AD9854_WR_Byte
</UL>
<BR>[Calls]<UL><LI><a href="#[da]">&gt;&gt;</a>&nbsp;&nbsp;&nbsp;delay_ms
<LI><a href="#[b4]">&gt;&gt;</a>&nbsp;&nbsp;&nbsp;AD9854_SetSine
</UL>
<BR>[Called By]<UL><LI><a href="#[95]">&gt;&gt;</a>&nbsp;&nbsp;&nbsp;main
</UL>

<P><STRONG><a name="[9]"></a>SysTick_Handler</STRONG> (Thumb, 8 bytes, Stack size 8 bytes, stm32h7xx_it.o(i.SysTick_Handler))
<BR><BR>[Stack]<UL><LI>Max Depth = 8<LI>Call Chain = SysTick_Handler
</UL>
<BR>[Calls]<UL><LI><a href="#[e7]">&gt;&gt;</a>&nbsp;&nbsp;&nbsp;HAL_IncTick
</UL>
<BR>[Address Reference Count : 1]<UL><LI> startup_stm32h750xx.o(RESET)
</UL>
<P><STRONG><a name="[e8]"></a>SysTick_clkconfig</STRONG> (Thumb, 16 bytes, Stack size 8 bytes, delay.o(i.SysTick_clkconfig))
<BR><BR>[Stack]<UL><LI>Max Depth = 8<LI>Call Chain = SysTick_clkconfig
</UL>
<BR>[Calls]<UL><LI><a href="#[e9]">&gt;&gt;</a>&nbsp;&nbsp;&nbsp;HAL_SYSTICK_CLKSourceConfig
</UL>
<BR>[Called By]<UL><LI><a href="#[95]">&gt;&gt;</a>&nbsp;&nbsp;&nbsp;main
</UL>

<P><STRONG><a name="[ea]"></a>SystemClock_Config</STRONG> (Thumb, 192 bytes, Stack size 120 bytes, system.o(i.SystemClock_Config))
<BR><BR>[Stack]<UL><LI>Max Depth = 200<LI>Call Chain = SystemClock_Config &rArr; HAL_RCC_ClockConfig &rArr; HAL_InitTick &rArr; HAL_NVIC_SetPriority &rArr; __NVIC_SetPriority
</UL>
<BR>[Calls]<UL><LI><a href="#[eb]">&gt;&gt;</a>&nbsp;&nbsp;&nbsp;__aeabi_memclr4
<LI><a href="#[c4]">&gt;&gt;</a>&nbsp;&nbsp;&nbsp;HAL_RCC_OscConfig
<LI><a href="#[c1]">&gt;&gt;</a>&nbsp;&nbsp;&nbsp;HAL_RCC_ClockConfig
</UL>
<BR>[Called By]<UL><LI><a href="#[95]">&gt;&gt;</a>&nbsp;&nbsp;&nbsp;main
</UL>

<P><STRONG><a name="[96]"></a>SystemInit</STRONG> (Thumb, 130 bytes, Stack size 0 bytes, system_stm32h7xx.o(i.SystemInit))
<BR>[Address Reference Count : 1]<UL><LI> startup_stm32h750xx.o(.text)
</UL>
<P><STRONG><a name="[27]"></a>TIM3_IRQHandler</STRONG> (Thumb, 10 bytes, Stack size 8 bytes, timer.o(i.TIM3_IRQHandler))
<BR><BR>[Stack]<UL><LI>Max Depth = 16<LI>Call Chain = TIM3_IRQHandler &rArr; HAL_TIM_IRQHandler
</UL>
<BR>[Calls]<UL><LI><a href="#[c9]">&gt;&gt;</a>&nbsp;&nbsp;&nbsp;HAL_TIM_IRQHandler
</UL>
<BR>[Address Reference Count : 1]<UL><LI> startup_stm32h750xx.o(RESET)
</UL>
<P><STRONG><a name="[ec]"></a>TIM3_Init</STRONG> (Thumb, 36 bytes, Stack size 16 bytes, timer.o(i.TIM3_Init))
<BR><BR>[Stack]<UL><LI>Max Depth = 88<LI>Call Chain = TIM3_Init &rArr; HAL_TIM_Base_Init &rArr; HAL_TIM_Base_MspInit &rArr; HAL_NVIC_SetPriority &rArr; __NVIC_SetPriority
</UL>
<BR>[Calls]<UL><LI><a href="#[ed]">&gt;&gt;</a>&nbsp;&nbsp;&nbsp;HAL_TIM_Base_Start_IT
<LI><a href="#[c5]">&gt;&gt;</a>&nbsp;&nbsp;&nbsp;HAL_TIM_Base_Init
</UL>
<BR>[Called By]<UL><LI><a href="#[95]">&gt;&gt;</a>&nbsp;&nbsp;&nbsp;main
</UL>

<P><STRONG><a name="[c7]"></a>TIM_Base_SetConfig</STRONG> (Thumb, 172 bytes, Stack size 8 bytes, stm32h7xx_hal_tim.o(i.TIM_Base_SetConfig))
<BR><BR>[Stack]<UL><LI>Max Depth = 8<LI>Call Chain = TIM_Base_SetConfig
</UL>
<BR>[Called By]<UL><LI><a href="#[c5]">&gt;&gt;</a>&nbsp;&nbsp;&nbsp;HAL_TIM_Base_Init
</UL>

<P><STRONG><a name="[5]"></a>UsageFault_Handler</STRONG> (Thumb, 4 bytes, Stack size 0 bytes, stm32h7xx_it.o(i.UsageFault_Handler))
<BR>[Address Reference Count : 1]<UL><LI> startup_stm32h750xx.o(RESET)
</UL>
<P><STRONG><a name="[ee]"></a>__0sprintf$4</STRONG> (Thumb, 34 bytes, Stack size 24 bytes, printf4.o(i.__0sprintf$4), UNUSED)
<BR><BR>[Calls]<UL><LI><a href="#[98]">&gt;&gt;</a>&nbsp;&nbsp;&nbsp;_sputc
<LI><a href="#[ef]">&gt;&gt;</a>&nbsp;&nbsp;&nbsp;_printf_core
</UL>

<P><STRONG><a name="[100]"></a>__1sprintf$4</STRONG> (Thumb, 0 bytes, Stack size 24 bytes, printf4.o(i.__0sprintf$4), UNUSED)

<P><STRONG><a name="[f1]"></a>__2sprintf</STRONG> (Thumb, 0 bytes, Stack size 24 bytes, printf4.o(i.__0sprintf$4))
<BR><BR>[Stack]<UL><LI>Max Depth = 24<LI>Call Chain = __2sprintf
</UL>
<BR>[Called By]<UL><LI><a href="#[95]">&gt;&gt;</a>&nbsp;&nbsp;&nbsp;main
</UL>

<P><STRONG><a name="[101]"></a>__scatterload_copy</STRONG> (Thumb, 14 bytes, Stack size unknown bytes, handlers.o(i.__scatterload_copy), UNUSED)

<P><STRONG><a name="[102]"></a>__scatterload_null</STRONG> (Thumb, 2 bytes, Stack size unknown bytes, handlers.o(i.__scatterload_null), UNUSED)

<P><STRONG><a name="[103]"></a>__scatterload_zeroinit</STRONG> (Thumb, 14 bytes, Stack size unknown bytes, handlers.o(i.__scatterload_zeroinit), UNUSED)

<P><STRONG><a name="[aa]"></a>ad9854_delay</STRONG> (Thumb, 14 bytes, Stack size 0 bytes, ad9854.o(i.ad9854_delay))
<BR><BR>[Called By]<UL><LI><a href="#[b1]">&gt;&gt;</a>&nbsp;&nbsp;&nbsp;AD9854_SetFSK
<LI><a href="#[a9]">&gt;&gt;</a>&nbsp;&nbsp;&nbsp;AD9854_InitFSK
</UL>

<P><STRONG><a name="[f0]"></a>am_test</STRONG> (Thumb, 46 bytes, Stack size 0 bytes, ad9854.o(i.am_test))
<BR><BR>[Called By]<UL><LI><a href="#[95]">&gt;&gt;</a>&nbsp;&nbsp;&nbsp;main
</UL>

<P><STRONG><a name="[da]"></a>delay_ms</STRONG> (Thumb, 24 bytes, Stack size 12 bytes, delay.o(i.delay_ms))
<BR><BR>[Stack]<UL><LI>Max Depth = 28<LI>Call Chain = delay_ms &rArr; delay_us
</UL>
<BR>[Calls]<UL><LI><a href="#[a4]">&gt;&gt;</a>&nbsp;&nbsp;&nbsp;delay_us
</UL>
<BR>[Called By]<UL><LI><a href="#[e6]">&gt;&gt;</a>&nbsp;&nbsp;&nbsp;Sweep_out
<LI><a href="#[e2]">&gt;&gt;</a>&nbsp;&nbsp;&nbsp;OLED_Init
<LI><a href="#[d9]">&gt;&gt;</a>&nbsp;&nbsp;&nbsp;KEY_Scan
<LI><a href="#[95]">&gt;&gt;</a>&nbsp;&nbsp;&nbsp;main
</UL>

<P><STRONG><a name="[a4]"></a>delay_us</STRONG> (Thumb, 68 bytes, Stack size 16 bytes, delay.o(i.delay_us))
<BR><BR>[Stack]<UL><LI>Max Depth = 16<LI>Call Chain = delay_us
</UL>
<BR>[Called By]<UL><LI><a href="#[da]">&gt;&gt;</a>&nbsp;&nbsp;&nbsp;delay_ms
<LI><a href="#[a2]">&gt;&gt;</a>&nbsp;&nbsp;&nbsp;AD9854_Init
</UL>

<P><STRONG><a name="[95]"></a>main</STRONG> (Thumb, 924 bytes, Stack size 0 bytes, main.o(i.main))
<BR><BR>[Stack]<UL><LI>Max Depth = 200<LI>Call Chain = main &rArr; SystemClock_Config &rArr; HAL_RCC_ClockConfig &rArr; HAL_InitTick &rArr; HAL_NVIC_SetPriority &rArr; __NVIC_SetPriority
</UL>
<BR>[Calls]<UL><LI><a href="#[da]">&gt;&gt;</a>&nbsp;&nbsp;&nbsp;delay_ms
<LI><a href="#[f0]">&gt;&gt;</a>&nbsp;&nbsp;&nbsp;am_test
<LI><a href="#[ec]">&gt;&gt;</a>&nbsp;&nbsp;&nbsp;TIM3_Init
<LI><a href="#[ea]">&gt;&gt;</a>&nbsp;&nbsp;&nbsp;SystemClock_Config
<LI><a href="#[e8]">&gt;&gt;</a>&nbsp;&nbsp;&nbsp;SysTick_clkconfig
<LI><a href="#[e6]">&gt;&gt;</a>&nbsp;&nbsp;&nbsp;Sweep_out
<LI><a href="#[e5]">&gt;&gt;</a>&nbsp;&nbsp;&nbsp;OLED_ShowString
<LI><a href="#[e2]">&gt;&gt;</a>&nbsp;&nbsp;&nbsp;OLED_Init
<LI><a href="#[e0]">&gt;&gt;</a>&nbsp;&nbsp;&nbsp;OLED_Clear
<LI><a href="#[db]">&gt;&gt;</a>&nbsp;&nbsp;&nbsp;MPU_Memory_Protection
<LI><a href="#[d9]">&gt;&gt;</a>&nbsp;&nbsp;&nbsp;KEY_Scan
<LI><a href="#[d8]">&gt;&gt;</a>&nbsp;&nbsp;&nbsp;KEY_Init
<LI><a href="#[b9]">&gt;&gt;</a>&nbsp;&nbsp;&nbsp;HAL_Init
<LI><a href="#[b8]">&gt;&gt;</a>&nbsp;&nbsp;&nbsp;GPIO_AD9854_Configuration
<LI><a href="#[b4]">&gt;&gt;</a>&nbsp;&nbsp;&nbsp;AD9854_SetSine
<LI><a href="#[b3]">&gt;&gt;</a>&nbsp;&nbsp;&nbsp;AD9854_SetRFSK
<LI><a href="#[b2]">&gt;&gt;</a>&nbsp;&nbsp;&nbsp;AD9854_SetOSK
<LI><a href="#[b1]">&gt;&gt;</a>&nbsp;&nbsp;&nbsp;AD9854_SetFSK
<LI><a href="#[b0]">&gt;&gt;</a>&nbsp;&nbsp;&nbsp;AD9854_SetChirp
<LI><a href="#[af]">&gt;&gt;</a>&nbsp;&nbsp;&nbsp;AD9854_SetBPSK
<LI><a href="#[ad]">&gt;&gt;</a>&nbsp;&nbsp;&nbsp;AD9854_SetAM
<LI><a href="#[ac]">&gt;&gt;</a>&nbsp;&nbsp;&nbsp;AD9854_InitRFSK
<LI><a href="#[ab]">&gt;&gt;</a>&nbsp;&nbsp;&nbsp;AD9854_InitOSK
<LI><a href="#[a9]">&gt;&gt;</a>&nbsp;&nbsp;&nbsp;AD9854_InitFSK
<LI><a href="#[a8]">&gt;&gt;</a>&nbsp;&nbsp;&nbsp;AD9854_InitChirp
<LI><a href="#[a7]">&gt;&gt;</a>&nbsp;&nbsp;&nbsp;AD9854_InitBPSK
<LI><a href="#[a6]">&gt;&gt;</a>&nbsp;&nbsp;&nbsp;AD9854_InitAM
<LI><a href="#[a2]">&gt;&gt;</a>&nbsp;&nbsp;&nbsp;AD9854_Init
<LI><a href="#[f1]">&gt;&gt;</a>&nbsp;&nbsp;&nbsp;__2sprintf
</UL>
<BR>[Address Reference Count : 1]<UL><LI> entry9a.o(.ARM.Collect$$$$0000000B)
</UL><P>
<H3>
Local Symbols
</H3>
<P><STRONG><a name="[a5]"></a>AD9854_WR_Byte</STRONG> (Thumb, 186 bytes, Stack size 32 bytes, ad9854.o(i.AD9854_WR_Byte))
<BR><BR>[Stack]<UL><LI>Max Depth = 32<LI>Call Chain = AD9854_WR_Byte
</UL>
<BR>[Calls]<UL><LI><a href="#[b5]">&gt;&gt;</a>&nbsp;&nbsp;&nbsp;HAL_GPIO_ReadPin
<LI><a href="#[a3]">&gt;&gt;</a>&nbsp;&nbsp;&nbsp;HAL_GPIO_WritePin
</UL>
<BR>[Called By]<UL><LI><a href="#[b4]">&gt;&gt;</a>&nbsp;&nbsp;&nbsp;AD9854_SetSine
<LI><a href="#[b3]">&gt;&gt;</a>&nbsp;&nbsp;&nbsp;AD9854_SetRFSK
<LI><a href="#[b2]">&gt;&gt;</a>&nbsp;&nbsp;&nbsp;AD9854_SetOSK
<LI><a href="#[b1]">&gt;&gt;</a>&nbsp;&nbsp;&nbsp;AD9854_SetFSK
<LI><a href="#[b0]">&gt;&gt;</a>&nbsp;&nbsp;&nbsp;AD9854_SetChirp
<LI><a href="#[af]">&gt;&gt;</a>&nbsp;&nbsp;&nbsp;AD9854_SetBPSK
<LI><a href="#[ad]">&gt;&gt;</a>&nbsp;&nbsp;&nbsp;AD9854_SetAM
<LI><a href="#[ac]">&gt;&gt;</a>&nbsp;&nbsp;&nbsp;AD9854_InitRFSK
<LI><a href="#[ab]">&gt;&gt;</a>&nbsp;&nbsp;&nbsp;AD9854_InitOSK
<LI><a href="#[a9]">&gt;&gt;</a>&nbsp;&nbsp;&nbsp;AD9854_InitFSK
<LI><a href="#[a8]">&gt;&gt;</a>&nbsp;&nbsp;&nbsp;AD9854_InitChirp
<LI><a href="#[a7]">&gt;&gt;</a>&nbsp;&nbsp;&nbsp;AD9854_InitBPSK
<LI><a href="#[a6]">&gt;&gt;</a>&nbsp;&nbsp;&nbsp;AD9854_InitAM
<LI><a href="#[a2]">&gt;&gt;</a>&nbsp;&nbsp;&nbsp;AD9854_Init
</UL>

<P><STRONG><a name="[ae]"></a>Freq_convert</STRONG> (Thumb, 88 bytes, Stack size 12 bytes, ad9854.o(i.Freq_convert))
<BR><BR>[Stack]<UL><LI>Max Depth = 12<LI>Call Chain = Freq_convert
</UL>
<BR>[Called By]<UL><LI><a href="#[b4]">&gt;&gt;</a>&nbsp;&nbsp;&nbsp;AD9854_SetSine
<LI><a href="#[b3]">&gt;&gt;</a>&nbsp;&nbsp;&nbsp;AD9854_SetRFSK
<LI><a href="#[b2]">&gt;&gt;</a>&nbsp;&nbsp;&nbsp;AD9854_SetOSK
<LI><a href="#[b1]">&gt;&gt;</a>&nbsp;&nbsp;&nbsp;AD9854_SetFSK
<LI><a href="#[b0]">&gt;&gt;</a>&nbsp;&nbsp;&nbsp;AD9854_SetChirp
<LI><a href="#[af]">&gt;&gt;</a>&nbsp;&nbsp;&nbsp;AD9854_SetBPSK
<LI><a href="#[ad]">&gt;&gt;</a>&nbsp;&nbsp;&nbsp;AD9854_SetAM
</UL>

<P><STRONG><a name="[bf]"></a>__NVIC_GetPriorityGrouping</STRONG> (Thumb, 10 bytes, Stack size 0 bytes, stm32h7xx_hal_cortex.o(i.__NVIC_GetPriorityGrouping))
<BR><BR>[Called By]<UL><LI><a href="#[be]">&gt;&gt;</a>&nbsp;&nbsp;&nbsp;HAL_NVIC_SetPriority
</UL>

<P><STRONG><a name="[c0]"></a>__NVIC_SetPriority</STRONG> (Thumb, 32 bytes, Stack size 8 bytes, stm32h7xx_hal_cortex.o(i.__NVIC_SetPriority))
<BR><BR>[Stack]<UL><LI>Max Depth = 8<LI>Call Chain = __NVIC_SetPriority
</UL>
<BR>[Called By]<UL><LI><a href="#[be]">&gt;&gt;</a>&nbsp;&nbsp;&nbsp;HAL_NVIC_SetPriority
<LI><a href="#[bd]">&gt;&gt;</a>&nbsp;&nbsp;&nbsp;HAL_SYSTICK_Config
</UL>

<P><STRONG><a name="[ef]"></a>_printf_core</STRONG> (Thumb, 552 bytes, Stack size 96 bytes, printf4.o(i._printf_core), UNUSED)
<BR><BR>[Calls]<UL><LI><a href="#[9b]">&gt;&gt;</a>&nbsp;&nbsp;&nbsp;__aeabi_uldivmod
</UL>
<BR>[Called By]<UL><LI><a href="#[ee]">&gt;&gt;</a>&nbsp;&nbsp;&nbsp;__0sprintf$4
</UL>

<P><STRONG><a name="[98]"></a>_sputc</STRONG> (Thumb, 10 bytes, Stack size 0 bytes, printf4.o(i._sputc))
<BR><BR>[Called By]<UL><LI><a href="#[ee]">&gt;&gt;</a>&nbsp;&nbsp;&nbsp;__0sprintf$4
</UL>
<BR>[Address Reference Count : 1]<UL><LI> printf4.o(i.__0sprintf$4)
</UL><P>
<H3>
Undefined Global Symbols
</H3><HR></body></html>
