Component: ARM Compiler 5.06 update 6 (build 750) Tool: armlink [4d35ed]

==============================================================================

Section Cross References

    main.o(i.main) refers to peripheralinit.o(i.PeripheralInit) for PeripheralInit
    main.o(i.main) refers to ad9854.o(i.GPIO_AD9854_Configuration) for GPIO_AD9854_Configuration
    main.o(i.main) refers to charlcd.o(i.WrCLcdC) for WrCLcdC
    main.o(i.main) refers to charlcd.o(i.WriteString) for WriteString
    main.o(i.main) refers to tim3.o(i.tim_set) for tim_set
    main.o(i.main) refers to key.o(i.Key_Scan) for Key_Scan
    main.o(i.main) refers to ad9854.o(i.AD9854_Init) for AD9854_Init
    main.o(i.main) refers to ad9854.o(i.AD9854_InitFSK) for AD9854_InitFSK
    main.o(i.main) refers to ad9854.o(i.AD9854_SetFSK) for AD9854_SetFSK
    main.o(i.main) refers to ad9854.o(i.AD9854_InitBPSK) for AD9854_InitBPSK
    main.o(i.main) refers to ad9854.o(i.AD9854_SetBPSK) for AD9854_SetBPSK
    main.o(i.main) refers to ad9854.o(i.AD9854_InitRFSK) for AD9854_InitRFSK
    main.o(i.main) refers to ad9854.o(i.AD9854_SetRFSK) for AD9854_SetRFSK
    main.o(i.main) refers to ad9854.o(i.AD9854_InitAM) for AD9854_InitAM
    main.o(i.main) refers to ad9854.o(i.am_test) for am_test
    main.o(i.main) refers to ad9854.o(i.AD9854_InitOSK) for AD9854_InitOSK
    main.o(i.main) refers to ad9854.o(i.AD9854_SetOSK) for AD9854_SetOSK
    main.o(i.main) refers to ad9854.o(i.AD9854_InitChirp) for AD9854_InitChirp
    main.o(i.main) refers to ad9854.o(i.AD9854_SetChirp) for AD9854_SetChirp
    main.o(i.main) refers to ad9854.o(i.AD9854_SetSine) for AD9854_SetSine
    main.o(i.main) refers to ffltui.o(.text) for __aeabi_ui2f
    main.o(i.main) refers to fmul.o(.text) for __aeabi_fmul
    main.o(i.main) refers to fdiv.o(.text) for __aeabi_fdiv
    main.o(i.main) refers to fadd.o(.text) for __aeabi_frsub
    main.o(i.main) refers to ffixui.o(.text) for __aeabi_f2uiz
    main.o(i.main) refers to ad9854.o(i.AD9854_SetAM) for AD9854_SetAM
    main.o(i.main) refers to main.o(.data) for Key_Value
    main.o(i.main) refers to tim3.o(.data) for TIM_FLAG
    main.o(i.main) refers to ad9854.o(.data) for add
    peripheralinit.o(i.PeripheralInit) refers to charlcd.o(i.LCM_Init) for LCM_Init
    peripheralinit.o(i.PeripheralInit) refers to key.o(i.Key_Init) for Key_Init
    peripheralinit.o(i.PeripheralInit) refers to tim3.o(i.TIM3_Init) for TIM3_Init
    charlcd.o(i.CGWrite) refers to charlcd.o(i.WrCLcdC) for WrCLcdC
    charlcd.o(i.CGWrite) refers to charlcd.o(i.WrCLcdD) for WrCLcdD
    charlcd.o(i.CGWrite) refers to charlcd.o(.data) for tabdy
    charlcd.o(i.CG_Write) refers to charlcd.o(i.WrCLcdC) for WrCLcdC
    charlcd.o(i.CG_Write) refers to charlcd.o(i.WrCLcdD) for WrCLcdD
    charlcd.o(i.CG_Write) refers to charlcd.o(.data) for CGTab
    charlcd.o(i.CL_Enter) refers to charlcd.o(i.WrCLcdC) for WrCLcdC
    charlcd.o(i.CL_Enter) refers to charlcd.o(i.WrCLcdD) for WrCLcdD
    charlcd.o(i.CL_Enter) refers to delay.o(i.Delay_50ms) for Delay_50ms
    charlcd.o(i.CL_Enter) refers to charlcd.o(.data) for tab1
    charlcd.o(i.CR_Enter) refers to charlcd.o(i.WrCLcdC) for WrCLcdC
    charlcd.o(i.CR_Enter) refers to charlcd.o(i.WrCLcdD) for WrCLcdD
    charlcd.o(i.CR_Enter) refers to delay.o(i.Delay_50ms) for Delay_50ms
    charlcd.o(i.CR_Enter) refers to charlcd.o(.data) for tab2
    charlcd.o(i.GPIO_LCM_Configuration) refers to stm32f10x_rcc.o(i.RCC_APB2PeriphClockCmd) for RCC_APB2PeriphClockCmd
    charlcd.o(i.GPIO_LCM_Configuration) refers to stm32f10x_gpio.o(i.GPIO_Init) for GPIO_Init
    charlcd.o(i.LCM_Init) refers to delay.o(i.Delay_50ms) for Delay_50ms
    charlcd.o(i.LCM_Init) refers to charlcd.o(i.GPIO_LCM_Configuration) for GPIO_LCM_Configuration
    charlcd.o(i.LCM_Init) refers to charlcd.o(i.WrCLcdC) for WrCLcdC
    charlcd.o(i.LCM_Init) refers to charlcd.o(i.CG_Write) for CG_Write
    charlcd.o(i.L_Enter) refers to charlcd.o(i.WrCLcdC) for WrCLcdC
    charlcd.o(i.L_Enter) refers to charlcd.o(i.WrCLcdD) for WrCLcdD
    charlcd.o(i.L_Enter) refers to delay.o(i.Delay_50ms) for Delay_50ms
    charlcd.o(i.L_Enter) refers to charlcd.o(.data) for tab1
    charlcd.o(i.R_Enter) refers to charlcd.o(i.WrCLcdC) for WrCLcdC
    charlcd.o(i.R_Enter) refers to charlcd.o(i.WrCLcdD) for WrCLcdD
    charlcd.o(i.R_Enter) refers to delay.o(i.Delay_50ms) for Delay_50ms
    charlcd.o(i.R_Enter) refers to charlcd.o(.data) for tab1
    charlcd.o(i.WrCLcdC) refers to stm32f10x_gpio.o(i.GPIO_ResetBits) for GPIO_ResetBits
    charlcd.o(i.WrCLcdC) refers to charlcd.o(i.Wr_CodeData) for Wr_CodeData
    charlcd.o(i.WrCLcdC) refers to charlcd.o(.data) for lcdbuff
    charlcd.o(i.WrCLcdD) refers to stm32f10x_gpio.o(i.GPIO_SetBits) for GPIO_SetBits
    charlcd.o(i.WrCLcdD) refers to stm32f10x_gpio.o(i.GPIO_ResetBits) for GPIO_ResetBits
    charlcd.o(i.WrCLcdD) refers to charlcd.o(i.Wr_CodeData) for Wr_CodeData
    charlcd.o(i.WrCLcdD) refers to charlcd.o(.data) for lcdbuff
    charlcd.o(i.WrCLcd_char_num) refers to charlcd.o(i.WrCLcdC) for WrCLcdC
    charlcd.o(i.WrCLcd_char_num) refers to charlcd.o(i.WrCLcdD) for WrCLcdD
    charlcd.o(i.WrCLcd_int_num) refers to charlcd.o(i.WrCLcdC) for WrCLcdC
    charlcd.o(i.WrCLcd_int_num) refers to charlcd.o(i.WrCLcdD) for WrCLcdD
    charlcd.o(i.WrCLcd_long_num) refers to charlcd.o(i.WrCLcdC) for WrCLcdC
    charlcd.o(i.WrCLcd_long_num) refers to ldiv.o(.text) for __aeabi_ldivmod
    charlcd.o(i.WrCLcd_long_num) refers to charlcd.o(i.WrCLcdD) for WrCLcdD
    charlcd.o(i.Wr_CodeData) refers to delay.o(i.Delay_ns) for Delay_ns
    charlcd.o(i.Wr_CodeData) refers to stm32f10x_gpio.o(i.GPIO_SetBits) for GPIO_SetBits
    charlcd.o(i.Wr_CodeData) refers to stm32f10x_gpio.o(i.GPIO_ResetBits) for GPIO_ResetBits
    charlcd.o(i.Wr_CodeData) refers to delay.o(i.Delay_1ms) for Delay_1ms
    charlcd.o(i.Wr_CodeData) refers to charlcd.o(.data) for lcdbuff
    charlcd.o(i.Wr_In1) refers to charlcd.o(i.WrCLcdC) for WrCLcdC
    charlcd.o(i.Wr_In1) refers to charlcd.o(i.WrCLcdD) for WrCLcdD
    charlcd.o(i.Wr_In1) refers to charlcd.o(.data) for tab1
    charlcd.o(i.Wr_In2) refers to charlcd.o(i.WrCLcdC) for WrCLcdC
    charlcd.o(i.Wr_In2) refers to charlcd.o(i.WrCLcdD) for WrCLcdD
    charlcd.o(i.Wr_In2) refers to charlcd.o(.data) for tab2
    charlcd.o(i.WriteString) refers to charlcd.o(i.WrCLcdC) for WrCLcdC
    charlcd.o(i.WriteString) refers to charlcd.o(i.WrCLcdD) for WrCLcdD
    ad9854.o(i.AD9854_Init) refers to stm32f10x_gpio.o(i.GPIO_SetBits) for GPIO_SetBits
    ad9854.o(i.AD9854_Init) refers to stm32f10x_gpio.o(i.GPIO_ResetBits) for GPIO_ResetBits
    ad9854.o(i.AD9854_Init) refers to delay.o(i.Delay_10us) for Delay_10us
    ad9854.o(i.AD9854_Init) refers to ad9854.o(i.AD9854_WR_Byte) for AD9854_WR_Byte
    ad9854.o(i.AD9854_InitAM) refers to ad9854.o(i.AD9854_WR_Byte) for AD9854_WR_Byte
    ad9854.o(i.AD9854_InitBPSK) refers to ad9854.o(i.AD9854_WR_Byte) for AD9854_WR_Byte
    ad9854.o(i.AD9854_InitChirp) refers to ad9854.o(i.AD9854_WR_Byte) for AD9854_WR_Byte
    ad9854.o(i.AD9854_InitFSK) refers to ad9854.o(i.AD9854_WR_Byte) for AD9854_WR_Byte
    ad9854.o(i.AD9854_InitOSK) refers to ad9854.o(i.AD9854_WR_Byte) for AD9854_WR_Byte
    ad9854.o(i.AD9854_InitRFSK) refers to ad9854.o(i.AD9854_WR_Byte) for AD9854_WR_Byte
    ad9854.o(i.AD9854_SetAM) refers to ad9854.o(i.Freq_convert) for Freq_convert
    ad9854.o(i.AD9854_SetAM) refers to ad9854.o(i.AD9854_WR_Byte) for AD9854_WR_Byte
    ad9854.o(i.AD9854_SetAM) refers to stm32f10x_gpio.o(i.GPIO_SetBits) for GPIO_SetBits
    ad9854.o(i.AD9854_SetAM) refers to stm32f10x_gpio.o(i.GPIO_ResetBits) for GPIO_ResetBits
    ad9854.o(i.AD9854_SetAM) refers to ad9854.o(.data) for FreqWord
    ad9854.o(i.AD9854_SetBPSK) refers to ad9854.o(i.AD9854_WR_Byte) for AD9854_WR_Byte
    ad9854.o(i.AD9854_SetBPSK) refers to ad9854.o(i.Freq_convert) for Freq_convert
    ad9854.o(i.AD9854_SetBPSK) refers to stm32f10x_gpio.o(i.GPIO_SetBits) for GPIO_SetBits
    ad9854.o(i.AD9854_SetBPSK) refers to stm32f10x_gpio.o(i.GPIO_ResetBits) for GPIO_ResetBits
    ad9854.o(i.AD9854_SetBPSK) refers to ad9854.o(.data) for FreqWord
    ad9854.o(i.AD9854_SetChirp) refers to ad9854.o(i.Freq_convert) for Freq_convert
    ad9854.o(i.AD9854_SetChirp) refers to ad9854.o(i.AD9854_WR_Byte) for AD9854_WR_Byte
    ad9854.o(i.AD9854_SetChirp) refers to stm32f10x_gpio.o(i.GPIO_SetBits) for GPIO_SetBits
    ad9854.o(i.AD9854_SetChirp) refers to stm32f10x_gpio.o(i.GPIO_ResetBits) for GPIO_ResetBits
    ad9854.o(i.AD9854_SetChirp) refers to ad9854.o(.data) for FreqWord
    ad9854.o(i.AD9854_SetFSK) refers to ad9854.o(i.Freq_convert) for Freq_convert
    ad9854.o(i.AD9854_SetFSK) refers to ad9854.o(i.AD9854_WR_Byte) for AD9854_WR_Byte
    ad9854.o(i.AD9854_SetFSK) refers to stm32f10x_gpio.o(i.GPIO_SetBits) for GPIO_SetBits
    ad9854.o(i.AD9854_SetFSK) refers to stm32f10x_gpio.o(i.GPIO_ResetBits) for GPIO_ResetBits
    ad9854.o(i.AD9854_SetFSK) refers to ad9854.o(.data) for FreqWord
    ad9854.o(i.AD9854_SetOSK) refers to ad9854.o(i.Freq_convert) for Freq_convert
    ad9854.o(i.AD9854_SetOSK) refers to ad9854.o(i.AD9854_WR_Byte) for AD9854_WR_Byte
    ad9854.o(i.AD9854_SetOSK) refers to stm32f10x_gpio.o(i.GPIO_SetBits) for GPIO_SetBits
    ad9854.o(i.AD9854_SetOSK) refers to stm32f10x_gpio.o(i.GPIO_ResetBits) for GPIO_ResetBits
    ad9854.o(i.AD9854_SetOSK) refers to ad9854.o(.data) for FreqWord
    ad9854.o(i.AD9854_SetRFSK) refers to ad9854.o(i.Freq_convert) for Freq_convert
    ad9854.o(i.AD9854_SetRFSK) refers to ad9854.o(i.AD9854_WR_Byte) for AD9854_WR_Byte
    ad9854.o(i.AD9854_SetRFSK) refers to stm32f10x_gpio.o(i.GPIO_SetBits) for GPIO_SetBits
    ad9854.o(i.AD9854_SetRFSK) refers to stm32f10x_gpio.o(i.GPIO_ResetBits) for GPIO_ResetBits
    ad9854.o(i.AD9854_SetRFSK) refers to ad9854.o(.data) for FreqWord
    ad9854.o(i.AD9854_SetSine) refers to ad9854.o(i.Freq_convert) for Freq_convert
    ad9854.o(i.AD9854_SetSine) refers to ad9854.o(i.AD9854_WR_Byte) for AD9854_WR_Byte
    ad9854.o(i.AD9854_SetSine) refers to stm32f10x_gpio.o(i.GPIO_SetBits) for GPIO_SetBits
    ad9854.o(i.AD9854_SetSine) refers to stm32f10x_gpio.o(i.GPIO_ResetBits) for GPIO_ResetBits
    ad9854.o(i.AD9854_SetSine) refers to ad9854.o(.data) for FreqWord
    ad9854.o(i.AD9854_WR_Byte) refers to stm32f10x_gpio.o(i.GPIO_ReadOutputData) for GPIO_ReadOutputData
    ad9854.o(i.AD9854_WR_Byte) refers to stm32f10x_gpio.o(i.GPIO_Write) for GPIO_Write
    ad9854.o(i.AD9854_WR_Byte) refers to stm32f10x_gpio.o(i.GPIO_ResetBits) for GPIO_ResetBits
    ad9854.o(i.AD9854_WR_Byte) refers to stm32f10x_gpio.o(i.GPIO_SetBits) for GPIO_SetBits
    ad9854.o(i.Freq_convert) refers to ad9854.o(.data) for FreqWord
    ad9854.o(i.GPIO_AD9854_Configuration) refers to stm32f10x_rcc.o(i.RCC_APB2PeriphClockCmd) for RCC_APB2PeriphClockCmd
    ad9854.o(i.GPIO_AD9854_Configuration) refers to stm32f10x_gpio.o(i.GPIO_Init) for GPIO_Init
    ad9854.o(i.am_test) refers to ffltui.o(.text) for __aeabi_ui2f
    ad9854.o(i.am_test) refers to fmul.o(.text) for __aeabi_fmul
    ad9854.o(i.am_test) refers to fdiv.o(.text) for __aeabi_fdiv
    ad9854.o(i.am_test) refers to ffixui.o(.text) for __aeabi_f2uiz
    ad9854.o(i.am_test) refers to ad9854.o(.data) for modu_buf
    key.o(i.Key_Init) refers to stm32f10x_rcc.o(i.RCC_APB2PeriphClockCmd) for RCC_APB2PeriphClockCmd
    key.o(i.Key_Init) refers to stm32f10x_gpio.o(i.GPIO_Init) for GPIO_Init
    key.o(i.Key_Scan) refers to stm32f10x_gpio.o(i.GPIO_ReadInputDataBit) for GPIO_ReadInputDataBit
    key.o(i.Key_Scan) refers to delay.o(i.Delay_1ms) for Delay_1ms
    tim3.o(i.NVIC_Configuration) refers to misc.o(i.NVIC_PriorityGroupConfig) for NVIC_PriorityGroupConfig
    tim3.o(i.NVIC_Configuration) refers to misc.o(i.NVIC_Init) for NVIC_Init
    tim3.o(i.TIM3_IRQHandler) refers to stm32f10x_tim.o(i.TIM_GetITStatus) for TIM_GetITStatus
    tim3.o(i.TIM3_IRQHandler) refers to stm32f10x_tim.o(i.TIM_ClearITPendingBit) for TIM_ClearITPendingBit
    tim3.o(i.TIM3_IRQHandler) refers to tim3.o(.data) for TIM_FLAG
    tim3.o(i.TIM3_Init) refers to tim3.o(i.VVInit) for VVInit
    tim3.o(i.TIM3_Init) refers to tim3.o(i.NVIC_Configuration) for NVIC_Configuration
    tim3.o(i.VVInit) refers to stm32f10x_rcc.o(i.RCC_APB1PeriphClockCmd) for RCC_APB1PeriphClockCmd
    tim3.o(i.VVInit) refers to stm32f10x_tim.o(i.TIM_TimeBaseInit) for TIM_TimeBaseInit
    tim3.o(i.tim_set) refers to ffltui.o(.text) for __aeabi_ui2f
    tim3.o(i.tim_set) refers to fdiv.o(.text) for __aeabi_fdiv
    tim3.o(i.tim_set) refers to ffixui.o(.text) for __aeabi_f2uiz
    tim3.o(i.tim_set) refers to stm32f10x_rcc.o(i.RCC_APB1PeriphClockCmd) for RCC_APB1PeriphClockCmd
    tim3.o(i.tim_set) refers to stm32f10x_tim.o(i.TIM_TimeBaseInit) for TIM_TimeBaseInit
    tim3.o(i.tim_set) refers to stm32f10x_tim.o(i.TIM_ITConfig) for TIM_ITConfig
    tim3.o(i.tim_set) refers to stm32f10x_tim.o(i.TIM_Cmd) for TIM_Cmd
    stm32f10x_gpio.o(i.GPIO_AFIODeInit) refers to stm32f10x_rcc.o(i.RCC_APB2PeriphResetCmd) for RCC_APB2PeriphResetCmd
    stm32f10x_gpio.o(i.GPIO_DeInit) refers to stm32f10x_rcc.o(i.RCC_APB2PeriphResetCmd) for RCC_APB2PeriphResetCmd
    stm32f10x_rcc.o(i.RCC_GetClocksFreq) refers to stm32f10x_rcc.o(.data) for APBAHBPrescTable
    stm32f10x_rcc.o(i.RCC_WaitForHSEStartUp) refers to stm32f10x_rcc.o(i.RCC_GetFlagStatus) for RCC_GetFlagStatus
    stm32f10x_tim.o(i.TIM_DeInit) refers to stm32f10x_rcc.o(i.RCC_APB2PeriphResetCmd) for RCC_APB2PeriphResetCmd
    stm32f10x_tim.o(i.TIM_DeInit) refers to stm32f10x_rcc.o(i.RCC_APB1PeriphResetCmd) for RCC_APB1PeriphResetCmd
    stm32f10x_tim.o(i.TIM_ETRClockMode1Config) refers to stm32f10x_tim.o(i.TIM_ETRConfig) for TIM_ETRConfig
    stm32f10x_tim.o(i.TIM_ETRClockMode2Config) refers to stm32f10x_tim.o(i.TIM_ETRConfig) for TIM_ETRConfig
    stm32f10x_tim.o(i.TIM_ICInit) refers to stm32f10x_tim.o(i.TI1_Config) for TI1_Config
    stm32f10x_tim.o(i.TIM_ICInit) refers to stm32f10x_tim.o(i.TIM_SetIC1Prescaler) for TIM_SetIC1Prescaler
    stm32f10x_tim.o(i.TIM_ICInit) refers to stm32f10x_tim.o(i.TI2_Config) for TI2_Config
    stm32f10x_tim.o(i.TIM_ICInit) refers to stm32f10x_tim.o(i.TIM_SetIC2Prescaler) for TIM_SetIC2Prescaler
    stm32f10x_tim.o(i.TIM_ICInit) refers to stm32f10x_tim.o(i.TI3_Config) for TI3_Config
    stm32f10x_tim.o(i.TIM_ICInit) refers to stm32f10x_tim.o(i.TIM_SetIC3Prescaler) for TIM_SetIC3Prescaler
    stm32f10x_tim.o(i.TIM_ICInit) refers to stm32f10x_tim.o(i.TI4_Config) for TI4_Config
    stm32f10x_tim.o(i.TIM_ICInit) refers to stm32f10x_tim.o(i.TIM_SetIC4Prescaler) for TIM_SetIC4Prescaler
    stm32f10x_tim.o(i.TIM_ITRxExternalClockConfig) refers to stm32f10x_tim.o(i.TIM_SelectInputTrigger) for TIM_SelectInputTrigger
    stm32f10x_tim.o(i.TIM_PWMIConfig) refers to stm32f10x_tim.o(i.TI1_Config) for TI1_Config
    stm32f10x_tim.o(i.TIM_PWMIConfig) refers to stm32f10x_tim.o(i.TIM_SetIC1Prescaler) for TIM_SetIC1Prescaler
    stm32f10x_tim.o(i.TIM_PWMIConfig) refers to stm32f10x_tim.o(i.TI2_Config) for TI2_Config
    stm32f10x_tim.o(i.TIM_PWMIConfig) refers to stm32f10x_tim.o(i.TIM_SetIC2Prescaler) for TIM_SetIC2Prescaler
    stm32f10x_tim.o(i.TIM_TIxExternalClockConfig) refers to stm32f10x_tim.o(i.TI2_Config) for TI2_Config
    stm32f10x_tim.o(i.TIM_TIxExternalClockConfig) refers to stm32f10x_tim.o(i.TI1_Config) for TI1_Config
    stm32f10x_tim.o(i.TIM_TIxExternalClockConfig) refers to stm32f10x_tim.o(i.TIM_SelectInputTrigger) for TIM_SelectInputTrigger
    system_stm32f10x.o(i.SetSysClock) refers to system_stm32f10x.o(i.SetSysClockTo72) for SetSysClockTo72
    system_stm32f10x.o(i.SystemCoreClockUpdate) refers to system_stm32f10x.o(.data) for SystemCoreClock
    system_stm32f10x.o(i.SystemInit) refers to system_stm32f10x.o(i.SetSysClock) for SetSysClock
    startup_stm32f10x_hd.o(RESET) refers to startup_stm32f10x_hd.o(STACK) for __initial_sp
    startup_stm32f10x_hd.o(RESET) refers to startup_stm32f10x_hd.o(.text) for Reset_Handler
    startup_stm32f10x_hd.o(RESET) refers to tim3.o(i.TIM3_IRQHandler) for TIM3_IRQHandler
    startup_stm32f10x_hd.o(.text) refers to system_stm32f10x.o(i.SystemInit) for SystemInit
    startup_stm32f10x_hd.o(.text) refers to entry.o(.ARM.Collect$$$$00000000) for __main
    entry.o(.ARM.Collect$$$$00000000) refers (Special) to entry10a.o(.ARM.Collect$$$$0000000D) for __rt_final_cpp
    entry.o(.ARM.Collect$$$$00000000) refers (Special) to entry11a.o(.ARM.Collect$$$$0000000F) for __rt_final_exit
    entry.o(.ARM.Collect$$$$00000000) refers (Special) to entry7b.o(.ARM.Collect$$$$00000008) for _main_clock
    entry.o(.ARM.Collect$$$$00000000) refers (Special) to entry8b.o(.ARM.Collect$$$$0000000A) for _main_cpp_init
    entry.o(.ARM.Collect$$$$00000000) refers (Special) to entry9a.o(.ARM.Collect$$$$0000000B) for _main_init
    entry.o(.ARM.Collect$$$$00000000) refers (Special) to entry5.o(.ARM.Collect$$$$00000004) for _main_scatterload
    entry.o(.ARM.Collect$$$$00000000) refers (Special) to entry2.o(.ARM.Collect$$$$00000001) for _main_stk
    ldiv.o(.text) refers to uldiv.o(.text) for __aeabi_uldivmod
    fadd.o(.text) refers (Special) to iusefp.o(.text) for __I$use$fp
    fadd.o(.text) refers to fepilogue.o(.text) for _float_epilogue
    fmul.o(.text) refers (Special) to iusefp.o(.text) for __I$use$fp
    fdiv.o(.text) refers (Special) to iusefp.o(.text) for __I$use$fp
    fdiv.o(.text) refers to fepilogue.o(.text) for _float_round
    ffltui.o(.text) refers (Special) to iusefp.o(.text) for __I$use$fp
    ffltui.o(.text) refers to fepilogue.o(.text) for _float_epilogue
    ffixui.o(.text) refers (Special) to iusefp.o(.text) for __I$use$fp
    entry2.o(.ARM.Collect$$$$00000001) refers to entry2.o(.ARM.Collect$$$$00002712) for __lit__00000000
    entry2.o(.ARM.Collect$$$$00002712) refers to startup_stm32f10x_hd.o(STACK) for __initial_sp
    entry2.o(__vectab_stack_and_reset_area) refers to startup_stm32f10x_hd.o(STACK) for __initial_sp
    entry2.o(__vectab_stack_and_reset_area) refers to entry.o(.ARM.Collect$$$$00000000) for __main
    entry5.o(.ARM.Collect$$$$00000004) refers to init.o(.text) for __scatterload
    entry9a.o(.ARM.Collect$$$$0000000B) refers to main.o(i.main) for main
    entry9b.o(.ARM.Collect$$$$0000000C) refers to main.o(i.main) for main
    uldiv.o(.text) refers to llushr.o(.text) for __aeabi_llsr
    uldiv.o(.text) refers to llshl.o(.text) for __aeabi_llsl
    init.o(.text) refers to entry5.o(.ARM.Collect$$$$00000004) for __main_after_scatterload


==============================================================================

Removing Unused input sections from the image.

    Removing charlcd.o(i.CGWrite), (68 bytes).
    Removing charlcd.o(i.CL_Enter), (48 bytes).
    Removing charlcd.o(i.CR_Enter), (48 bytes).
    Removing charlcd.o(i.L_Enter), (48 bytes).
    Removing charlcd.o(i.R_Enter), (48 bytes).
    Removing charlcd.o(i.WrCLcd_char_num), (180 bytes).
    Removing charlcd.o(i.WrCLcd_int_num), (240 bytes).
    Removing charlcd.o(i.WrCLcd_long_num), (420 bytes).
    Removing charlcd.o(i.Wr_In1), (40 bytes).
    Removing charlcd.o(i.Wr_In2), (40 bytes).
    Removing delay.o(i.Delay), (18 bytes).
    Removing delay.o(i.Delay_1us), (26 bytes).
    Removing delay.o(i.Delay_250us), (36 bytes).
    Removing delay.o(i.Delay_2us), (26 bytes).
    Removing delay.o(i.Delay_5ms), (38 bytes).
    Removing delay.o(i.Delay_882us), (26 bytes).
    Removing delay.o(i.TimingDelay_Decrement), (2 bytes).
    Removing ad9854.o(.constdata), (16 bytes).
    Removing misc.o(i.NVIC_SetVectorTable), (20 bytes).
    Removing misc.o(i.NVIC_SystemLPConfig), (32 bytes).
    Removing misc.o(i.SysTick_CLKSourceConfig), (40 bytes).
    Removing stm32f10x_gpio.o(i.GPIO_AFIODeInit), (20 bytes).
    Removing stm32f10x_gpio.o(i.GPIO_DeInit), (200 bytes).
    Removing stm32f10x_gpio.o(i.GPIO_ETH_MediaInterfaceConfig), (12 bytes).
    Removing stm32f10x_gpio.o(i.GPIO_EXTILineConfig), (64 bytes).
    Removing stm32f10x_gpio.o(i.GPIO_EventOutputCmd), (12 bytes).
    Removing stm32f10x_gpio.o(i.GPIO_EventOutputConfig), (32 bytes).
    Removing stm32f10x_gpio.o(i.GPIO_PinLockConfig), (18 bytes).
    Removing stm32f10x_gpio.o(i.GPIO_PinRemapConfig), (144 bytes).
    Removing stm32f10x_gpio.o(i.GPIO_ReadInputData), (8 bytes).
    Removing stm32f10x_gpio.o(i.GPIO_ReadOutputDataBit), (18 bytes).
    Removing stm32f10x_gpio.o(i.GPIO_StructInit), (16 bytes).
    Removing stm32f10x_gpio.o(i.GPIO_WriteBit), (10 bytes).
    Removing stm32f10x_rcc.o(i.RCC_ADCCLKConfig), (24 bytes).
    Removing stm32f10x_rcc.o(i.RCC_AHBPeriphClockCmd), (32 bytes).
    Removing stm32f10x_rcc.o(i.RCC_APB1PeriphResetCmd), (32 bytes).
    Removing stm32f10x_rcc.o(i.RCC_APB2PeriphResetCmd), (32 bytes).
    Removing stm32f10x_rcc.o(i.RCC_AdjustHSICalibrationValue), (24 bytes).
    Removing stm32f10x_rcc.o(i.RCC_BackupResetCmd), (12 bytes).
    Removing stm32f10x_rcc.o(i.RCC_ClearFlag), (20 bytes).
    Removing stm32f10x_rcc.o(i.RCC_ClearITPendingBit), (12 bytes).
    Removing stm32f10x_rcc.o(i.RCC_ClockSecuritySystemCmd), (12 bytes).
    Removing stm32f10x_rcc.o(i.RCC_DeInit), (76 bytes).
    Removing stm32f10x_rcc.o(i.RCC_GetClocksFreq), (212 bytes).
    Removing stm32f10x_rcc.o(i.RCC_GetFlagStatus), (60 bytes).
    Removing stm32f10x_rcc.o(i.RCC_GetITStatus), (24 bytes).
    Removing stm32f10x_rcc.o(i.RCC_GetSYSCLKSource), (16 bytes).
    Removing stm32f10x_rcc.o(i.RCC_HCLKConfig), (24 bytes).
    Removing stm32f10x_rcc.o(i.RCC_HSEConfig), (76 bytes).
    Removing stm32f10x_rcc.o(i.RCC_HSICmd), (12 bytes).
    Removing stm32f10x_rcc.o(i.RCC_ITConfig), (32 bytes).
    Removing stm32f10x_rcc.o(i.RCC_LSEConfig), (52 bytes).
    Removing stm32f10x_rcc.o(i.RCC_LSICmd), (12 bytes).
    Removing stm32f10x_rcc.o(i.RCC_MCOConfig), (12 bytes).
    Removing stm32f10x_rcc.o(i.RCC_PCLK1Config), (24 bytes).
    Removing stm32f10x_rcc.o(i.RCC_PCLK2Config), (24 bytes).
    Removing stm32f10x_rcc.o(i.RCC_PLLCmd), (12 bytes).
    Removing stm32f10x_rcc.o(i.RCC_PLLConfig), (28 bytes).
    Removing stm32f10x_rcc.o(i.RCC_RTCCLKCmd), (12 bytes).
    Removing stm32f10x_rcc.o(i.RCC_RTCCLKConfig), (16 bytes).
    Removing stm32f10x_rcc.o(i.RCC_SYSCLKConfig), (24 bytes).
    Removing stm32f10x_rcc.o(i.RCC_USBCLKConfig), (12 bytes).
    Removing stm32f10x_rcc.o(i.RCC_WaitForHSEStartUp), (56 bytes).
    Removing stm32f10x_rcc.o(.data), (20 bytes).
    Removing stm32f10x_tim.o(i.TI1_Config), (128 bytes).
    Removing stm32f10x_tim.o(i.TI2_Config), (152 bytes).
    Removing stm32f10x_tim.o(i.TI3_Config), (144 bytes).
    Removing stm32f10x_tim.o(i.TI4_Config), (152 bytes).
    Removing stm32f10x_tim.o(i.TIM_ARRPreloadConfig), (24 bytes).
    Removing stm32f10x_tim.o(i.TIM_BDTRConfig), (32 bytes).
    Removing stm32f10x_tim.o(i.TIM_BDTRStructInit), (18 bytes).
    Removing stm32f10x_tim.o(i.TIM_CCPreloadControl), (24 bytes).
    Removing stm32f10x_tim.o(i.TIM_CCxCmd), (30 bytes).
    Removing stm32f10x_tim.o(i.TIM_CCxNCmd), (30 bytes).
    Removing stm32f10x_tim.o(i.TIM_ClearFlag), (6 bytes).
    Removing stm32f10x_tim.o(i.TIM_ClearOC1Ref), (18 bytes).
    Removing stm32f10x_tim.o(i.TIM_ClearOC2Ref), (24 bytes).
    Removing stm32f10x_tim.o(i.TIM_ClearOC3Ref), (18 bytes).
    Removing stm32f10x_tim.o(i.TIM_ClearOC4Ref), (24 bytes).
    Removing stm32f10x_tim.o(i.TIM_CounterModeConfig), (18 bytes).
    Removing stm32f10x_tim.o(i.TIM_CtrlPWMOutputs), (30 bytes).
    Removing stm32f10x_tim.o(i.TIM_DMACmd), (18 bytes).
    Removing stm32f10x_tim.o(i.TIM_DMAConfig), (10 bytes).
    Removing stm32f10x_tim.o(i.TIM_DeInit), (488 bytes).
    Removing stm32f10x_tim.o(i.TIM_ETRClockMode1Config), (54 bytes).
    Removing stm32f10x_tim.o(i.TIM_ETRClockMode2Config), (32 bytes).
    Removing stm32f10x_tim.o(i.TIM_ETRConfig), (28 bytes).
    Removing stm32f10x_tim.o(i.TIM_EncoderInterfaceConfig), (66 bytes).
    Removing stm32f10x_tim.o(i.TIM_ForcedOC1Config), (18 bytes).
    Removing stm32f10x_tim.o(i.TIM_ForcedOC2Config), (26 bytes).
    Removing stm32f10x_tim.o(i.TIM_ForcedOC3Config), (18 bytes).
    Removing stm32f10x_tim.o(i.TIM_ForcedOC4Config), (26 bytes).
    Removing stm32f10x_tim.o(i.TIM_GenerateEvent), (4 bytes).
    Removing stm32f10x_tim.o(i.TIM_GetCapture1), (6 bytes).
    Removing stm32f10x_tim.o(i.TIM_GetCapture2), (6 bytes).
    Removing stm32f10x_tim.o(i.TIM_GetCapture3), (6 bytes).
    Removing stm32f10x_tim.o(i.TIM_GetCapture4), (8 bytes).
    Removing stm32f10x_tim.o(i.TIM_GetCounter), (6 bytes).
    Removing stm32f10x_tim.o(i.TIM_GetFlagStatus), (18 bytes).
    Removing stm32f10x_tim.o(i.TIM_GetPrescaler), (6 bytes).
    Removing stm32f10x_tim.o(i.TIM_ICInit), (172 bytes).
    Removing stm32f10x_tim.o(i.TIM_ICStructInit), (18 bytes).
    Removing stm32f10x_tim.o(i.TIM_ITRxExternalClockConfig), (24 bytes).
    Removing stm32f10x_tim.o(i.TIM_InternalClockConfig), (12 bytes).
    Removing stm32f10x_tim.o(i.TIM_OC1FastConfig), (18 bytes).
    Removing stm32f10x_tim.o(i.TIM_OC1Init), (152 bytes).
    Removing stm32f10x_tim.o(i.TIM_OC1NPolarityConfig), (18 bytes).
    Removing stm32f10x_tim.o(i.TIM_OC1PolarityConfig), (18 bytes).
    Removing stm32f10x_tim.o(i.TIM_OC1PreloadConfig), (18 bytes).
    Removing stm32f10x_tim.o(i.TIM_OC2FastConfig), (26 bytes).
    Removing stm32f10x_tim.o(i.TIM_OC2Init), (164 bytes).
    Removing stm32f10x_tim.o(i.TIM_OC2NPolarityConfig), (26 bytes).
    Removing stm32f10x_tim.o(i.TIM_OC2PolarityConfig), (26 bytes).
    Removing stm32f10x_tim.o(i.TIM_OC2PreloadConfig), (26 bytes).
    Removing stm32f10x_tim.o(i.TIM_OC3FastConfig), (18 bytes).
    Removing stm32f10x_tim.o(i.TIM_OC3Init), (160 bytes).
    Removing stm32f10x_tim.o(i.TIM_OC3NPolarityConfig), (26 bytes).
    Removing stm32f10x_tim.o(i.TIM_OC3PolarityConfig), (26 bytes).
    Removing stm32f10x_tim.o(i.TIM_OC3PreloadConfig), (18 bytes).
    Removing stm32f10x_tim.o(i.TIM_OC4FastConfig), (26 bytes).
    Removing stm32f10x_tim.o(i.TIM_OC4Init), (124 bytes).
    Removing stm32f10x_tim.o(i.TIM_OC4PolarityConfig), (26 bytes).
    Removing stm32f10x_tim.o(i.TIM_OC4PreloadConfig), (26 bytes).
    Removing stm32f10x_tim.o(i.TIM_OCStructInit), (20 bytes).
    Removing stm32f10x_tim.o(i.TIM_PWMIConfig), (124 bytes).
    Removing stm32f10x_tim.o(i.TIM_PrescalerConfig), (6 bytes).
    Removing stm32f10x_tim.o(i.TIM_SelectCCDMA), (24 bytes).
    Removing stm32f10x_tim.o(i.TIM_SelectCOM), (24 bytes).
    Removing stm32f10x_tim.o(i.TIM_SelectHallSensor), (24 bytes).
    Removing stm32f10x_tim.o(i.TIM_SelectInputTrigger), (18 bytes).
    Removing stm32f10x_tim.o(i.TIM_SelectMasterSlaveMode), (18 bytes).
    Removing stm32f10x_tim.o(i.TIM_SelectOCxM), (82 bytes).
    Removing stm32f10x_tim.o(i.TIM_SelectOnePulseMode), (18 bytes).
    Removing stm32f10x_tim.o(i.TIM_SelectOutputTrigger), (18 bytes).
    Removing stm32f10x_tim.o(i.TIM_SelectSlaveMode), (18 bytes).
    Removing stm32f10x_tim.o(i.TIM_SetAutoreload), (4 bytes).
    Removing stm32f10x_tim.o(i.TIM_SetClockDivision), (18 bytes).
    Removing stm32f10x_tim.o(i.TIM_SetCompare1), (4 bytes).
    Removing stm32f10x_tim.o(i.TIM_SetCompare2), (4 bytes).
    Removing stm32f10x_tim.o(i.TIM_SetCompare3), (4 bytes).
    Removing stm32f10x_tim.o(i.TIM_SetCompare4), (6 bytes).
    Removing stm32f10x_tim.o(i.TIM_SetCounter), (4 bytes).
    Removing stm32f10x_tim.o(i.TIM_SetIC1Prescaler), (18 bytes).
    Removing stm32f10x_tim.o(i.TIM_SetIC2Prescaler), (26 bytes).
    Removing stm32f10x_tim.o(i.TIM_SetIC3Prescaler), (18 bytes).
    Removing stm32f10x_tim.o(i.TIM_SetIC4Prescaler), (26 bytes).
    Removing stm32f10x_tim.o(i.TIM_TIxExternalClockConfig), (62 bytes).
    Removing stm32f10x_tim.o(i.TIM_TimeBaseStructInit), (18 bytes).
    Removing stm32f10x_tim.o(i.TIM_UpdateDisableConfig), (24 bytes).
    Removing stm32f10x_tim.o(i.TIM_UpdateRequestConfig), (24 bytes).
    Removing core_cm3.o(.emb_text), (32 bytes).
    Removing system_stm32f10x.o(i.SystemCoreClockUpdate), (164 bytes).
    Removing system_stm32f10x.o(.data), (20 bytes).
    Removing startup_stm32f10x_hd.o(HEAP), (512 bytes).

154 unused section(s) (total 7316 bytes) removed from the image.

==============================================================================

Image Symbol Table

    Local Symbols

    Symbol Name                              Value     Ov Type        Size  Object(Section)

    ../clib/../cmprslib/zerorunl2.c          0x00000000   Number         0  __dczerorl2.o ABSOLUTE
    ../clib/microlib/division.c              0x00000000   Number         0  ldiv.o ABSOLUTE
    ../clib/microlib/division.c              0x00000000   Number         0  uldiv.o ABSOLUTE
    ../clib/microlib/init/entry.s            0x00000000   Number         0  entry10a.o ABSOLUTE
    ../clib/microlib/init/entry.s            0x00000000   Number         0  entry7b.o ABSOLUTE
    ../clib/microlib/init/entry.s            0x00000000   Number         0  entry8b.o ABSOLUTE
    ../clib/microlib/init/entry.s            0x00000000   Number         0  entry11b.o ABSOLUTE
    ../clib/microlib/init/entry.s            0x00000000   Number         0  entry9b.o ABSOLUTE
    ../clib/microlib/init/entry.s            0x00000000   Number         0  entry11a.o ABSOLUTE
    ../clib/microlib/init/entry.s            0x00000000   Number         0  entry10b.o ABSOLUTE
    ../clib/microlib/init/entry.s            0x00000000   Number         0  entry7a.o ABSOLUTE
    ../clib/microlib/init/entry.s            0x00000000   Number         0  entry8a.o ABSOLUTE
    ../clib/microlib/init/entry.s            0x00000000   Number         0  entry5.o ABSOLUTE
    ../clib/microlib/init/entry.s            0x00000000   Number         0  entry2.o ABSOLUTE
    ../clib/microlib/init/entry.s            0x00000000   Number         0  entry9a.o ABSOLUTE
    ../clib/microlib/init/entry.s            0x00000000   Number         0  entry.o ABSOLUTE
    ../clib/microlib/longlong.c              0x00000000   Number         0  llshl.o ABSOLUTE
    ../clib/microlib/longlong.c              0x00000000   Number         0  llushr.o ABSOLUTE
    ../clib/microlib/stubs.s                 0x00000000   Number         0  iusefp.o ABSOLUTE
    ../fplib/microlib/fpadd.c                0x00000000   Number         0  fadd.o ABSOLUTE
    ../fplib/microlib/fpdiv.c                0x00000000   Number         0  fdiv.o ABSOLUTE
    ../fplib/microlib/fpepilogue.c           0x00000000   Number         0  fepilogue.o ABSOLUTE
    ../fplib/microlib/fpfix.c                0x00000000   Number         0  ffixui.o ABSOLUTE
    ../fplib/microlib/fpflt.c                0x00000000   Number         0  ffltui.o ABSOLUTE
    ../fplib/microlib/fpmul.c                0x00000000   Number         0  fmul.o ABSOLUTE
    ..\CMSIS\CoreSupport\core_cm3.c          0x00000000   Number         0  core_cm3.o ABSOLUTE
    ..\CMSIS\DeviceSupport\STM32F10x\startup_stm32f10x_hd.s 0x00000000   Number         0  startup_stm32f10x_hd.o ABSOLUTE
    ..\CMSIS\DeviceSupport\STM32F10x\system_stm32f10x.c 0x00000000   Number         0  system_stm32f10x.o ABSOLUTE
    ..\STM32F10x_StdPeriph_Driver\src\misc.c 0x00000000   Number         0  misc.o ABSOLUTE
    ..\STM32F10x_StdPeriph_Driver\src\stm32f10x_gpio.c 0x00000000   Number         0  stm32f10x_gpio.o ABSOLUTE
    ..\STM32F10x_StdPeriph_Driver\src\stm32f10x_rcc.c 0x00000000   Number         0  stm32f10x_rcc.o ABSOLUTE
    ..\STM32F10x_StdPeriph_Driver\src\stm32f10x_tim.c 0x00000000   Number         0  stm32f10x_tim.o ABSOLUTE
    ..\User\AD9854.c                         0x00000000   Number         0  ad9854.o ABSOLUTE
    ..\User\CharLCD.c                        0x00000000   Number         0  charlcd.o ABSOLUTE
    ..\User\Delay.c                          0x00000000   Number         0  delay.o ABSOLUTE
    ..\User\PeripheralInit.c                 0x00000000   Number         0  peripheralinit.o ABSOLUTE
    ..\User\key.c                            0x00000000   Number         0  key.o ABSOLUTE
    ..\User\main.c                           0x00000000   Number         0  main.o ABSOLUTE
    ..\User\tim3.c                           0x00000000   Number         0  tim3.o ABSOLUTE
    ..\\CMSIS\\CoreSupport\\core_cm3.c       0x00000000   Number         0  core_cm3.o ABSOLUTE
    dc.s                                     0x00000000   Number         0  dc.o ABSOLUTE
    handlers.s                               0x00000000   Number         0  handlers.o ABSOLUTE
    init.s                                   0x00000000   Number         0  init.o ABSOLUTE
    RESET                                    0x08000000   Section      304  startup_stm32f10x_hd.o(RESET)
    .ARM.Collect$$$$00000000                 0x08000130   Section        0  entry.o(.ARM.Collect$$$$00000000)
    .ARM.Collect$$$$00000001                 0x08000130   Section        4  entry2.o(.ARM.Collect$$$$00000001)
    .ARM.Collect$$$$00000004                 0x08000134   Section        4  entry5.o(.ARM.Collect$$$$00000004)
    .ARM.Collect$$$$00000008                 0x08000138   Section        0  entry7b.o(.ARM.Collect$$$$00000008)
    .ARM.Collect$$$$0000000A                 0x08000138   Section        0  entry8b.o(.ARM.Collect$$$$0000000A)
    .ARM.Collect$$$$0000000B                 0x08000138   Section        8  entry9a.o(.ARM.Collect$$$$0000000B)
    .ARM.Collect$$$$0000000D                 0x08000140   Section        0  entry10a.o(.ARM.Collect$$$$0000000D)
    .ARM.Collect$$$$0000000F                 0x08000140   Section        0  entry11a.o(.ARM.Collect$$$$0000000F)
    .ARM.Collect$$$$00002712                 0x08000140   Section        4  entry2.o(.ARM.Collect$$$$00002712)
    __lit__00000000                          0x08000140   Data           4  entry2.o(.ARM.Collect$$$$00002712)
    .text                                    0x08000144   Section       36  startup_stm32f10x_hd.o(.text)
    .text                                    0x08000168   Section        0  fadd.o(.text)
    .text                                    0x08000218   Section        0  fmul.o(.text)
    .text                                    0x0800027c   Section        0  fdiv.o(.text)
    .text                                    0x080002f8   Section        0  ffltui.o(.text)
    .text                                    0x08000302   Section        0  ffixui.o(.text)
    .text                                    0x0800032a   Section        0  iusefp.o(.text)
    .text                                    0x0800032a   Section        0  fepilogue.o(.text)
    .text                                    0x08000398   Section       36  init.o(.text)
    .text                                    0x080003bc   Section        0  __dczerorl2.o(.text)
    i.AD9854_Init                            0x08000414   Section        0  ad9854.o(i.AD9854_Init)
    i.AD9854_InitAM                          0x08000484   Section        0  ad9854.o(i.AD9854_InitAM)
    i.AD9854_InitBPSK                        0x080004a8   Section        0  ad9854.o(i.AD9854_InitBPSK)
    i.AD9854_InitChirp                       0x080004cc   Section        0  ad9854.o(i.AD9854_InitChirp)
    i.AD9854_InitFSK                         0x080004f0   Section        0  ad9854.o(i.AD9854_InitFSK)
    i.AD9854_InitOSK                         0x08000514   Section        0  ad9854.o(i.AD9854_InitOSK)
    i.AD9854_InitRFSK                        0x08000538   Section        0  ad9854.o(i.AD9854_InitRFSK)
    i.AD9854_SetAM                           0x0800055c   Section        0  ad9854.o(i.AD9854_SetAM)
    i.AD9854_SetBPSK                         0x080005c8   Section        0  ad9854.o(i.AD9854_SetBPSK)
    i.AD9854_SetChirp                        0x0800065c   Section        0  ad9854.o(i.AD9854_SetChirp)
    i.AD9854_SetFSK                          0x08000718   Section        0  ad9854.o(i.AD9854_SetFSK)
    i.AD9854_SetOSK                          0x080007b4   Section        0  ad9854.o(i.AD9854_SetOSK)
    i.AD9854_SetRFSK                         0x08000830   Section        0  ad9854.o(i.AD9854_SetRFSK)
    i.AD9854_SetSine                         0x08000918   Section        0  ad9854.o(i.AD9854_SetSine)
    i.AD9854_WR_Byte                         0x08000984   Section        0  ad9854.o(i.AD9854_WR_Byte)
    AD9854_WR_Byte                           0x08000985   Thumb Code    78  ad9854.o(i.AD9854_WR_Byte)
    i.CG_Write                               0x080009e0   Section        0  charlcd.o(i.CG_Write)
    i.Delay_10us                             0x08000a04   Section        0  delay.o(i.Delay_10us)
    i.Delay_1ms                              0x08000a28   Section        0  delay.o(i.Delay_1ms)
    i.Delay_50ms                             0x08000a4c   Section        0  delay.o(i.Delay_50ms)
    i.Delay_ns                               0x08000a74   Section        0  delay.o(i.Delay_ns)
    i.Freq_convert                           0x08000a80   Section        0  ad9854.o(i.Freq_convert)
    Freq_convert                             0x08000a81   Thumb Code    88  ad9854.o(i.Freq_convert)
    i.GPIO_AD9854_Configuration              0x08000ae0   Section        0  ad9854.o(i.GPIO_AD9854_Configuration)
    i.GPIO_Init                              0x08000b4c   Section        0  stm32f10x_gpio.o(i.GPIO_Init)
    i.GPIO_LCM_Configuration                 0x08000c64   Section        0  charlcd.o(i.GPIO_LCM_Configuration)
    i.GPIO_ReadInputDataBit                  0x08000cac   Section        0  stm32f10x_gpio.o(i.GPIO_ReadInputDataBit)
    i.GPIO_ReadOutputData                    0x08000cbe   Section        0  stm32f10x_gpio.o(i.GPIO_ReadOutputData)
    i.GPIO_ResetBits                         0x08000cc6   Section        0  stm32f10x_gpio.o(i.GPIO_ResetBits)
    i.GPIO_SetBits                           0x08000cca   Section        0  stm32f10x_gpio.o(i.GPIO_SetBits)
    i.GPIO_Write                             0x08000cce   Section        0  stm32f10x_gpio.o(i.GPIO_Write)
    i.Key_Init                               0x08000cd4   Section        0  key.o(i.Key_Init)
    i.Key_Scan                               0x08000d00   Section        0  key.o(i.Key_Scan)
    i.LCM_Init                               0x08000da8   Section        0  charlcd.o(i.LCM_Init)
    i.NVIC_Configuration                     0x08000de4   Section        0  tim3.o(i.NVIC_Configuration)
    i.NVIC_Init                              0x08000e0c   Section        0  misc.o(i.NVIC_Init)
    i.NVIC_PriorityGroupConfig               0x08000e7c   Section        0  misc.o(i.NVIC_PriorityGroupConfig)
    i.PeripheralInit                         0x08000e90   Section        0  peripheralinit.o(i.PeripheralInit)
    i.RCC_APB1PeriphClockCmd                 0x08000ea0   Section        0  stm32f10x_rcc.o(i.RCC_APB1PeriphClockCmd)
    i.RCC_APB2PeriphClockCmd                 0x08000ec0   Section        0  stm32f10x_rcc.o(i.RCC_APB2PeriphClockCmd)
    i.SetSysClock                            0x08000ee0   Section        0  system_stm32f10x.o(i.SetSysClock)
    SetSysClock                              0x08000ee1   Thumb Code     8  system_stm32f10x.o(i.SetSysClock)
    i.SetSysClockTo72                        0x08000ee8   Section        0  system_stm32f10x.o(i.SetSysClockTo72)
    SetSysClockTo72                          0x08000ee9   Thumb Code   214  system_stm32f10x.o(i.SetSysClockTo72)
    i.SystemInit                             0x08000fc8   Section        0  system_stm32f10x.o(i.SystemInit)
    i.TIM3_IRQHandler                        0x08001028   Section        0  tim3.o(i.TIM3_IRQHandler)
    i.TIM3_Init                              0x0800104c   Section        0  tim3.o(i.TIM3_Init)
    i.TIM_ClearITPendingBit                  0x08001058   Section        0  stm32f10x_tim.o(i.TIM_ClearITPendingBit)
    i.TIM_Cmd                                0x0800105e   Section        0  stm32f10x_tim.o(i.TIM_Cmd)
    i.TIM_GetITStatus                        0x08001076   Section        0  stm32f10x_tim.o(i.TIM_GetITStatus)
    i.TIM_ITConfig                           0x08001098   Section        0  stm32f10x_tim.o(i.TIM_ITConfig)
    i.TIM_TimeBaseInit                       0x080010ac   Section        0  stm32f10x_tim.o(i.TIM_TimeBaseInit)
    i.VVInit                                 0x08001150   Section        0  tim3.o(i.VVInit)
    i.WrCLcdC                                0x08001184   Section        0  charlcd.o(i.WrCLcdC)
    i.WrCLcdD                                0x080011b4   Section        0  charlcd.o(i.WrCLcdD)
    i.Wr_CodeData                            0x080011e4   Section        0  charlcd.o(i.Wr_CodeData)
    i.WriteString                            0x080012c0   Section        0  charlcd.o(i.WriteString)
    i.__scatterload_copy                     0x080012f4   Section       14  handlers.o(i.__scatterload_copy)
    i.__scatterload_null                     0x08001302   Section        2  handlers.o(i.__scatterload_null)
    i.__scatterload_zeroinit                 0x08001304   Section       14  handlers.o(i.__scatterload_zeroinit)
    i.am_test                                0x08001314   Section        0  ad9854.o(i.am_test)
    i.main                                   0x0800135c   Section        0  main.o(i.main)
    i.tim_set                                0x0800177c   Section        0  tim3.o(i.tim_set)
    .data                                    0x20000000   Section      523  main.o(.data)
    .data                                    0x2000020b   Section      129  charlcd.o(.data)
    .data                                    0x2000028c   Section       19  ad9854.o(.data)
    .data                                    0x200002a0   Section        2  tim3.o(.data)
    STACK                                    0x200002a8   Section     1024  startup_stm32f10x_hd.o(STACK)

    Global Symbols

    Symbol Name                              Value     Ov Type        Size  Object(Section)

    BuildAttributes$$THM_ISAv4$P$D$K$B$S$PE$A:L22UL41UL21$X:L11$S22US41US21$IEEE1$IW$USESV6$~STKCKD$USESV7$~SHL$OTIME$ROPI$EBA8$MICROLIB$REQ8$PRES8$EABIv2 0x00000000   Number         0  anon$$obj.o ABSOLUTE
    __ARM_use_no_argv                        0x00000000   Number         0  main.o ABSOLUTE
    __cpp_initialize__aeabi_                  - Undefined Weak Reference
    __cxa_finalize                            - Undefined Weak Reference
    _clock_init                               - Undefined Weak Reference
    _microlib_exit                            - Undefined Weak Reference
    __Vectors_Size                           0x00000130   Number         0  startup_stm32f10x_hd.o ABSOLUTE
    __Vectors                                0x08000000   Data           4  startup_stm32f10x_hd.o(RESET)
    __Vectors_End                            0x08000130   Data           0  startup_stm32f10x_hd.o(RESET)
    __main                                   0x08000131   Thumb Code     0  entry.o(.ARM.Collect$$$$00000000)
    _main_stk                                0x08000131   Thumb Code     0  entry2.o(.ARM.Collect$$$$00000001)
    _main_scatterload                        0x08000135   Thumb Code     0  entry5.o(.ARM.Collect$$$$00000004)
    __main_after_scatterload                 0x08000139   Thumb Code     0  entry5.o(.ARM.Collect$$$$00000004)
    _main_clock                              0x08000139   Thumb Code     0  entry7b.o(.ARM.Collect$$$$00000008)
    _main_cpp_init                           0x08000139   Thumb Code     0  entry8b.o(.ARM.Collect$$$$0000000A)
    _main_init                               0x08000139   Thumb Code     0  entry9a.o(.ARM.Collect$$$$0000000B)
    __rt_final_cpp                           0x08000141   Thumb Code     0  entry10a.o(.ARM.Collect$$$$0000000D)
    __rt_final_exit                          0x08000141   Thumb Code     0  entry11a.o(.ARM.Collect$$$$0000000F)
    Reset_Handler                            0x08000145   Thumb Code     8  startup_stm32f10x_hd.o(.text)
    NMI_Handler                              0x0800014d   Thumb Code     2  startup_stm32f10x_hd.o(.text)
    HardFault_Handler                        0x0800014f   Thumb Code     2  startup_stm32f10x_hd.o(.text)
    MemManage_Handler                        0x08000151   Thumb Code     2  startup_stm32f10x_hd.o(.text)
    BusFault_Handler                         0x08000153   Thumb Code     2  startup_stm32f10x_hd.o(.text)
    UsageFault_Handler                       0x08000155   Thumb Code     2  startup_stm32f10x_hd.o(.text)
    SVC_Handler                              0x08000157   Thumb Code     2  startup_stm32f10x_hd.o(.text)
    DebugMon_Handler                         0x08000159   Thumb Code     2  startup_stm32f10x_hd.o(.text)
    PendSV_Handler                           0x0800015b   Thumb Code     2  startup_stm32f10x_hd.o(.text)
    SysTick_Handler                          0x0800015d   Thumb Code     2  startup_stm32f10x_hd.o(.text)
    ADC1_2_IRQHandler                        0x0800015f   Thumb Code     0  startup_stm32f10x_hd.o(.text)
    ADC3_IRQHandler                          0x0800015f   Thumb Code     0  startup_stm32f10x_hd.o(.text)
    CAN1_RX1_IRQHandler                      0x0800015f   Thumb Code     0  startup_stm32f10x_hd.o(.text)
    CAN1_SCE_IRQHandler                      0x0800015f   Thumb Code     0  startup_stm32f10x_hd.o(.text)
    DMA1_Channel1_IRQHandler                 0x0800015f   Thumb Code     0  startup_stm32f10x_hd.o(.text)
    DMA1_Channel2_IRQHandler                 0x0800015f   Thumb Code     0  startup_stm32f10x_hd.o(.text)
    DMA1_Channel3_IRQHandler                 0x0800015f   Thumb Code     0  startup_stm32f10x_hd.o(.text)
    DMA1_Channel4_IRQHandler                 0x0800015f   Thumb Code     0  startup_stm32f10x_hd.o(.text)
    DMA1_Channel5_IRQHandler                 0x0800015f   Thumb Code     0  startup_stm32f10x_hd.o(.text)
    DMA1_Channel6_IRQHandler                 0x0800015f   Thumb Code     0  startup_stm32f10x_hd.o(.text)
    DMA1_Channel7_IRQHandler                 0x0800015f   Thumb Code     0  startup_stm32f10x_hd.o(.text)
    DMA2_Channel1_IRQHandler                 0x0800015f   Thumb Code     0  startup_stm32f10x_hd.o(.text)
    DMA2_Channel2_IRQHandler                 0x0800015f   Thumb Code     0  startup_stm32f10x_hd.o(.text)
    DMA2_Channel3_IRQHandler                 0x0800015f   Thumb Code     0  startup_stm32f10x_hd.o(.text)
    DMA2_Channel4_5_IRQHandler               0x0800015f   Thumb Code     0  startup_stm32f10x_hd.o(.text)
    EXTI0_IRQHandler                         0x0800015f   Thumb Code     0  startup_stm32f10x_hd.o(.text)
    EXTI15_10_IRQHandler                     0x0800015f   Thumb Code     0  startup_stm32f10x_hd.o(.text)
    EXTI1_IRQHandler                         0x0800015f   Thumb Code     0  startup_stm32f10x_hd.o(.text)
    EXTI2_IRQHandler                         0x0800015f   Thumb Code     0  startup_stm32f10x_hd.o(.text)
    EXTI3_IRQHandler                         0x0800015f   Thumb Code     0  startup_stm32f10x_hd.o(.text)
    EXTI4_IRQHandler                         0x0800015f   Thumb Code     0  startup_stm32f10x_hd.o(.text)
    EXTI9_5_IRQHandler                       0x0800015f   Thumb Code     0  startup_stm32f10x_hd.o(.text)
    FLASH_IRQHandler                         0x0800015f   Thumb Code     0  startup_stm32f10x_hd.o(.text)
    FSMC_IRQHandler                          0x0800015f   Thumb Code     0  startup_stm32f10x_hd.o(.text)
    I2C1_ER_IRQHandler                       0x0800015f   Thumb Code     0  startup_stm32f10x_hd.o(.text)
    I2C1_EV_IRQHandler                       0x0800015f   Thumb Code     0  startup_stm32f10x_hd.o(.text)
    I2C2_ER_IRQHandler                       0x0800015f   Thumb Code     0  startup_stm32f10x_hd.o(.text)
    I2C2_EV_IRQHandler                       0x0800015f   Thumb Code     0  startup_stm32f10x_hd.o(.text)
    PVD_IRQHandler                           0x0800015f   Thumb Code     0  startup_stm32f10x_hd.o(.text)
    RCC_IRQHandler                           0x0800015f   Thumb Code     0  startup_stm32f10x_hd.o(.text)
    RTCAlarm_IRQHandler                      0x0800015f   Thumb Code     0  startup_stm32f10x_hd.o(.text)
    RTC_IRQHandler                           0x0800015f   Thumb Code     0  startup_stm32f10x_hd.o(.text)
    SDIO_IRQHandler                          0x0800015f   Thumb Code     0  startup_stm32f10x_hd.o(.text)
    SPI1_IRQHandler                          0x0800015f   Thumb Code     0  startup_stm32f10x_hd.o(.text)
    SPI2_IRQHandler                          0x0800015f   Thumb Code     0  startup_stm32f10x_hd.o(.text)
    SPI3_IRQHandler                          0x0800015f   Thumb Code     0  startup_stm32f10x_hd.o(.text)
    TAMPER_IRQHandler                        0x0800015f   Thumb Code     0  startup_stm32f10x_hd.o(.text)
    TIM1_BRK_IRQHandler                      0x0800015f   Thumb Code     0  startup_stm32f10x_hd.o(.text)
    TIM1_CC_IRQHandler                       0x0800015f   Thumb Code     0  startup_stm32f10x_hd.o(.text)
    TIM1_TRG_COM_IRQHandler                  0x0800015f   Thumb Code     0  startup_stm32f10x_hd.o(.text)
    TIM1_UP_IRQHandler                       0x0800015f   Thumb Code     0  startup_stm32f10x_hd.o(.text)
    TIM2_IRQHandler                          0x0800015f   Thumb Code     0  startup_stm32f10x_hd.o(.text)
    TIM4_IRQHandler                          0x0800015f   Thumb Code     0  startup_stm32f10x_hd.o(.text)
    TIM5_IRQHandler                          0x0800015f   Thumb Code     0  startup_stm32f10x_hd.o(.text)
    TIM6_IRQHandler                          0x0800015f   Thumb Code     0  startup_stm32f10x_hd.o(.text)
    TIM7_IRQHandler                          0x0800015f   Thumb Code     0  startup_stm32f10x_hd.o(.text)
    TIM8_BRK_IRQHandler                      0x0800015f   Thumb Code     0  startup_stm32f10x_hd.o(.text)
    TIM8_CC_IRQHandler                       0x0800015f   Thumb Code     0  startup_stm32f10x_hd.o(.text)
    TIM8_TRG_COM_IRQHandler                  0x0800015f   Thumb Code     0  startup_stm32f10x_hd.o(.text)
    TIM8_UP_IRQHandler                       0x0800015f   Thumb Code     0  startup_stm32f10x_hd.o(.text)
    UART4_IRQHandler                         0x0800015f   Thumb Code     0  startup_stm32f10x_hd.o(.text)
    UART5_IRQHandler                         0x0800015f   Thumb Code     0  startup_stm32f10x_hd.o(.text)
    USART1_IRQHandler                        0x0800015f   Thumb Code     0  startup_stm32f10x_hd.o(.text)
    USART2_IRQHandler                        0x0800015f   Thumb Code     0  startup_stm32f10x_hd.o(.text)
    USART3_IRQHandler                        0x0800015f   Thumb Code     0  startup_stm32f10x_hd.o(.text)
    USBWakeUp_IRQHandler                     0x0800015f   Thumb Code     0  startup_stm32f10x_hd.o(.text)
    USB_HP_CAN1_TX_IRQHandler                0x0800015f   Thumb Code     0  startup_stm32f10x_hd.o(.text)
    USB_LP_CAN1_RX0_IRQHandler               0x0800015f   Thumb Code     0  startup_stm32f10x_hd.o(.text)
    WWDG_IRQHandler                          0x0800015f   Thumb Code     0  startup_stm32f10x_hd.o(.text)
    __aeabi_fadd                             0x08000169   Thumb Code   164  fadd.o(.text)
    __aeabi_fsub                             0x0800020d   Thumb Code     6  fadd.o(.text)
    __aeabi_frsub                            0x08000213   Thumb Code     6  fadd.o(.text)
    __aeabi_fmul                             0x08000219   Thumb Code   100  fmul.o(.text)
    __aeabi_fdiv                             0x0800027d   Thumb Code   124  fdiv.o(.text)
    __aeabi_ui2f                             0x080002f9   Thumb Code    10  ffltui.o(.text)
    __aeabi_f2uiz                            0x08000303   Thumb Code    40  ffixui.o(.text)
    __I$use$fp                               0x0800032b   Thumb Code     0  iusefp.o(.text)
    _float_round                             0x0800032b   Thumb Code    18  fepilogue.o(.text)
    _float_epilogue                          0x0800033d   Thumb Code    92  fepilogue.o(.text)
    __scatterload                            0x08000399   Thumb Code    28  init.o(.text)
    __scatterload_rt2                        0x08000399   Thumb Code     0  init.o(.text)
    __decompress                             0x080003bd   Thumb Code     0  __dczerorl2.o(.text)
    __decompress1                            0x080003bd   Thumb Code    86  __dczerorl2.o(.text)
    AD9854_Init                              0x08000415   Thumb Code   108  ad9854.o(i.AD9854_Init)
    AD9854_InitAM                            0x08000485   Thumb Code    36  ad9854.o(i.AD9854_InitAM)
    AD9854_InitBPSK                          0x080004a9   Thumb Code    36  ad9854.o(i.AD9854_InitBPSK)
    AD9854_InitChirp                         0x080004cd   Thumb Code    36  ad9854.o(i.AD9854_InitChirp)
    AD9854_InitFSK                           0x080004f1   Thumb Code    36  ad9854.o(i.AD9854_InitFSK)
    AD9854_InitOSK                           0x08000515   Thumb Code    36  ad9854.o(i.AD9854_InitOSK)
    AD9854_InitRFSK                          0x08000539   Thumb Code    36  ad9854.o(i.AD9854_InitRFSK)
    AD9854_SetAM                             0x0800055d   Thumb Code   100  ad9854.o(i.AD9854_SetAM)
    AD9854_SetBPSK                           0x080005c9   Thumb Code   140  ad9854.o(i.AD9854_SetBPSK)
    AD9854_SetChirp                          0x0800065d   Thumb Code   180  ad9854.o(i.AD9854_SetChirp)
    AD9854_SetFSK                            0x08000719   Thumb Code   146  ad9854.o(i.AD9854_SetFSK)
    AD9854_SetOSK                            0x080007b5   Thumb Code   114  ad9854.o(i.AD9854_SetOSK)
    AD9854_SetRFSK                           0x08000831   Thumb Code   224  ad9854.o(i.AD9854_SetRFSK)
    AD9854_SetSine                           0x08000919   Thumb Code   100  ad9854.o(i.AD9854_SetSine)
    CG_Write                                 0x080009e1   Thumb Code    30  charlcd.o(i.CG_Write)
    Delay_10us                               0x08000a05   Thumb Code    36  delay.o(i.Delay_10us)
    Delay_1ms                                0x08000a29   Thumb Code    36  delay.o(i.Delay_1ms)
    Delay_50ms                               0x08000a4d   Thumb Code    40  delay.o(i.Delay_50ms)
    Delay_ns                                 0x08000a75   Thumb Code    12  delay.o(i.Delay_ns)
    GPIO_AD9854_Configuration                0x08000ae1   Thumb Code    94  ad9854.o(i.GPIO_AD9854_Configuration)
    GPIO_Init                                0x08000b4d   Thumb Code   278  stm32f10x_gpio.o(i.GPIO_Init)
    GPIO_LCM_Configuration                   0x08000c65   Thumb Code    62  charlcd.o(i.GPIO_LCM_Configuration)
    GPIO_ReadInputDataBit                    0x08000cad   Thumb Code    18  stm32f10x_gpio.o(i.GPIO_ReadInputDataBit)
    GPIO_ReadOutputData                      0x08000cbf   Thumb Code     8  stm32f10x_gpio.o(i.GPIO_ReadOutputData)
    GPIO_ResetBits                           0x08000cc7   Thumb Code     4  stm32f10x_gpio.o(i.GPIO_ResetBits)
    GPIO_SetBits                             0x08000ccb   Thumb Code     4  stm32f10x_gpio.o(i.GPIO_SetBits)
    GPIO_Write                               0x08000ccf   Thumb Code     4  stm32f10x_gpio.o(i.GPIO_Write)
    Key_Init                                 0x08000cd5   Thumb Code    38  key.o(i.Key_Init)
    Key_Scan                                 0x08000d01   Thumb Code   164  key.o(i.Key_Scan)
    LCM_Init                                 0x08000da9   Thumb Code    60  charlcd.o(i.LCM_Init)
    NVIC_Configuration                       0x08000de5   Thumb Code    40  tim3.o(i.NVIC_Configuration)
    NVIC_Init                                0x08000e0d   Thumb Code   100  misc.o(i.NVIC_Init)
    NVIC_PriorityGroupConfig                 0x08000e7d   Thumb Code    10  misc.o(i.NVIC_PriorityGroupConfig)
    PeripheralInit                           0x08000e91   Thumb Code    16  peripheralinit.o(i.PeripheralInit)
    RCC_APB1PeriphClockCmd                   0x08000ea1   Thumb Code    26  stm32f10x_rcc.o(i.RCC_APB1PeriphClockCmd)
    RCC_APB2PeriphClockCmd                   0x08000ec1   Thumb Code    26  stm32f10x_rcc.o(i.RCC_APB2PeriphClockCmd)
    SystemInit                               0x08000fc9   Thumb Code    78  system_stm32f10x.o(i.SystemInit)
    TIM3_IRQHandler                          0x08001029   Thumb Code    28  tim3.o(i.TIM3_IRQHandler)
    TIM3_Init                                0x0800104d   Thumb Code    12  tim3.o(i.TIM3_Init)
    TIM_ClearITPendingBit                    0x08001059   Thumb Code     6  stm32f10x_tim.o(i.TIM_ClearITPendingBit)
    TIM_Cmd                                  0x0800105f   Thumb Code    24  stm32f10x_tim.o(i.TIM_Cmd)
    TIM_GetITStatus                          0x08001077   Thumb Code    34  stm32f10x_tim.o(i.TIM_GetITStatus)
    TIM_ITConfig                             0x08001099   Thumb Code    18  stm32f10x_tim.o(i.TIM_ITConfig)
    TIM_TimeBaseInit                         0x080010ad   Thumb Code   122  stm32f10x_tim.o(i.TIM_TimeBaseInit)
    VVInit                                   0x08001151   Thumb Code    46  tim3.o(i.VVInit)
    WrCLcdC                                  0x08001185   Thumb Code    34  charlcd.o(i.WrCLcdC)
    WrCLcdD                                  0x080011b5   Thumb Code    34  charlcd.o(i.WrCLcdD)
    Wr_CodeData                              0x080011e5   Thumb Code   202  charlcd.o(i.Wr_CodeData)
    WriteString                              0x080012c1   Thumb Code    52  charlcd.o(i.WriteString)
    __scatterload_copy                       0x080012f5   Thumb Code    14  handlers.o(i.__scatterload_copy)
    __scatterload_null                       0x08001303   Thumb Code     2  handlers.o(i.__scatterload_null)
    __scatterload_zeroinit                   0x08001305   Thumb Code    14  handlers.o(i.__scatterload_zeroinit)
    am_test                                  0x08001315   Thumb Code    52  ad9854.o(i.am_test)
    main                                     0x0800135d   Thumb Code   770  main.o(i.main)
    tim_set                                  0x0800177d   Thumb Code   142  tim3.o(i.tim_set)
    Region$$Table$$Base                      0x08001810   Number         0  anon$$obj.o(Region$$Table)
    Region$$Table$$Limit                     0x08001830   Number         0  anon$$obj.o(Region$$Table)
    Sinx_data                                0x20000000   Data         512  main.o(.data)
    Key_Count                                0x20000200   Data           1  main.o(.data)
    Key_Value                                0x20000201   Data           1  main.o(.data)
    F                                        0x20000204   Data           4  main.o(.data)
    A                                        0x20000208   Data           2  main.o(.data)
    numb                                     0x2000020a   Data           1  main.o(.data)
    CGTab                                    0x2000020b   Data          64  charlcd.o(.data)
    tab1                                     0x2000024b   Data          16  charlcd.o(.data)
    tab2                                     0x2000025b   Data          15  charlcd.o(.data)
    tabdy                                    0x2000026a   Data          32  charlcd.o(.data)
    lcdbuff                                  0x2000028a   Data           1  charlcd.o(.data)
    lcdbuff_1                                0x2000028b   Data           1  charlcd.o(.data)
    FreqWord                                 0x2000028c   Data           6  ad9854.o(.data)
    add                                      0x20000292   Data           2  ad9854.o(.data)
    step_up                                  0x20000294   Data           2  ad9854.o(.data)
    fund_fre_buf                             0x20000298   Data           4  ad9854.o(.data)
    amp_buf                                  0x2000029c   Data           2  ad9854.o(.data)
    modu_buf                                 0x2000029e   Data           1  ad9854.o(.data)
    TIM_FLAG                                 0x200002a0   Data           2  tim3.o(.data)
    __initial_sp                             0x200006a8   Data           0  startup_stm32f10x_hd.o(STACK)



==============================================================================

Memory Map of the image

  Image Entry point : 0x08000131

  Load Region LR_IROM1 (Base: 0x08000000, Size: 0x00001ad4, Max: 0x00040000, ABSOLUTE, COMPRESSED[0x00001a7c])

    Execution Region ER_IROM1 (Exec base: 0x08000000, Load base: 0x08000000, Size: 0x00001830, Max: 0x00040000, ABSOLUTE)

    Exec Addr    Load Addr    Size         Type   Attr      Idx    E Section Name        Object

    0x08000000   0x08000000   0x00000130   Data   RO         1389    RESET               startup_stm32f10x_hd.o
    0x08000130   0x08000130   0x00000000   Code   RO         1394  * .ARM.Collect$$$$00000000  mc_w.l(entry.o)
    0x08000130   0x08000130   0x00000004   Code   RO         1409    .ARM.Collect$$$$00000001  mc_w.l(entry2.o)
    0x08000134   0x08000134   0x00000004   Code   RO         1412    .ARM.Collect$$$$00000004  mc_w.l(entry5.o)
    0x08000138   0x08000138   0x00000000   Code   RO         1414    .ARM.Collect$$$$00000008  mc_w.l(entry7b.o)
    0x08000138   0x08000138   0x00000000   Code   RO         1416    .ARM.Collect$$$$0000000A  mc_w.l(entry8b.o)
    0x08000138   0x08000138   0x00000008   Code   RO         1417    .ARM.Collect$$$$0000000B  mc_w.l(entry9a.o)
    0x08000140   0x08000140   0x00000000   Code   RO         1419    .ARM.Collect$$$$0000000D  mc_w.l(entry10a.o)
    0x08000140   0x08000140   0x00000000   Code   RO         1421    .ARM.Collect$$$$0000000F  mc_w.l(entry11a.o)
    0x08000140   0x08000140   0x00000004   Code   RO         1410    .ARM.Collect$$$$00002712  mc_w.l(entry2.o)
    0x08000144   0x08000144   0x00000024   Code   RO         1390    .text               startup_stm32f10x_hd.o
    0x08000168   0x08000168   0x000000b0   Code   RO         1399    .text               mf_w.l(fadd.o)
    0x08000218   0x08000218   0x00000064   Code   RO         1401    .text               mf_w.l(fmul.o)
    0x0800027c   0x0800027c   0x0000007c   Code   RO         1403    .text               mf_w.l(fdiv.o)
    0x080002f8   0x080002f8   0x0000000a   Code   RO         1405    .text               mf_w.l(ffltui.o)
    0x08000302   0x08000302   0x00000028   Code   RO         1407    .text               mf_w.l(ffixui.o)
    0x0800032a   0x0800032a   0x00000000   Code   RO         1425    .text               mc_w.l(iusefp.o)
    0x0800032a   0x0800032a   0x0000006e   Code   RO         1426    .text               mf_w.l(fepilogue.o)
    0x08000398   0x08000398   0x00000024   Code   RO         1428    .text               mc_w.l(init.o)
    0x080003bc   0x080003bc   0x00000056   Code   RO         1442    .text               mc_w.l(__dczerorl2.o)
    0x08000412   0x08000412   0x00000002   PAD
    0x08000414   0x08000414   0x00000070   Code   RO          259    i.AD9854_Init       ad9854.o
    0x08000484   0x08000484   0x00000024   Code   RO          260    i.AD9854_InitAM     ad9854.o
    0x080004a8   0x080004a8   0x00000024   Code   RO          261    i.AD9854_InitBPSK   ad9854.o
    0x080004cc   0x080004cc   0x00000024   Code   RO          262    i.AD9854_InitChirp  ad9854.o
    0x080004f0   0x080004f0   0x00000024   Code   RO          263    i.AD9854_InitFSK    ad9854.o
    0x08000514   0x08000514   0x00000024   Code   RO          264    i.AD9854_InitOSK    ad9854.o
    0x08000538   0x08000538   0x00000024   Code   RO          265    i.AD9854_InitRFSK   ad9854.o
    0x0800055c   0x0800055c   0x0000006c   Code   RO          266    i.AD9854_SetAM      ad9854.o
    0x080005c8   0x080005c8   0x00000094   Code   RO          267    i.AD9854_SetBPSK    ad9854.o
    0x0800065c   0x0800065c   0x000000bc   Code   RO          268    i.AD9854_SetChirp   ad9854.o
    0x08000718   0x08000718   0x0000009c   Code   RO          269    i.AD9854_SetFSK     ad9854.o
    0x080007b4   0x080007b4   0x0000007c   Code   RO          270    i.AD9854_SetOSK     ad9854.o
    0x08000830   0x08000830   0x000000e8   Code   RO          271    i.AD9854_SetRFSK    ad9854.o
    0x08000918   0x08000918   0x0000006c   Code   RO          272    i.AD9854_SetSine    ad9854.o
    0x08000984   0x08000984   0x0000005c   Code   RO          273    i.AD9854_WR_Byte    ad9854.o
    0x080009e0   0x080009e0   0x00000024   Code   RO           77    i.CG_Write          charlcd.o
    0x08000a04   0x08000a04   0x00000024   Code   RO          188    i.Delay_10us        delay.o
    0x08000a28   0x08000a28   0x00000024   Code   RO          189    i.Delay_1ms         delay.o
    0x08000a4c   0x08000a4c   0x00000028   Code   RO          193    i.Delay_50ms        delay.o
    0x08000a74   0x08000a74   0x0000000c   Code   RO          196    i.Delay_ns          delay.o
    0x08000a80   0x08000a80   0x00000060   Code   RO          274    i.Freq_convert      ad9854.o
    0x08000ae0   0x08000ae0   0x0000006c   Code   RO          275    i.GPIO_AD9854_Configuration  ad9854.o
    0x08000b4c   0x08000b4c   0x00000116   Code   RO          486    i.GPIO_Init         stm32f10x_gpio.o
    0x08000c62   0x08000c62   0x00000002   PAD
    0x08000c64   0x08000c64   0x00000048   Code   RO           80    i.GPIO_LCM_Configuration  charlcd.o
    0x08000cac   0x08000cac   0x00000012   Code   RO          490    i.GPIO_ReadInputDataBit  stm32f10x_gpio.o
    0x08000cbe   0x08000cbe   0x00000008   Code   RO          491    i.GPIO_ReadOutputData  stm32f10x_gpio.o
    0x08000cc6   0x08000cc6   0x00000004   Code   RO          493    i.GPIO_ResetBits    stm32f10x_gpio.o
    0x08000cca   0x08000cca   0x00000004   Code   RO          494    i.GPIO_SetBits      stm32f10x_gpio.o
    0x08000cce   0x08000cce   0x00000004   Code   RO          496    i.GPIO_Write        stm32f10x_gpio.o
    0x08000cd2   0x08000cd2   0x00000002   PAD
    0x08000cd4   0x08000cd4   0x0000002c   Code   RO          378    i.Key_Init          key.o
    0x08000d00   0x08000d00   0x000000a8   Code   RO          379    i.Key_Scan          key.o
    0x08000da8   0x08000da8   0x0000003c   Code   RO           81    i.LCM_Init          charlcd.o
    0x08000de4   0x08000de4   0x00000028   Code   RO          399    i.NVIC_Configuration  tim3.o
    0x08000e0c   0x08000e0c   0x00000070   Code   RO          444    i.NVIC_Init         misc.o
    0x08000e7c   0x08000e7c   0x00000014   Code   RO          445    i.NVIC_PriorityGroupConfig  misc.o
    0x08000e90   0x08000e90   0x00000010   Code   RO           64    i.PeripheralInit    peripheralinit.o
    0x08000ea0   0x08000ea0   0x00000020   Code   RO          596    i.RCC_APB1PeriphClockCmd  stm32f10x_rcc.o
    0x08000ec0   0x08000ec0   0x00000020   Code   RO          598    i.RCC_APB2PeriphClockCmd  stm32f10x_rcc.o
    0x08000ee0   0x08000ee0   0x00000008   Code   RO         1353    i.SetSysClock       system_stm32f10x.o
    0x08000ee8   0x08000ee8   0x000000e0   Code   RO         1354    i.SetSysClockTo72   system_stm32f10x.o
    0x08000fc8   0x08000fc8   0x00000060   Code   RO         1356    i.SystemInit        system_stm32f10x.o
    0x08001028   0x08001028   0x00000024   Code   RO          400    i.TIM3_IRQHandler   tim3.o
    0x0800104c   0x0800104c   0x0000000c   Code   RO          401    i.TIM3_Init         tim3.o
    0x08001058   0x08001058   0x00000006   Code   RO          805    i.TIM_ClearITPendingBit  stm32f10x_tim.o
    0x0800105e   0x0800105e   0x00000018   Code   RO          810    i.TIM_Cmd           stm32f10x_tim.o
    0x08001076   0x08001076   0x00000022   Code   RO          831    i.TIM_GetITStatus   stm32f10x_tim.o
    0x08001098   0x08001098   0x00000012   Code   RO          835    i.TIM_ITConfig      stm32f10x_tim.o
    0x080010aa   0x080010aa   0x00000002   PAD
    0x080010ac   0x080010ac   0x000000a4   Code   RO          881    i.TIM_TimeBaseInit  stm32f10x_tim.o
    0x08001150   0x08001150   0x00000034   Code   RO          402    i.VVInit            tim3.o
    0x08001184   0x08001184   0x00000030   Code   RO           84    i.WrCLcdC           charlcd.o
    0x080011b4   0x080011b4   0x00000030   Code   RO           85    i.WrCLcdD           charlcd.o
    0x080011e4   0x080011e4   0x000000dc   Code   RO           89    i.Wr_CodeData       charlcd.o
    0x080012c0   0x080012c0   0x00000034   Code   RO           92    i.WriteString       charlcd.o
    0x080012f4   0x080012f4   0x0000000e   Code   RO         1436    i.__scatterload_copy  mc_w.l(handlers.o)
    0x08001302   0x08001302   0x00000002   Code   RO         1437    i.__scatterload_null  mc_w.l(handlers.o)
    0x08001304   0x08001304   0x0000000e   Code   RO         1438    i.__scatterload_zeroinit  mc_w.l(handlers.o)
    0x08001312   0x08001312   0x00000002   PAD
    0x08001314   0x08001314   0x00000048   Code   RO          276    i.am_test           ad9854.o
    0x0800135c   0x0800135c   0x00000420   Code   RO            1    i.main              main.o
    0x0800177c   0x0800177c   0x00000094   Code   RO          403    i.tim_set           tim3.o
    0x08001810   0x08001810   0x00000020   Data   RO         1434    Region$$Table       anon$$obj.o


    Execution Region RW_IRAM1 (Exec base: 0x20000000, Load base: 0x08001830, Size: 0x000006a8, Max: 0x0000c000, ABSOLUTE, COMPRESSED[0x0000024c])

    Exec Addr    Load Addr    Size         Type   Attr      Idx    E Section Name        Object

    0x20000000   COMPRESSED   0x0000020b   Data   RW            2    .data               main.o
    0x2000020b   COMPRESSED   0x00000081   Data   RW           93    .data               charlcd.o
    0x2000028c   COMPRESSED   0x00000013   Data   RW          278    .data               ad9854.o
    0x2000029f   COMPRESSED   0x00000001   PAD
    0x200002a0   COMPRESSED   0x00000002   Data   RW          404    .data               tim3.o
    0x200002a2   COMPRESSED   0x00000006   PAD
    0x200002a8        -       0x00000400   Zero   RW         1387    STACK               startup_stm32f10x_hd.o


==============================================================================

Image component sizes


      Code (inc. data)   RO Data    RW Data    ZI Data      Debug   Object Name

      1760        120          0         19          0      13623   ad9854.o
       536         62          0        129          0       5421   charlcd.o
         0          0          0          0          0         32   core_cm3.o
       124          0          0          0          0       2373   delay.o
       212         10          0          0          0       1258   key.o
      1056        296          0        523          0     220136   main.o
       132         22          0          0          0       1959   misc.o
        16          0          0          0          0        585   peripheralinit.o
        36          8        304          0       1024        932   startup_stm32f10x_hd.o
       316          0          0          0          0       5719   stm32f10x_gpio.o
        64         12          0          0          0       1418   stm32f10x_rcc.o
       246         42          0          0          0       4398   stm32f10x_tim.o
       328         28          0          0          0       2565   system_stm32f10x.o
       288         20          0          2          0      23913   tim3.o

    ----------------------------------------------------------------------
      5120        620        336        676       1028     284332   Object Totals
         0          0         32          0          0          0   (incl. Generated)
         6          0          0          3          4          0   (incl. Padding)

    ----------------------------------------------------------------------

      Code (inc. data)   RO Data    RW Data    ZI Data      Debug   Library Member Name

        86          0          0          0          0          0   __dczerorl2.o
         0          0          0          0          0          0   entry.o
         0          0          0          0          0          0   entry10a.o
         0          0          0          0          0          0   entry11a.o
         8          4          0          0          0          0   entry2.o
         4          0          0          0          0          0   entry5.o
         0          0          0          0          0          0   entry7b.o
         0          0          0          0          0          0   entry8b.o
         8          4          0          0          0          0   entry9a.o
        30          0          0          0          0          0   handlers.o
        36          8          0          0          0         68   init.o
         0          0          0          0          0          0   iusefp.o
       176          0          0          0          0        140   fadd.o
       124          0          0          0          0         88   fdiv.o
       110          0          0          0          0        168   fepilogue.o
        40          0          0          0          0         68   ffixui.o
        10          0          0          0          0         68   ffltui.o
       100          0          0          0          0         76   fmul.o

    ----------------------------------------------------------------------
       736         16          0          0          0        676   Library Totals
         4          0          0          0          0          0   (incl. Padding)

    ----------------------------------------------------------------------

      Code (inc. data)   RO Data    RW Data    ZI Data      Debug   Library Name

       172         16          0          0          0         68   mc_w.l
       560          0          0          0          0        608   mf_w.l

    ----------------------------------------------------------------------
       736         16          0          0          0        676   Library Totals

    ----------------------------------------------------------------------

==============================================================================


      Code (inc. data)   RO Data    RW Data    ZI Data      Debug   

      5856        636        336        676       1028     282224   Grand Totals
      5856        636        336        588       1028     282224   ELF Image Totals (compressed)
      5856        636        336        588          0          0   ROM Totals

==============================================================================

    Total RO  Size (Code + RO Data)                 6192 (   6.05kB)
    Total RW  Size (RW Data + ZI Data)              1704 (   1.66kB)
    Total ROM Size (Code + RO Data + RW Data)       6780 (   6.62kB)

==============================================================================

