C51 COMPILER V9.05   MAIN                                                                  07/16/2018 20:16:40 PAGE 1   


C51 COMPILER V9.05, COMPILATION OF MODULE MAIN
OBJECT MODULE PLACED IN main.OBJ
COMPILER INVOKED BY: C:\Keil\C51\BIN\C51.EXE main.c BROWSE DEBUG OBJECTEXTEND TABS(2)

line level    source

   1          //-----------------------------------------------------------------
   2          // 程序描述:
   3          // 　　51_AD9854测试程序_V1.0
   4          // 作　　者: 凌智电子
   5          // 开始日期: 2017-06-1
   6          // 完成日期: 2017-06-4
   7          // 修改日期: 2015-06-4
   8          // 当前版本: V1.0
   9          // 历史版本:
  10          // 　- V1.0: 基本的AD9854并行控制输出，液晶显示功能
  11          // 调试工具: 51开发板、1602液晶屏
  12          // 说　　明: 
  13          //        (1) 调试使用的系统时钟频率Fsysclk=12MHz;
  14          //        (2) AD9854的数据传输方式:并行传输方式;
  15          //        (3) AD9854_IO与51开发板连接方式如29-37行代码提示连接
  16          //        (4) 本测试程序实现基本的AD9854控制输出，即1MHz正弦波输出。可通过修改49行(fre值)代码修改输出频率
  17          
  18          //-----------------------------------------------------------------
  19          // 头文件包含
  20          //-----------------------------------------------------------------
  21          #include <reg52.h>
  22          #include <AD9854.h>
  23          #include <init.h>
  24          
  25          //-----------------------------------------------------------------
  26          //               IO 连接说明
  27          //-----------------------------------------------------------------
  28          //    AD9854         |      51         
  29          //   ADDER_BUS[5:0]    -->   P1{5:0}
  30          //   DATA_BUS[7:0]     -->   P3{7:0}
  31          //   AD9854_RST         -->   P2^0;       //控制信号引脚
  32          //   AD9854_SP          -->   P2^1;
  33          //   AD9854_OSK         -->   P2^2;       //osk
  34          //   AD9854_UDCLK       -->   P2^4; 
  35          //   AD9854_WR          -->   P1^6;
  36          //   AD9854_FDATA       -->   P2^6;       //fsk/bpsk/hold
  37          //   AD9854_RD          -->   P2^7;
  38          //-----------------------------------------------------------------
  39          void main()
  40          {
  41   1        
  42   1          ulong fre;
  43   1          init();  
  44   1          LCD_Clear();//清屏
  45   1          LCD_Write_String(1, 0,"  AD9854 TEST!  ");
  46   1          LCD_Write_String(1, 1,"Fre:         Hz");
  47   1          AD9854_Init();
  48   1           
  49   1               fre = 1000000;
  50   1          if (fre > 99999999)
  51   1          {
  52   2            fre = 99999999;
  53   2          }
  54   1          LCD_Write_String(6, 1,"1000000");
  55   1          AD9854_SetSine ( fre , 4095 );
C51 COMPILER V9.05   MAIN                                                                  07/16/2018 20:16:40 PAGE 2   

  56   1          while(1)
  57   1          {;}
  58   1      
  59   1        
  60   1      }


MODULE INFORMATION:   STATIC OVERLAYABLE
   CODE SIZE        =    113    ----
   CONSTANT SIZE    =     41    ----
   XDATA SIZE       =   ----    ----
   PDATA SIZE       =   ----    ----
   DATA SIZE        =   ----       4
   IDATA SIZE       =   ----    ----
   BIT SIZE         =   ----    ----
END OF MODULE INFORMATION.


C51 COMPILATION COMPLETE.  0 WARNING(S),  0 ERROR(S)
