<html>
<body>
<pre>
<h1>礦ision Build Log</h1>
<h2>Project:</h2>
D:\MyAdd\淘宝网店\DDS_PLL_本振模块\DDS\AD9854模块\V3版本\V3.1-AD9854模块资料\测试程序\STM32版本\AD9854-32程序 核心板\STM32_AD9854测试程序_V1.1\Project\AD9854.uvproj
Project File Date:  08/12/2019

<h2>Output:</h2>
Build target 'STM32_CharLCD'
compiling main.c...
compiling PeripheralInit.c...
compiling CharLCD.c...
compiling Delay.c...
compiling AD9854.c...
compiling misc.c...
compiling stm32f10x_gpio.c...
compiling stm32f10x_rcc.c...
compiling core_cm3.c...
compiling system_stm32f10x.c...
assembling startup_stm32f10x_hd.s...
linking...
Program Size: Code=2708 RO-data=336 RW-data=136 ZI-data=1024  
FromELF: creating hex file...
".\Obj\AD9854.axf" - 0 Error(s), 0 Warning(s).
