<html>
<body>
<pre>
<h1>礦ision Build Log</h1>
<h2>Tool Versions:</h2>
IDE-Version: μVision V5.25.2.0
Copyright (C) 2018 ARM Ltd and ARM Germany GmbH. All rights reserved.
License Information: x xl, fzlzdz, LIC=X96CK-ZPRDK-FW22N-Y1KQM-ECBLL-G6JCN
 
Tool Versions:
Toolchain:       MDK-ARM Plus  Version: 5.25.2.0
Toolchain Path:  C:\Keil_v5\ARM\ARMCC\Bin
C Compiler:      Armcc.exe V5.06 update 6 (build 750)
Assembler:       Armasm.exe V5.06 update 6 (build 750)
Linker/Locator:  ArmLink.exe V5.06 update 6 (build 750)
Library Manager: ArmAr.exe V5.06 update 6 (build 750)
Hex Converter:   FromElf.exe V5.06 update 6 (build 750)
CPU DLL:         SARMCM3.DLL V5.25.2.0
Dialog DLL:      DCM.DLL V1.17.1.0
Target DLL:      STLink\ST-LINKIII-KEIL_SWO.dll V3.0.1.0
Dialog DLL:      TCM.DLL V1.35.1.0
 
<h2>Project:</h2>
D:\MyAdd\淘宝网店\DDS_PLL_本振模块\DDS\AD9854模块\V3版本\1-模块测试总结\测试程序\STM32版本-V3.1\AD9854-32H750\AD9854-32-H750程序\STM32H750_AD9854测试程序V1.2(并行)\Project\AD9854.uvprojx
Project File Date:  07/25/2021

<h2>Output:</h2>
*** Using Compiler 'V5.06 update 6 (build 750)', folder: 'C:\Keil_v5\ARM\ARMCC\Bin'
Build target 'AD9854'
compiling delay.c...
compiling AD9854.c...
..\User\use\AD9854.c(176): warning:  #188-D: enumerated type mixed with another type
  		HAL_GPIO_WritePin(GPIOB, ADDR_PIN[i], (Tmp&0xFFFE)| (addr_buf&0x01));
..\User\use\AD9854.c(190): warning:  #188-D: enumerated type mixed with another type
  		HAL_GPIO_WritePin(GPIOC, DATA_PIN[i], (data_buf&0x0001)| (Tmp & 0x00));
..\User\use\AD9854.c: 2 warnings, 0 errors
compiling usart.c...
compiling oled.c...
compiling key.c...
compiling timer.c...
compiling led.c...
compiling system_stm32h7xx.c...
compiling stm32h7xx_it.c...
compiling system.c...
compiling main.c...
compiling stm32h7xx_hal_gpio.c...
compiling stm32h7xx_hal.c...
compiling stm32h7xx_hal_cortex.c...
compiling stm32h7xx_hal_pwr.c...
compiling stm32h7xx_hal_uart_ex.c...
compiling stm32h7xx_hal_usart.c...
assembling startup_stm32h750xx.s...
compiling stm32h7xx_hal_pwr_ex.c...
compiling stm32h7xx_hal_uart.c...
compiling stm32h7xx_hal_dma.c...
compiling stm32h7xx_hal_rcc.c...
compiling stm32h7xx_hal_rcc_ex.c...
compiling stm32h7xx_hal_tim_ex.c...
compiling stm32h7xx_hal_dma_ex.c...
compiling stm32h7xx_hal_tim.c...
linking...
Program Size: Code=16416 RO-data=2984 RW-data=624 ZI-data=16904  
FromELF: creating hex file...
".\Objects\AD9854.axf" - 0 Error(s), 2 Warning(s).

<h2>Software Packages used:</h2>

Package Vendor: Keil
                https://www.keil.com/pack/Keil.STM32H7xx_DFP.2.5.0.pack
                Keil.STM32H7xx_DFP.2.5.0
                STMicroelectronics STM32H7 Series Device Support and Examples

<h2>Collection of Component include folders:</h2>
  .\RTE\_AD9854
  C:\Keil_v5\ARM\PACK\Keil\STM32H7xx_DFP\2.5.0\Drivers\CMSIS\Device\ST\STM32H7xx\Include

<h2>Collection of Component Files used:</h2>
Build Time Elapsed:  00:02:58
</pre>
</body>
</html>
