<html>
<body>
<pre>
<h1>礦ision Build Log</h1>
<h2>Tool Versions:</h2>
IDE-Version: μVision V5.25.2.0
Copyright (C) 2018 ARM Ltd and ARM Germany GmbH. All rights reserved.
License Information: l 略略略, l, LIC=8VRJ7-EZNJE-WFWI7-EY0RT-42UWY-TFLVA
 
Tool Versions:
Toolchain:       MDK-ARM Plus  Version: 5.25.2.0
Toolchain Path:  C:\Keil_v5\ARM\ARMCC\Bin
C Compiler:      Armcc.exe V5.06 update 6 (build 750)
Assembler:       Armasm.exe V5.06 update 6 (build 750)
Linker/Locator:  ArmLink.exe V5.06 update 6 (build 750)
Library Manager: ArmAr.exe V5.06 update 6 (build 750)
Hex Converter:   FromElf.exe V5.06 update 6 (build 750)
CPU DLL:         SARMCM3.DLL V5.25.2.0
Dialog DLL:      DCM.DLL V1.17.1.0
Target DLL:      STLink\ST-LINKIII-KEIL_SWO.dll V3.0.1.0
Dialog DLL:      TCM.DLL V1.35.1.0
 
<h2>Project:</h2>
D:\2H7\实验7  定时器中断实验\Project\TIMER.uvprojx
Project File Date:  07/12/2021

<h2>Output:</h2>
*** Using Compiler 'V5.06 update 6 (build 750)', folder: 'C:\Keil_v5\ARM\ARMCC\Bin'
Build target 'TIMER'
compiling main.c...
main.c(56): warning:  #177-D: variable "Tx_Buf"  was declared but never referenced
  	uint8_t Tx_Buf[32]; 
main.c(58): warning:  #177-D: variable "fre_buf"  was declared but never referenced
  	uint32_t fre_buf;
main.c: 2 warnings, 0 errors
compiling AD9854.c...
..\User\use\AD9854.c(178): warning:  #188-D: enumerated type mixed with another type
  		HAL_GPIO_WritePin(GPIOB, ADDR_PIN[i], (Tmp&0xFFFE)| (addr_buf&0x01));
..\User\use\AD9854.c(192): warning:  #188-D: enumerated type mixed with another type
  		HAL_GPIO_WritePin(GPIOC, DATA_PIN[i], (data_buf&0x0001)| (Tmp & 0x00));
..\User\use\AD9854.c: 2 warnings, 0 errors
linking...
Program Size: Code=10576 RO-data=2936 RW-data=616 ZI-data=1088  
FromELF: creating hex file...
".\Objects\TIMER.axf" - 0 Error(s), 4 Warning(s).

<h2>Software Packages used:</h2>

Package Vendor: Keil
                http://www.keil.com/pack/Keil.STM32H7xx_DFP.2.7.0.pack
                Keil.STM32H7xx_DFP.2.7.0
                STMicroelectronics STM32H7 Series Device Support and Examples

<h2>Collection of Component include folders:</h2>
  .\RTE\_TIMER
  C:\Keil_v5\ARM\PACK\Keil\STM32H7xx_DFP\2.7.0\Drivers\CMSIS\Device\ST\STM32H7xx\Include

<h2>Collection of Component Files used:</h2>
Build Time Elapsed:  00:00:16
</pre>
</body>
</html>
