Component: ARM Compiler 5.06 update 6 (build 750) Tool: armlink [4d35ed]

==============================================================================

Section Cross References

    main.o(i.main) refers to delay.o(i.Delay_5ms) for Delay_5ms
    main.o(i.main) refers to ad9854.o(i.GPIO_AD9854_Configuration) for GPIO_AD9854_Configuration
    main.o(i.main) refers to delay.o(i.Delay_1ms) for Delay_1ms
    main.o(i.main) refers to ad9854.o(i.AD9854_Init) for AD9854_Init
    main.o(i.main) refers to ad9854.o(i.AD9854_SetSine) for AD9854_SetSine
    charlcd.o(i.CGWrite) refers to charlcd.o(i.WrCLcdC) for WrCLcdC
    charlcd.o(i.CGWrite) refers to charlcd.o(i.WrCLcdD) for WrCLcdD
    charlcd.o(i.CGWrite) refers to charlcd.o(.data) for tabdy
    charlcd.o(i.CG_Write) refers to charlcd.o(i.WrCLcdC) for WrCLcdC
    charlcd.o(i.CG_Write) refers to charlcd.o(i.WrCLcdD) for WrCLcdD
    charlcd.o(i.CG_Write) refers to charlcd.o(.data) for CGTab
    charlcd.o(i.CL_Enter) refers to charlcd.o(i.WrCLcdC) for WrCLcdC
    charlcd.o(i.CL_Enter) refers to charlcd.o(i.WrCLcdD) for WrCLcdD
    charlcd.o(i.CL_Enter) refers to delay.o(i.Delay_50ms) for Delay_50ms
    charlcd.o(i.CL_Enter) refers to charlcd.o(.data) for tab1
    charlcd.o(i.CR_Enter) refers to charlcd.o(i.WrCLcdC) for WrCLcdC
    charlcd.o(i.CR_Enter) refers to charlcd.o(i.WrCLcdD) for WrCLcdD
    charlcd.o(i.CR_Enter) refers to delay.o(i.Delay_50ms) for Delay_50ms
    charlcd.o(i.CR_Enter) refers to charlcd.o(.data) for tab2
    charlcd.o(i.GPIO_LCM_Configuration) refers to stm32f10x_rcc.o(i.RCC_APB2PeriphClockCmd) for RCC_APB2PeriphClockCmd
    charlcd.o(i.GPIO_LCM_Configuration) refers to stm32f10x_gpio.o(i.GPIO_Init) for GPIO_Init
    charlcd.o(i.LCM_Init) refers to delay.o(i.Delay_50ms) for Delay_50ms
    charlcd.o(i.LCM_Init) refers to charlcd.o(i.GPIO_LCM_Configuration) for GPIO_LCM_Configuration
    charlcd.o(i.LCM_Init) refers to charlcd.o(i.WrCLcdC) for WrCLcdC
    charlcd.o(i.LCM_Init) refers to charlcd.o(i.CG_Write) for CG_Write
    charlcd.o(i.L_Enter) refers to charlcd.o(i.WrCLcdC) for WrCLcdC
    charlcd.o(i.L_Enter) refers to charlcd.o(i.WrCLcdD) for WrCLcdD
    charlcd.o(i.L_Enter) refers to delay.o(i.Delay_50ms) for Delay_50ms
    charlcd.o(i.L_Enter) refers to charlcd.o(.data) for tab1
    charlcd.o(i.R_Enter) refers to charlcd.o(i.WrCLcdC) for WrCLcdC
    charlcd.o(i.R_Enter) refers to charlcd.o(i.WrCLcdD) for WrCLcdD
    charlcd.o(i.R_Enter) refers to delay.o(i.Delay_50ms) for Delay_50ms
    charlcd.o(i.R_Enter) refers to charlcd.o(.data) for tab1
    charlcd.o(i.WrCLcdC) refers to stm32f10x_gpio.o(i.GPIO_ResetBits) for GPIO_ResetBits
    charlcd.o(i.WrCLcdC) refers to charlcd.o(i.Wr_CodeData) for Wr_CodeData
    charlcd.o(i.WrCLcdC) refers to charlcd.o(.data) for lcdbuff
    charlcd.o(i.WrCLcdD) refers to stm32f10x_gpio.o(i.GPIO_SetBits) for GPIO_SetBits
    charlcd.o(i.WrCLcdD) refers to stm32f10x_gpio.o(i.GPIO_ResetBits) for GPIO_ResetBits
    charlcd.o(i.WrCLcdD) refers to charlcd.o(i.Wr_CodeData) for Wr_CodeData
    charlcd.o(i.WrCLcdD) refers to charlcd.o(.data) for lcdbuff
    charlcd.o(i.WrCLcd_char_num) refers to charlcd.o(i.WrCLcdC) for WrCLcdC
    charlcd.o(i.WrCLcd_char_num) refers to charlcd.o(i.WrCLcdD) for WrCLcdD
    charlcd.o(i.WrCLcd_int_num) refers to charlcd.o(i.WrCLcdC) for WrCLcdC
    charlcd.o(i.WrCLcd_int_num) refers to charlcd.o(i.WrCLcdD) for WrCLcdD
    charlcd.o(i.WrCLcd_long_num) refers to charlcd.o(i.WrCLcdC) for WrCLcdC
    charlcd.o(i.WrCLcd_long_num) refers to ldiv.o(.text) for __aeabi_ldivmod
    charlcd.o(i.WrCLcd_long_num) refers to charlcd.o(i.WrCLcdD) for WrCLcdD
    charlcd.o(i.Wr_CodeData) refers to delay.o(i.Delay_ns) for Delay_ns
    charlcd.o(i.Wr_CodeData) refers to stm32f10x_gpio.o(i.GPIO_SetBits) for GPIO_SetBits
    charlcd.o(i.Wr_CodeData) refers to stm32f10x_gpio.o(i.GPIO_ResetBits) for GPIO_ResetBits
    charlcd.o(i.Wr_CodeData) refers to delay.o(i.Delay_1ms) for Delay_1ms
    charlcd.o(i.Wr_CodeData) refers to charlcd.o(.data) for lcdbuff
    charlcd.o(i.Wr_In1) refers to charlcd.o(i.WrCLcdC) for WrCLcdC
    charlcd.o(i.Wr_In1) refers to charlcd.o(i.WrCLcdD) for WrCLcdD
    charlcd.o(i.Wr_In1) refers to charlcd.o(.data) for tab1
    charlcd.o(i.Wr_In2) refers to charlcd.o(i.WrCLcdC) for WrCLcdC
    charlcd.o(i.Wr_In2) refers to charlcd.o(i.WrCLcdD) for WrCLcdD
    charlcd.o(i.Wr_In2) refers to charlcd.o(.data) for tab2
    charlcd.o(i.WriteString) refers to charlcd.o(i.WrCLcdC) for WrCLcdC
    charlcd.o(i.WriteString) refers to charlcd.o(i.WrCLcdD) for WrCLcdD
    ad9854.o(i.AD9854_Init) refers to stm32f10x_gpio.o(i.GPIO_ResetBits) for GPIO_ResetBits
    ad9854.o(i.AD9854_Init) refers to stm32f10x_gpio.o(i.GPIO_SetBits) for GPIO_SetBits
    ad9854.o(i.AD9854_Init) refers to delay.o(i.Delay_10us) for Delay_10us
    ad9854.o(i.AD9854_Init) refers to ad9854.o(i.AD9854_WR_Byte) for AD9854_WR_Byte
    ad9854.o(i.AD9854_SetSine) refers to ad9854.o(i.Freq_convert) for Freq_convert
    ad9854.o(i.AD9854_SetSine) refers to ad9854.o(i.AD9854_WR_Byte) for AD9854_WR_Byte
    ad9854.o(i.AD9854_SetSine) refers to stm32f10x_gpio.o(i.GPIO_SetBits) for GPIO_SetBits
    ad9854.o(i.AD9854_SetSine) refers to stm32f10x_gpio.o(i.GPIO_ResetBits) for GPIO_ResetBits
    ad9854.o(i.AD9854_SetSine) refers to ad9854.o(.data) for FreqWord
    ad9854.o(i.AD9854_WR_Byte) refers to stm32f10x_gpio.o(i.GPIO_SetBits) for GPIO_SetBits
    ad9854.o(i.AD9854_WR_Byte) refers to stm32f10x_gpio.o(i.GPIO_ResetBits) for GPIO_ResetBits
    ad9854.o(i.Freq_convert) refers to ad9854.o(.data) for FreqWord
    ad9854.o(i.GPIO_AD9854_Configuration) refers to stm32f10x_rcc.o(i.RCC_APB2PeriphClockCmd) for RCC_APB2PeriphClockCmd
    ad9854.o(i.GPIO_AD9854_Configuration) refers to stm32f10x_gpio.o(i.GPIO_Init) for GPIO_Init
    stm32f10x_gpio.o(i.GPIO_AFIODeInit) refers to stm32f10x_rcc.o(i.RCC_APB2PeriphResetCmd) for RCC_APB2PeriphResetCmd
    stm32f10x_gpio.o(i.GPIO_DeInit) refers to stm32f10x_rcc.o(i.RCC_APB2PeriphResetCmd) for RCC_APB2PeriphResetCmd
    stm32f10x_rcc.o(i.RCC_GetClocksFreq) refers to stm32f10x_rcc.o(.data) for APBAHBPrescTable
    stm32f10x_rcc.o(i.RCC_WaitForHSEStartUp) refers to stm32f10x_rcc.o(i.RCC_GetFlagStatus) for RCC_GetFlagStatus
    system_stm32f10x.o(i.SetSysClock) refers to system_stm32f10x.o(i.SetSysClockTo72) for SetSysClockTo72
    system_stm32f10x.o(i.SystemCoreClockUpdate) refers to system_stm32f10x.o(.data) for SystemCoreClock
    system_stm32f10x.o(i.SystemInit) refers to system_stm32f10x.o(i.SetSysClock) for SetSysClock
    startup_stm32f10x_hd.o(RESET) refers to startup_stm32f10x_hd.o(STACK) for __initial_sp
    startup_stm32f10x_hd.o(RESET) refers to startup_stm32f10x_hd.o(.text) for Reset_Handler
    startup_stm32f10x_hd.o(.text) refers to system_stm32f10x.o(i.SystemInit) for SystemInit
    startup_stm32f10x_hd.o(.text) refers to entry.o(.ARM.Collect$$$$00000000) for __main
    entry.o(.ARM.Collect$$$$00000000) refers (Special) to entry10a.o(.ARM.Collect$$$$0000000D) for __rt_final_cpp
    entry.o(.ARM.Collect$$$$00000000) refers (Special) to entry11a.o(.ARM.Collect$$$$0000000F) for __rt_final_exit
    entry.o(.ARM.Collect$$$$00000000) refers (Special) to entry7b.o(.ARM.Collect$$$$00000008) for _main_clock
    entry.o(.ARM.Collect$$$$00000000) refers (Special) to entry8b.o(.ARM.Collect$$$$0000000A) for _main_cpp_init
    entry.o(.ARM.Collect$$$$00000000) refers (Special) to entry9a.o(.ARM.Collect$$$$0000000B) for _main_init
    entry.o(.ARM.Collect$$$$00000000) refers (Special) to entry5.o(.ARM.Collect$$$$00000004) for _main_scatterload
    entry.o(.ARM.Collect$$$$00000000) refers (Special) to entry2.o(.ARM.Collect$$$$00000001) for _main_stk
    ldiv.o(.text) refers to uldiv.o(.text) for __aeabi_uldivmod
    entry2.o(.ARM.Collect$$$$00000001) refers to entry2.o(.ARM.Collect$$$$00002712) for __lit__00000000
    entry2.o(.ARM.Collect$$$$00002712) refers to startup_stm32f10x_hd.o(STACK) for __initial_sp
    entry2.o(__vectab_stack_and_reset_area) refers to startup_stm32f10x_hd.o(STACK) for __initial_sp
    entry2.o(__vectab_stack_and_reset_area) refers to entry.o(.ARM.Collect$$$$00000000) for __main
    entry5.o(.ARM.Collect$$$$00000004) refers to init.o(.text) for __scatterload
    entry9a.o(.ARM.Collect$$$$0000000B) refers to main.o(i.main) for main
    entry9b.o(.ARM.Collect$$$$0000000C) refers to main.o(i.main) for main
    uldiv.o(.text) refers to llushr.o(.text) for __aeabi_llsr
    uldiv.o(.text) refers to llshl.o(.text) for __aeabi_llsl
    init.o(.text) refers to entry5.o(.ARM.Collect$$$$00000004) for __main_after_scatterload


==============================================================================

Removing Unused input sections from the image.

    Removing charlcd.o(i.CGWrite), (68 bytes).
    Removing charlcd.o(i.CG_Write), (36 bytes).
    Removing charlcd.o(i.CL_Enter), (48 bytes).
    Removing charlcd.o(i.CR_Enter), (48 bytes).
    Removing charlcd.o(i.GPIO_LCM_Configuration), (72 bytes).
    Removing charlcd.o(i.LCM_Init), (60 bytes).
    Removing charlcd.o(i.L_Enter), (48 bytes).
    Removing charlcd.o(i.R_Enter), (48 bytes).
    Removing charlcd.o(i.WrCLcdC), (48 bytes).
    Removing charlcd.o(i.WrCLcdD), (48 bytes).
    Removing charlcd.o(i.WrCLcd_char_num), (180 bytes).
    Removing charlcd.o(i.WrCLcd_int_num), (240 bytes).
    Removing charlcd.o(i.WrCLcd_long_num), (420 bytes).
    Removing charlcd.o(i.Wr_CodeData), (220 bytes).
    Removing charlcd.o(i.Wr_In1), (40 bytes).
    Removing charlcd.o(i.Wr_In2), (40 bytes).
    Removing charlcd.o(i.WriteString), (52 bytes).
    Removing charlcd.o(.data), (129 bytes).
    Removing delay.o(i.Delay), (18 bytes).
    Removing delay.o(i.Delay_1us), (26 bytes).
    Removing delay.o(i.Delay_250us), (36 bytes).
    Removing delay.o(i.Delay_2us), (26 bytes).
    Removing delay.o(i.Delay_50ms), (40 bytes).
    Removing delay.o(i.Delay_882us), (26 bytes).
    Removing delay.o(i.Delay_ns), (12 bytes).
    Removing delay.o(i.TimingDelay_Decrement), (2 bytes).
    Removing ad9854.o(.constdata), (16 bytes).
    Removing misc.o(i.NVIC_Init), (112 bytes).
    Removing misc.o(i.NVIC_PriorityGroupConfig), (20 bytes).
    Removing misc.o(i.NVIC_SetVectorTable), (20 bytes).
    Removing misc.o(i.NVIC_SystemLPConfig), (32 bytes).
    Removing misc.o(i.SysTick_CLKSourceConfig), (40 bytes).
    Removing stm32f10x_gpio.o(i.GPIO_AFIODeInit), (20 bytes).
    Removing stm32f10x_gpio.o(i.GPIO_DeInit), (200 bytes).
    Removing stm32f10x_gpio.o(i.GPIO_ETH_MediaInterfaceConfig), (12 bytes).
    Removing stm32f10x_gpio.o(i.GPIO_EXTILineConfig), (64 bytes).
    Removing stm32f10x_gpio.o(i.GPIO_EventOutputCmd), (12 bytes).
    Removing stm32f10x_gpio.o(i.GPIO_EventOutputConfig), (32 bytes).
    Removing stm32f10x_gpio.o(i.GPIO_PinLockConfig), (18 bytes).
    Removing stm32f10x_gpio.o(i.GPIO_PinRemapConfig), (144 bytes).
    Removing stm32f10x_gpio.o(i.GPIO_ReadInputData), (8 bytes).
    Removing stm32f10x_gpio.o(i.GPIO_ReadInputDataBit), (18 bytes).
    Removing stm32f10x_gpio.o(i.GPIO_ReadOutputData), (8 bytes).
    Removing stm32f10x_gpio.o(i.GPIO_ReadOutputDataBit), (18 bytes).
    Removing stm32f10x_gpio.o(i.GPIO_StructInit), (16 bytes).
    Removing stm32f10x_gpio.o(i.GPIO_Write), (4 bytes).
    Removing stm32f10x_gpio.o(i.GPIO_WriteBit), (10 bytes).
    Removing stm32f10x_rcc.o(i.RCC_ADCCLKConfig), (24 bytes).
    Removing stm32f10x_rcc.o(i.RCC_AHBPeriphClockCmd), (32 bytes).
    Removing stm32f10x_rcc.o(i.RCC_APB1PeriphClockCmd), (32 bytes).
    Removing stm32f10x_rcc.o(i.RCC_APB1PeriphResetCmd), (32 bytes).
    Removing stm32f10x_rcc.o(i.RCC_APB2PeriphResetCmd), (32 bytes).
    Removing stm32f10x_rcc.o(i.RCC_AdjustHSICalibrationValue), (24 bytes).
    Removing stm32f10x_rcc.o(i.RCC_BackupResetCmd), (12 bytes).
    Removing stm32f10x_rcc.o(i.RCC_ClearFlag), (20 bytes).
    Removing stm32f10x_rcc.o(i.RCC_ClearITPendingBit), (12 bytes).
    Removing stm32f10x_rcc.o(i.RCC_ClockSecuritySystemCmd), (12 bytes).
    Removing stm32f10x_rcc.o(i.RCC_DeInit), (76 bytes).
    Removing stm32f10x_rcc.o(i.RCC_GetClocksFreq), (212 bytes).
    Removing stm32f10x_rcc.o(i.RCC_GetFlagStatus), (60 bytes).
    Removing stm32f10x_rcc.o(i.RCC_GetITStatus), (24 bytes).
    Removing stm32f10x_rcc.o(i.RCC_GetSYSCLKSource), (16 bytes).
    Removing stm32f10x_rcc.o(i.RCC_HCLKConfig), (24 bytes).
    Removing stm32f10x_rcc.o(i.RCC_HSEConfig), (76 bytes).
    Removing stm32f10x_rcc.o(i.RCC_HSICmd), (12 bytes).
    Removing stm32f10x_rcc.o(i.RCC_ITConfig), (32 bytes).
    Removing stm32f10x_rcc.o(i.RCC_LSEConfig), (52 bytes).
    Removing stm32f10x_rcc.o(i.RCC_LSICmd), (12 bytes).
    Removing stm32f10x_rcc.o(i.RCC_MCOConfig), (12 bytes).
    Removing stm32f10x_rcc.o(i.RCC_PCLK1Config), (24 bytes).
    Removing stm32f10x_rcc.o(i.RCC_PCLK2Config), (24 bytes).
    Removing stm32f10x_rcc.o(i.RCC_PLLCmd), (12 bytes).
    Removing stm32f10x_rcc.o(i.RCC_PLLConfig), (28 bytes).
    Removing stm32f10x_rcc.o(i.RCC_RTCCLKCmd), (12 bytes).
    Removing stm32f10x_rcc.o(i.RCC_RTCCLKConfig), (16 bytes).
    Removing stm32f10x_rcc.o(i.RCC_SYSCLKConfig), (24 bytes).
    Removing stm32f10x_rcc.o(i.RCC_USBCLKConfig), (12 bytes).
    Removing stm32f10x_rcc.o(i.RCC_WaitForHSEStartUp), (56 bytes).
    Removing stm32f10x_rcc.o(.data), (20 bytes).
    Removing core_cm3.o(.emb_text), (32 bytes).
    Removing system_stm32f10x.o(i.SystemCoreClockUpdate), (164 bytes).
    Removing system_stm32f10x.o(.data), (20 bytes).
    Removing startup_stm32f10x_hd.o(HEAP), (512 bytes).

83 unused section(s) (total 4651 bytes) removed from the image.

==============================================================================

Image Symbol Table

    Local Symbols

    Symbol Name                              Value     Ov Type        Size  Object(Section)

    ../clib/microlib/division.c              0x00000000   Number         0  ldiv.o ABSOLUTE
    ../clib/microlib/division.c              0x00000000   Number         0  uldiv.o ABSOLUTE
    ../clib/microlib/init/entry.s            0x00000000   Number         0  entry7b.o ABSOLUTE
    ../clib/microlib/init/entry.s            0x00000000   Number         0  entry.o ABSOLUTE
    ../clib/microlib/init/entry.s            0x00000000   Number         0  entry11b.o ABSOLUTE
    ../clib/microlib/init/entry.s            0x00000000   Number         0  entry11a.o ABSOLUTE
    ../clib/microlib/init/entry.s            0x00000000   Number         0  entry10b.o ABSOLUTE
    ../clib/microlib/init/entry.s            0x00000000   Number         0  entry2.o ABSOLUTE
    ../clib/microlib/init/entry.s            0x00000000   Number         0  entry10a.o ABSOLUTE
    ../clib/microlib/init/entry.s            0x00000000   Number         0  entry9b.o ABSOLUTE
    ../clib/microlib/init/entry.s            0x00000000   Number         0  entry9a.o ABSOLUTE
    ../clib/microlib/init/entry.s            0x00000000   Number         0  entry8b.o ABSOLUTE
    ../clib/microlib/init/entry.s            0x00000000   Number         0  entry8a.o ABSOLUTE
    ../clib/microlib/init/entry.s            0x00000000   Number         0  entry5.o ABSOLUTE
    ../clib/microlib/init/entry.s            0x00000000   Number         0  entry7a.o ABSOLUTE
    ../clib/microlib/longlong.c              0x00000000   Number         0  llshl.o ABSOLUTE
    ../clib/microlib/longlong.c              0x00000000   Number         0  llushr.o ABSOLUTE
    ..\CMSIS\CoreSupport\core_cm3.c          0x00000000   Number         0  core_cm3.o ABSOLUTE
    ..\CMSIS\DeviceSupport\STM32F10x\startup_stm32f10x_hd.s 0x00000000   Number         0  startup_stm32f10x_hd.o ABSOLUTE
    ..\CMSIS\DeviceSupport\STM32F10x\system_stm32f10x.c 0x00000000   Number         0  system_stm32f10x.o ABSOLUTE
    ..\STM32F10x_StdPeriph_Driver\src\misc.c 0x00000000   Number         0  misc.o ABSOLUTE
    ..\STM32F10x_StdPeriph_Driver\src\stm32f10x_gpio.c 0x00000000   Number         0  stm32f10x_gpio.o ABSOLUTE
    ..\STM32F10x_StdPeriph_Driver\src\stm32f10x_rcc.c 0x00000000   Number         0  stm32f10x_rcc.o ABSOLUTE
    ..\User\AD9854.c                         0x00000000   Number         0  ad9854.o ABSOLUTE
    ..\User\CharLCD.c                        0x00000000   Number         0  charlcd.o ABSOLUTE
    ..\User\Delay.c                          0x00000000   Number         0  delay.o ABSOLUTE
    ..\User\main.c                           0x00000000   Number         0  main.o ABSOLUTE
    ..\\CMSIS\\CoreSupport\\core_cm3.c       0x00000000   Number         0  core_cm3.o ABSOLUTE
    dc.s                                     0x00000000   Number         0  dc.o ABSOLUTE
    handlers.s                               0x00000000   Number         0  handlers.o ABSOLUTE
    init.s                                   0x00000000   Number         0  init.o ABSOLUTE
    RESET                                    0x08000000   Section      304  startup_stm32f10x_hd.o(RESET)
    .ARM.Collect$$$$00000000                 0x08000130   Section        0  entry.o(.ARM.Collect$$$$00000000)
    .ARM.Collect$$$$00000001                 0x08000130   Section        4  entry2.o(.ARM.Collect$$$$00000001)
    .ARM.Collect$$$$00000004                 0x08000134   Section        4  entry5.o(.ARM.Collect$$$$00000004)
    .ARM.Collect$$$$00000008                 0x08000138   Section        0  entry7b.o(.ARM.Collect$$$$00000008)
    .ARM.Collect$$$$0000000A                 0x08000138   Section        0  entry8b.o(.ARM.Collect$$$$0000000A)
    .ARM.Collect$$$$0000000B                 0x08000138   Section        8  entry9a.o(.ARM.Collect$$$$0000000B)
    .ARM.Collect$$$$0000000D                 0x08000140   Section        0  entry10a.o(.ARM.Collect$$$$0000000D)
    .ARM.Collect$$$$0000000F                 0x08000140   Section        0  entry11a.o(.ARM.Collect$$$$0000000F)
    .ARM.Collect$$$$00002712                 0x08000140   Section        4  entry2.o(.ARM.Collect$$$$00002712)
    __lit__00000000                          0x08000140   Data           4  entry2.o(.ARM.Collect$$$$00002712)
    .text                                    0x08000144   Section       36  startup_stm32f10x_hd.o(.text)
    .text                                    0x08000168   Section       36  init.o(.text)
    i.AD9854_Init                            0x0800018c   Section        0  ad9854.o(i.AD9854_Init)
    i.AD9854_SetSine                         0x08000204   Section        0  ad9854.o(i.AD9854_SetSine)
    i.AD9854_WR_Byte                         0x08000278   Section        0  ad9854.o(i.AD9854_WR_Byte)
    AD9854_WR_Byte                           0x08000279   Thumb Code    62  ad9854.o(i.AD9854_WR_Byte)
    i.Delay_10us                             0x080002c0   Section        0  delay.o(i.Delay_10us)
    i.Delay_1ms                              0x080002e4   Section        0  delay.o(i.Delay_1ms)
    i.Delay_5ms                              0x08000308   Section        0  delay.o(i.Delay_5ms)
    i.Freq_convert                           0x08000330   Section        0  ad9854.o(i.Freq_convert)
    Freq_convert                             0x08000331   Thumb Code    88  ad9854.o(i.Freq_convert)
    i.GPIO_AD9854_Configuration              0x08000390   Section        0  ad9854.o(i.GPIO_AD9854_Configuration)
    i.GPIO_Init                              0x080003d8   Section        0  stm32f10x_gpio.o(i.GPIO_Init)
    i.GPIO_ResetBits                         0x080004ee   Section        0  stm32f10x_gpio.o(i.GPIO_ResetBits)
    i.GPIO_SetBits                           0x080004f2   Section        0  stm32f10x_gpio.o(i.GPIO_SetBits)
    i.RCC_APB2PeriphClockCmd                 0x080004f8   Section        0  stm32f10x_rcc.o(i.RCC_APB2PeriphClockCmd)
    i.SetSysClock                            0x08000518   Section        0  system_stm32f10x.o(i.SetSysClock)
    SetSysClock                              0x08000519   Thumb Code     8  system_stm32f10x.o(i.SetSysClock)
    i.SetSysClockTo72                        0x08000520   Section        0  system_stm32f10x.o(i.SetSysClockTo72)
    SetSysClockTo72                          0x08000521   Thumb Code   214  system_stm32f10x.o(i.SetSysClockTo72)
    i.SystemInit                             0x08000600   Section        0  system_stm32f10x.o(i.SystemInit)
    i.__scatterload_copy                     0x08000660   Section       14  handlers.o(i.__scatterload_copy)
    i.__scatterload_null                     0x0800066e   Section        2  handlers.o(i.__scatterload_null)
    i.__scatterload_zeroinit                 0x08000670   Section       14  handlers.o(i.__scatterload_zeroinit)
    i.main                                   0x08000680   Section        0  main.o(i.main)
    .data                                    0x20000000   Section        6  ad9854.o(.data)
    STACK                                    0x20000008   Section     1024  startup_stm32f10x_hd.o(STACK)

    Global Symbols

    Symbol Name                              Value     Ov Type        Size  Object(Section)

    BuildAttributes$$THM_ISAv4$P$D$K$B$S$PE$A:L22UL41UL21$X:L11$S22US41US21$IEEE1$IW$USESV6$~STKCKD$USESV7$~SHL$OSPACE$EBA8$MICROLIB$REQ8$PRES8$EABIv2 0x00000000   Number         0  anon$$obj.o ABSOLUTE
    __ARM_use_no_argv                        0x00000000   Number         0  main.o ABSOLUTE
    __cpp_initialize__aeabi_                  - Undefined Weak Reference
    __cxa_finalize                            - Undefined Weak Reference
    __decompress                              - Undefined Weak Reference
    _clock_init                               - Undefined Weak Reference
    _microlib_exit                            - Undefined Weak Reference
    __Vectors_Size                           0x00000130   Number         0  startup_stm32f10x_hd.o ABSOLUTE
    __Vectors                                0x08000000   Data           4  startup_stm32f10x_hd.o(RESET)
    __Vectors_End                            0x08000130   Data           0  startup_stm32f10x_hd.o(RESET)
    __main                                   0x08000131   Thumb Code     0  entry.o(.ARM.Collect$$$$00000000)
    _main_stk                                0x08000131   Thumb Code     0  entry2.o(.ARM.Collect$$$$00000001)
    _main_scatterload                        0x08000135   Thumb Code     0  entry5.o(.ARM.Collect$$$$00000004)
    __main_after_scatterload                 0x08000139   Thumb Code     0  entry5.o(.ARM.Collect$$$$00000004)
    _main_clock                              0x08000139   Thumb Code     0  entry7b.o(.ARM.Collect$$$$00000008)
    _main_cpp_init                           0x08000139   Thumb Code     0  entry8b.o(.ARM.Collect$$$$0000000A)
    _main_init                               0x08000139   Thumb Code     0  entry9a.o(.ARM.Collect$$$$0000000B)
    __rt_final_cpp                           0x08000141   Thumb Code     0  entry10a.o(.ARM.Collect$$$$0000000D)
    __rt_final_exit                          0x08000141   Thumb Code     0  entry11a.o(.ARM.Collect$$$$0000000F)
    Reset_Handler                            0x08000145   Thumb Code     8  startup_stm32f10x_hd.o(.text)
    NMI_Handler                              0x0800014d   Thumb Code     2  startup_stm32f10x_hd.o(.text)
    HardFault_Handler                        0x0800014f   Thumb Code     2  startup_stm32f10x_hd.o(.text)
    MemManage_Handler                        0x08000151   Thumb Code     2  startup_stm32f10x_hd.o(.text)
    BusFault_Handler                         0x08000153   Thumb Code     2  startup_stm32f10x_hd.o(.text)
    UsageFault_Handler                       0x08000155   Thumb Code     2  startup_stm32f10x_hd.o(.text)
    SVC_Handler                              0x08000157   Thumb Code     2  startup_stm32f10x_hd.o(.text)
    DebugMon_Handler                         0x08000159   Thumb Code     2  startup_stm32f10x_hd.o(.text)
    PendSV_Handler                           0x0800015b   Thumb Code     2  startup_stm32f10x_hd.o(.text)
    SysTick_Handler                          0x0800015d   Thumb Code     2  startup_stm32f10x_hd.o(.text)
    ADC1_2_IRQHandler                        0x0800015f   Thumb Code     0  startup_stm32f10x_hd.o(.text)
    ADC3_IRQHandler                          0x0800015f   Thumb Code     0  startup_stm32f10x_hd.o(.text)
    CAN1_RX1_IRQHandler                      0x0800015f   Thumb Code     0  startup_stm32f10x_hd.o(.text)
    CAN1_SCE_IRQHandler                      0x0800015f   Thumb Code     0  startup_stm32f10x_hd.o(.text)
    DMA1_Channel1_IRQHandler                 0x0800015f   Thumb Code     0  startup_stm32f10x_hd.o(.text)
    DMA1_Channel2_IRQHandler                 0x0800015f   Thumb Code     0  startup_stm32f10x_hd.o(.text)
    DMA1_Channel3_IRQHandler                 0x0800015f   Thumb Code     0  startup_stm32f10x_hd.o(.text)
    DMA1_Channel4_IRQHandler                 0x0800015f   Thumb Code     0  startup_stm32f10x_hd.o(.text)
    DMA1_Channel5_IRQHandler                 0x0800015f   Thumb Code     0  startup_stm32f10x_hd.o(.text)
    DMA1_Channel6_IRQHandler                 0x0800015f   Thumb Code     0  startup_stm32f10x_hd.o(.text)
    DMA1_Channel7_IRQHandler                 0x0800015f   Thumb Code     0  startup_stm32f10x_hd.o(.text)
    DMA2_Channel1_IRQHandler                 0x0800015f   Thumb Code     0  startup_stm32f10x_hd.o(.text)
    DMA2_Channel2_IRQHandler                 0x0800015f   Thumb Code     0  startup_stm32f10x_hd.o(.text)
    DMA2_Channel3_IRQHandler                 0x0800015f   Thumb Code     0  startup_stm32f10x_hd.o(.text)
    DMA2_Channel4_5_IRQHandler               0x0800015f   Thumb Code     0  startup_stm32f10x_hd.o(.text)
    EXTI0_IRQHandler                         0x0800015f   Thumb Code     0  startup_stm32f10x_hd.o(.text)
    EXTI15_10_IRQHandler                     0x0800015f   Thumb Code     0  startup_stm32f10x_hd.o(.text)
    EXTI1_IRQHandler                         0x0800015f   Thumb Code     0  startup_stm32f10x_hd.o(.text)
    EXTI2_IRQHandler                         0x0800015f   Thumb Code     0  startup_stm32f10x_hd.o(.text)
    EXTI3_IRQHandler                         0x0800015f   Thumb Code     0  startup_stm32f10x_hd.o(.text)
    EXTI4_IRQHandler                         0x0800015f   Thumb Code     0  startup_stm32f10x_hd.o(.text)
    EXTI9_5_IRQHandler                       0x0800015f   Thumb Code     0  startup_stm32f10x_hd.o(.text)
    FLASH_IRQHandler                         0x0800015f   Thumb Code     0  startup_stm32f10x_hd.o(.text)
    FSMC_IRQHandler                          0x0800015f   Thumb Code     0  startup_stm32f10x_hd.o(.text)
    I2C1_ER_IRQHandler                       0x0800015f   Thumb Code     0  startup_stm32f10x_hd.o(.text)
    I2C1_EV_IRQHandler                       0x0800015f   Thumb Code     0  startup_stm32f10x_hd.o(.text)
    I2C2_ER_IRQHandler                       0x0800015f   Thumb Code     0  startup_stm32f10x_hd.o(.text)
    I2C2_EV_IRQHandler                       0x0800015f   Thumb Code     0  startup_stm32f10x_hd.o(.text)
    PVD_IRQHandler                           0x0800015f   Thumb Code     0  startup_stm32f10x_hd.o(.text)
    RCC_IRQHandler                           0x0800015f   Thumb Code     0  startup_stm32f10x_hd.o(.text)
    RTCAlarm_IRQHandler                      0x0800015f   Thumb Code     0  startup_stm32f10x_hd.o(.text)
    RTC_IRQHandler                           0x0800015f   Thumb Code     0  startup_stm32f10x_hd.o(.text)
    SDIO_IRQHandler                          0x0800015f   Thumb Code     0  startup_stm32f10x_hd.o(.text)
    SPI1_IRQHandler                          0x0800015f   Thumb Code     0  startup_stm32f10x_hd.o(.text)
    SPI2_IRQHandler                          0x0800015f   Thumb Code     0  startup_stm32f10x_hd.o(.text)
    SPI3_IRQHandler                          0x0800015f   Thumb Code     0  startup_stm32f10x_hd.o(.text)
    TAMPER_IRQHandler                        0x0800015f   Thumb Code     0  startup_stm32f10x_hd.o(.text)
    TIM1_BRK_IRQHandler                      0x0800015f   Thumb Code     0  startup_stm32f10x_hd.o(.text)
    TIM1_CC_IRQHandler                       0x0800015f   Thumb Code     0  startup_stm32f10x_hd.o(.text)
    TIM1_TRG_COM_IRQHandler                  0x0800015f   Thumb Code     0  startup_stm32f10x_hd.o(.text)
    TIM1_UP_IRQHandler                       0x0800015f   Thumb Code     0  startup_stm32f10x_hd.o(.text)
    TIM2_IRQHandler                          0x0800015f   Thumb Code     0  startup_stm32f10x_hd.o(.text)
    TIM3_IRQHandler                          0x0800015f   Thumb Code     0  startup_stm32f10x_hd.o(.text)
    TIM4_IRQHandler                          0x0800015f   Thumb Code     0  startup_stm32f10x_hd.o(.text)
    TIM5_IRQHandler                          0x0800015f   Thumb Code     0  startup_stm32f10x_hd.o(.text)
    TIM6_IRQHandler                          0x0800015f   Thumb Code     0  startup_stm32f10x_hd.o(.text)
    TIM7_IRQHandler                          0x0800015f   Thumb Code     0  startup_stm32f10x_hd.o(.text)
    TIM8_BRK_IRQHandler                      0x0800015f   Thumb Code     0  startup_stm32f10x_hd.o(.text)
    TIM8_CC_IRQHandler                       0x0800015f   Thumb Code     0  startup_stm32f10x_hd.o(.text)
    TIM8_TRG_COM_IRQHandler                  0x0800015f   Thumb Code     0  startup_stm32f10x_hd.o(.text)
    TIM8_UP_IRQHandler                       0x0800015f   Thumb Code     0  startup_stm32f10x_hd.o(.text)
    UART4_IRQHandler                         0x0800015f   Thumb Code     0  startup_stm32f10x_hd.o(.text)
    UART5_IRQHandler                         0x0800015f   Thumb Code     0  startup_stm32f10x_hd.o(.text)
    USART1_IRQHandler                        0x0800015f   Thumb Code     0  startup_stm32f10x_hd.o(.text)
    USART2_IRQHandler                        0x0800015f   Thumb Code     0  startup_stm32f10x_hd.o(.text)
    USART3_IRQHandler                        0x0800015f   Thumb Code     0  startup_stm32f10x_hd.o(.text)
    USBWakeUp_IRQHandler                     0x0800015f   Thumb Code     0  startup_stm32f10x_hd.o(.text)
    USB_HP_CAN1_TX_IRQHandler                0x0800015f   Thumb Code     0  startup_stm32f10x_hd.o(.text)
    USB_LP_CAN1_RX0_IRQHandler               0x0800015f   Thumb Code     0  startup_stm32f10x_hd.o(.text)
    WWDG_IRQHandler                          0x0800015f   Thumb Code     0  startup_stm32f10x_hd.o(.text)
    __scatterload                            0x08000169   Thumb Code    28  init.o(.text)
    __scatterload_rt2                        0x08000169   Thumb Code     0  init.o(.text)
    AD9854_Init                              0x0800018d   Thumb Code   112  ad9854.o(i.AD9854_Init)
    AD9854_SetSine                           0x08000205   Thumb Code   106  ad9854.o(i.AD9854_SetSine)
    Delay_10us                               0x080002c1   Thumb Code    36  delay.o(i.Delay_10us)
    Delay_1ms                                0x080002e5   Thumb Code    36  delay.o(i.Delay_1ms)
    Delay_5ms                                0x08000309   Thumb Code    38  delay.o(i.Delay_5ms)
    GPIO_AD9854_Configuration                0x08000391   Thumb Code    64  ad9854.o(i.GPIO_AD9854_Configuration)
    GPIO_Init                                0x080003d9   Thumb Code   278  stm32f10x_gpio.o(i.GPIO_Init)
    GPIO_ResetBits                           0x080004ef   Thumb Code     4  stm32f10x_gpio.o(i.GPIO_ResetBits)
    GPIO_SetBits                             0x080004f3   Thumb Code     4  stm32f10x_gpio.o(i.GPIO_SetBits)
    RCC_APB2PeriphClockCmd                   0x080004f9   Thumb Code    26  stm32f10x_rcc.o(i.RCC_APB2PeriphClockCmd)
    SystemInit                               0x08000601   Thumb Code    78  system_stm32f10x.o(i.SystemInit)
    __scatterload_copy                       0x08000661   Thumb Code    14  handlers.o(i.__scatterload_copy)
    __scatterload_null                       0x0800066f   Thumb Code     2  handlers.o(i.__scatterload_null)
    __scatterload_zeroinit                   0x08000671   Thumb Code    14  handlers.o(i.__scatterload_zeroinit)
    main                                     0x08000681   Thumb Code    52  main.o(i.main)
    Region$$Table$$Base                      0x080006b8   Number         0  anon$$obj.o(Region$$Table)
    Region$$Table$$Limit                     0x080006d8   Number         0  anon$$obj.o(Region$$Table)
    FreqWord                                 0x20000000   Data           6  ad9854.o(.data)
    __initial_sp                             0x20000408   Data           0  startup_stm32f10x_hd.o(STACK)



==============================================================================

Memory Map of the image

  Image Entry point : 0x08000131

  Load Region LR_IROM1 (Base: 0x08000000, Size: 0x000006e0, Max: 0x00040000, ABSOLUTE)

    Execution Region ER_IROM1 (Exec base: 0x08000000, Load base: 0x08000000, Size: 0x000006d8, Max: 0x00040000, ABSOLUTE)

    Exec Addr    Load Addr    Size         Type   Attr      Idx    E Section Name        Object

    0x08000000   0x08000000   0x00000130   Data   RO          668    RESET               startup_stm32f10x_hd.o
    0x08000130   0x08000130   0x00000000   Code   RO          673  * .ARM.Collect$$$$00000000  mc_w.l(entry.o)
    0x08000130   0x08000130   0x00000004   Code   RO          678    .ARM.Collect$$$$00000001  mc_w.l(entry2.o)
    0x08000134   0x08000134   0x00000004   Code   RO          681    .ARM.Collect$$$$00000004  mc_w.l(entry5.o)
    0x08000138   0x08000138   0x00000000   Code   RO          683    .ARM.Collect$$$$00000008  mc_w.l(entry7b.o)
    0x08000138   0x08000138   0x00000000   Code   RO          685    .ARM.Collect$$$$0000000A  mc_w.l(entry8b.o)
    0x08000138   0x08000138   0x00000008   Code   RO          686    .ARM.Collect$$$$0000000B  mc_w.l(entry9a.o)
    0x08000140   0x08000140   0x00000000   Code   RO          688    .ARM.Collect$$$$0000000D  mc_w.l(entry10a.o)
    0x08000140   0x08000140   0x00000000   Code   RO          690    .ARM.Collect$$$$0000000F  mc_w.l(entry11a.o)
    0x08000140   0x08000140   0x00000004   Code   RO          679    .ARM.Collect$$$$00002712  mc_w.l(entry2.o)
    0x08000144   0x08000144   0x00000024   Code   RO          669    .text               startup_stm32f10x_hd.o
    0x08000168   0x08000168   0x00000024   Code   RO          694    .text               mc_w.l(init.o)
    0x0800018c   0x0800018c   0x00000078   Code   RO          233    i.AD9854_Init       ad9854.o
    0x08000204   0x08000204   0x00000074   Code   RO          234    i.AD9854_SetSine    ad9854.o
    0x08000278   0x08000278   0x00000048   Code   RO          235    i.AD9854_WR_Byte    ad9854.o
    0x080002c0   0x080002c0   0x00000024   Code   RO          162    i.Delay_10us        delay.o
    0x080002e4   0x080002e4   0x00000024   Code   RO          163    i.Delay_1ms         delay.o
    0x08000308   0x08000308   0x00000026   Code   RO          168    i.Delay_5ms         delay.o
    0x0800032e   0x0800032e   0x00000002   PAD
    0x08000330   0x08000330   0x00000060   Code   RO          236    i.Freq_convert      ad9854.o
    0x08000390   0x08000390   0x00000048   Code   RO          237    i.GPIO_AD9854_Configuration  ad9854.o
    0x080003d8   0x080003d8   0x00000116   Code   RO          313    i.GPIO_Init         stm32f10x_gpio.o
    0x080004ee   0x080004ee   0x00000004   Code   RO          320    i.GPIO_ResetBits    stm32f10x_gpio.o
    0x080004f2   0x080004f2   0x00000004   Code   RO          321    i.GPIO_SetBits      stm32f10x_gpio.o
    0x080004f6   0x080004f6   0x00000002   PAD
    0x080004f8   0x080004f8   0x00000020   Code   RO          425    i.RCC_APB2PeriphClockCmd  stm32f10x_rcc.o
    0x08000518   0x08000518   0x00000008   Code   RO          632    i.SetSysClock       system_stm32f10x.o
    0x08000520   0x08000520   0x000000e0   Code   RO          633    i.SetSysClockTo72   system_stm32f10x.o
    0x08000600   0x08000600   0x00000060   Code   RO          635    i.SystemInit        system_stm32f10x.o
    0x08000660   0x08000660   0x0000000e   Code   RO          702    i.__scatterload_copy  mc_w.l(handlers.o)
    0x0800066e   0x0800066e   0x00000002   Code   RO          703    i.__scatterload_null  mc_w.l(handlers.o)
    0x08000670   0x08000670   0x0000000e   Code   RO          704    i.__scatterload_zeroinit  mc_w.l(handlers.o)
    0x0800067e   0x0800067e   0x00000002   PAD
    0x08000680   0x08000680   0x00000038   Code   RO            1    i.main              main.o
    0x080006b8   0x080006b8   0x00000020   Data   RO          700    Region$$Table       anon$$obj.o


    Execution Region RW_IRAM1 (Exec base: 0x20000000, Load base: 0x080006d8, Size: 0x00000408, Max: 0x0000c000, ABSOLUTE)

    Exec Addr    Load Addr    Size         Type   Attr      Idx    E Section Name        Object

    0x20000000   0x080006d8   0x00000006   Data   RW          239    .data               ad9854.o
    0x20000006   0x080006de   0x00000002   PAD
    0x20000008        -       0x00000400   Zero   RW          666    STACK               startup_stm32f10x_hd.o


==============================================================================

Image component sizes


      Code (inc. data)   RO Data    RW Data    ZI Data      Debug   Object Name

       476         44          0          6          0       3419   ad9854.o
         0          0          0          0          0         32   core_cm3.o
       110          0          0          0          0       1417   delay.o
        56          4          0          0          0     216527   main.o
        36          8        304          0       1024        824   startup_stm32f10x_hd.o
       286          0          0          0          0       3080   stm32f10x_gpio.o
        32          6          0          0          0        581   stm32f10x_rcc.o
       328         28          0          0          0       2045   system_stm32f10x.o

    ----------------------------------------------------------------------
      1328         90        336          8       1024     227925   Object Totals
         0          0         32          0          0          0   (incl. Generated)
         4          0          0          2          0          0   (incl. Padding)

    ----------------------------------------------------------------------

      Code (inc. data)   RO Data    RW Data    ZI Data      Debug   Library Member Name

         0          0          0          0          0          0   entry.o
         0          0          0          0          0          0   entry10a.o
         0          0          0          0          0          0   entry11a.o
         8          4          0          0          0          0   entry2.o
         4          0          0          0          0          0   entry5.o
         0          0          0          0          0          0   entry7b.o
         0          0          0          0          0          0   entry8b.o
         8          4          0          0          0          0   entry9a.o
        30          0          0          0          0          0   handlers.o
        36          8          0          0          0         68   init.o

    ----------------------------------------------------------------------
        88         16          0          0          0         68   Library Totals
         2          0          0          0          0          0   (incl. Padding)

    ----------------------------------------------------------------------

      Code (inc. data)   RO Data    RW Data    ZI Data      Debug   Library Name

        86         16          0          0          0         68   mc_w.l

    ----------------------------------------------------------------------
        88         16          0          0          0         68   Library Totals

    ----------------------------------------------------------------------

==============================================================================


      Code (inc. data)   RO Data    RW Data    ZI Data      Debug   

      1416        106        336          8       1024     227417   Grand Totals
      1416        106        336          8       1024     227417   ELF Image Totals
      1416        106        336          8          0          0   ROM Totals

==============================================================================

    Total RO  Size (Code + RO Data)                 1752 (   1.71kB)
    Total RW  Size (RW Data + ZI Data)              1032 (   1.01kB)
    Total ROM Size (Code + RO Data + RW Data)       1760 (   1.72kB)

==============================================================================

