C51 COMPILER V9.05   MAIN                                                                  07/16/2018 20:16:57 PAGE 1   


C51 COMPILER V9.05, COMPILATION OF MODULE MAIN
OBJECT MODULE PLACED IN main.OBJ
COMPILER INVOKED BY: C:\Keil\C51\BIN\C51.EXE main.c BROWSE DEBUG OBJECTEXTEND TABS(2)

line level    source

   1          //-----------------------------------------------------------------
   2          // 程序描述:
   3          // 　　51_AD9854测试程序_V1.1
   4          // 作　　者: 凌智电子
   5          // 开始日期: 2017-06-1
   6          // 完成日期: 2017-06-5
   7          // 修改日期: 2017-06-5
   8          // 当前版本: V1.1
   9          // 历史版本:
  10          // 　- V1.0: 基本的AD9854并行控制输出，液晶显示功能
  11          // 　- V1.1：并行控制转串行控制
  12          // 调试工具: 51开发板、1602液晶屏
  13          // 说　　明: 
  14          //        (1) 调试使用的系统时钟频率Fsysclk=12MHz;
  15          //        (2) AD9854的数据传输方式:并行传输方式;
  16          //        (3) AD9854_IO与51开发板连接方式如30-39行代码提示连接
  17          //        (4) 本测试程序实现基本的AD9854控制输出，即1MHz正弦波输出。可通过修改51行代码(Fre值)修改输出频率
  18          //-----------------------------------------------------------------
  19          
  20          //-----------------------------------------------------------------
  21          // 头文件包含
  22          //-----------------------------------------------------------------
  23          #include <reg52.h>
  24          #include <init.h>
  25          #include <AD9854.h>
  26          //-----------------------------------------------------------------
  27          //               IO 连接说明
  28          //-----------------------------------------------------------------
  29          //    AD9854         |     51         
  30          // A0/SDIO           -->   P1^0       
  31          // A1/SDO            -->   P1^1     
  32          // A2/IORST          -->   P1^2     
  33          // RD                -->   P3^7
  34          // WR                -->   P3^6
  35          // UDCLK             -->   P3^5
  36          // RESET             -->   P3^4
  37          // S/P               -->   P3^0
  38          // OSK               -->   P3^1
  39          // FDSTA             -->   P3^2
  40          //-----------------------------------------------------------------
  41          
  42          void main()
  43          { 
  44   1          ulong fre;
  45   1          init();  
  46   1          LCD_Clear();//清屏
  47   1          LCD_Write_String(1, 0,"  AD9854 TEST!  ");
  48   1          LCD_Write_String(1, 1,"Fre:         Hz");
  49   1          AD9854_Init();
  50   1           
  51   1               fre = 1000000;
  52   1          if (fre > 99999999)
  53   1          {
  54   2            fre = 99999999;
  55   2          }
C51 COMPILER V9.05   MAIN                                                                  07/16/2018 20:16:57 PAGE 2   

  56   1          LCD_Write_String(6, 1,"1000000");
  57   1          AD9854_SetSine ( fre , 4095 );
  58   1          while(1)
  59   1          {;}
  60   1      
  61   1        
  62   1      }


MODULE INFORMATION:   STATIC OVERLAYABLE
   CODE SIZE        =    113    ----
   CONSTANT SIZE    =     41    ----
   XDATA SIZE       =   ----    ----
   PDATA SIZE       =   ----    ----
   DATA SIZE        =   ----       4
   IDATA SIZE       =   ----    ----
   BIT SIZE         =   ----    ----
END OF MODULE INFORMATION.


C51 COMPILATION COMPLETE.  0 WARNING(S),  0 ERROR(S)
